2019-10-24 15:41:48.159 5750-5796/? D/PackageManager: REQUEST_INSTALL_PACKAGES from the list: com.samsung.android.app.watchmanager :: true
2019-10-24 15:41:48.161 5750-5796/? D/PackageManager: REQUEST_INSTALL_PACKAGES from the list: com.android.nfc :: true
2019-10-24 15:41:48.161 5750-5796/? D/PackageManager: REQUEST_INSTALL_PACKAGES from the list: com.samsung.android.messaging :: true
2019-10-24 15:41:48.166 5750-5796/? D/PackageManager: REQUEST_INSTALL_PACKAGES from the list: com.samsung.android.app.simplesharing :: true
2019-10-24 15:41:48.172 5750-5796/? D/PackageManager: REQUEST_INSTALL_PACKAGES from the list: com.sec.android.app.myfiles :: true
2019-10-24 15:41:48.172 5750-5796/? D/PackageManager: REQUEST_INSTALL_PACKAGES from the list: com.samsung.android.allshare.service.fileshare :: true
2019-10-24 15:41:48.174 5750-5796/? D/PackageManager: REQUEST_INSTALL_PACKAGES from the list: com.sec.android.app.sbrowser :: true
2019-10-24 15:41:48.185 5750-5796/? D/PackageManager: REQUEST_INSTALL_PACKAGES from the list: com.android.bluetooth :: true
2019-10-24 15:41:48.186 5750-5796/? D/PackageManager: REQUEST_INSTALL_PACKAGES from the list: com.android.captiveportallogin :: true
2019-10-24 15:41:48.190 5750-5796/? W/EnterpriseLicenseService: updateAdminPermissions() :com.sec.android.app.shealth
2019-10-24 15:41:48.190 5750-5796/? I/PackageManager: setLicensePermissions 
2019-10-24 15:41:48.192 5750-5796/? I/PackageManager: setLicensePermissions : packageName = com.sec.android.app.shealth({com.amazon.mShop.android.shopping=Package{d38e7ba com.amazon.mShop.android.shopping}, com.samsung.android.provider.filterprovider=Package{bb1866b com.samsung.android.provider.filterprovider}, com.jiggdev.communismbutton=Package{4756199 com.jiggdev.communismbutton}, com.sec.android.inputmethod.beta=Package{3e9661 com.sec.android.inputmethod.beta}, com.sec.android.app.DataCreate=Package{c7dc586 com.sec.android.app.DataCreate}, com.android.cts.priv.ctsshim=Package{f601e47 com.android.cts.priv.ctsshim}, com.sec.android.widgetapp.samsungapps=Package{710b674 com.sec.android.widgetapp.samsungapps}, com.samsung.gpudriver.S10MaliG76_90=Package{b6d379d com.samsung.gpudriver.S10MaliG76_90}, com.samsung.android.smartswitchassistant=Package{4e0b412 com.samsung.android.smartswitchassistant}, com.sec.vsim.ericssonnsds.webapp=Package{27657e3 com.sec.vsim.ericssonnsds.webapp}, com.sec.android.app.setupwizardlegalprovider=Package{7bcc5e0 com.sec.android.app.setupwizardlegalprovider}, com.google.android.youtube=Package{2d7ad22 com.google.android.youtube}, com.samsung.android.app.galaxyfinder=Package{711ff5e com.samsung.android.app.galaxyfinder}, com.sec.location.nsflp2=Package{f2c8f3f com.sec.location.nsflp2}, com.samsung.android.themestore=Package{37191e8 com.samsung.android.themestore}, com.sec.android.app.chromecustomizations=Package{f2cbd55 com.sec.android.app.chromecustomizations}, com.samsung.android.app.aodservice=Package{c7ab36a com.samsung.android.app.aodservice}, com.samsung.android.app.cocktailbarservice=Package{e4e05b com.samsung.android.app.cocktailbarservice}, com.android.internal.display.cutout.emulation.corner=Package{f3170f8 com.android.internal.display.cutout.emulation.corner}, com.google.android.ext.services=Package{48d9d1 com.google.android.ext.services}, com.sec.android.app.suwscriptplayer=Package{a089c36 com.sec.android.app.suwscriptplayer}, org.adblockplus.adblockplussbrowser=Package{d072737 org.adblockplus.adblockplussbrowser}, com.spellsdd5=Package{588a4a4 com.spellsdd5}, com.android.internal.display.cutout.emulation.double=Package{830420d com.android.internal.display.cutout.emulation.double}, com.microsoft.appmanager=Package{4515394 com.microsoft.appmanager}, com.samsung.android.beyond.p00.wallpapermulti=Package{d9cffd3 com.samsung.android.beyond.p00.wallpapermulti}, com.android.providers.telephony=Package{1fd6710 com.android.providers.telephony}, com.sec.android.app.ve.vebgm=Package{4abf209 com.sec.android.app.ve.vebgm}, com.sec.android.app.parser=Package{ceafc0e com.sec.android.app.parser}, br.com.cuponeria=Package{9adc62f br.com.cuponeria}, com.google.android.googlequicksearchbox=Package{4a1c7f7 com.google.android.googlequicksearchbox}, com.samsung.android.calendar=Package{d18a5c5 com.samsung.android.calendar}, com.samsung.android.timezone.updater=Package{15ecb1a com.samsung.android.timezone.updater}, com.android.providers.calendar=Package{75a964b com.android.providers.calendar}, com.alibaba.aliexpresshd=Package{1a1bd26 com.alibaba.aliexpresshd}, com.utorrent.client=Package{45f0828 com.utorrent.client}, com.osp.app.signin=Package{7e2d941 com.osp.app.signin}, com.samsung.android.aremoji=Package{30e7ee6 com.samsung.android.aremoji}, com.samsung.clipboardsaveservice=Package{3ba4c27 com.samsung.clipboardsaveservice}, com.sec.automation=Package{6b07ed4 com.sec.automation}, org.telegram.messenger=Package{2faee30 org.telegram.messenger}, com.android.providers.media=Package{8b3a372 com.android.providers.media}, com.samsung.android.app.social=Package{c7583c3 com.samsung.android.app.social}, com.google.android.apps.docs.editors.docs=Package{3ad1820 com.google.android.apps.docs.editors.docs}, com.google.android.onetimeinitializer=Package{8b86f79 com.google.android.onetimeinitializer}, com.sec.android.mimage.gear360editor=Package{91484be com.sec.android.mimage.gear360editor}, com.google.android.ext.shared=Package{722991f com.google.android.ext.shared}, com.ichi2.anki=Package{f9b288d com.ichi2.anki}, com.samsung.a
2019-10-24 15:41:48.201 5750-5796/? D/EnterpriseLicenseService: getPermissions() may new namespace 
2019-10-24 15:41:48.201 5750-5796/? D/EnterpriseLicenseService: getPermissions() - deserializeObject
2019-10-24 15:41:48.346 5750-5796/? D/PackageSettings: disable cmp: com.samsung.android.knox.containeragent.switcher.SwitchToKioskin pkg: com.samsung.android.knox.containeragent, userId: 150
2019-10-24 15:41:48.346 5750-5796/? D/PackageSettings: disable cmp: com.samsung.android.knox.containeragent.switcher.SwitchToKnoxIconIIIin pkg: com.samsung.android.knox.containeragent, userId: 150
2019-10-24 15:41:48.347 5750-5796/? D/PackageSettings: disable cmp: com.samsung.android.knox.containeragent.switcher.SwitchToKnoxIconIIin pkg: com.samsung.android.knox.containeragent, userId: 150
2019-10-24 15:41:48.347 5750-5796/? D/PackageSettings: disable cmp: com.samsung.android.knox.containeragent.switcher.SwitchToKnoxIconIin pkg: com.samsung.android.knox.containeragent, userId: 150
2019-10-24 15:41:48.352 5750-5796/? D/PackageSettings: disable cmp: com.samsung.knox.securefolder.switcher.SecureFolderShortcutActivityin pkg: com.samsung.knox.securefolder, userId: 150
2019-10-24 15:41:48.352 5750-5796/? D/PackageSettings: disable cmp: com.samsung.knox.securefolder.switcher.SwitchSfActivityin pkg: com.samsung.knox.securefolder, userId: 150
2019-10-24 15:41:48.352 5750-5796/? D/PackageSettings: disable cmp: com.samsung.knox.securefolder.util.logging.WorkerServicein pkg: com.samsung.knox.securefolder, userId: 150
2019-10-24 15:41:48.352 5750-5796/? D/PackageSettings: disable cmp: com.samsung.knox.securefolder.provider.DebugServicein pkg: com.samsung.knox.securefolder, userId: 150
2019-10-24 15:41:48.352 5750-5796/? D/PackageSettings: disable cmp: com.samsung.knox.securefolder.setupwizard.SecureFolderCreationServicein pkg: com.samsung.knox.securefolder, userId: 150
2019-10-24 15:41:48.352 5750-5796/? D/PackageSettings: disable cmp: com.samsung.knox.securefolder.setupwizard.InstallationReminderin pkg: com.samsung.knox.securefolder, userId: 150
2019-10-24 15:41:48.375 5750-5796/? D/PackageSettings: disable cmp: com.android.settings.Settings$WifiApSettingsActivityin pkg: com.android.settings, userId: 150
2019-10-24 15:41:48.388 6083-6303/? D/ContactsProvider_EventLog: contents_sample_state: [CONTACT contacts(0) data(0) accounts({}) accounts deleted({}) calls([]) countryIso(BR) userId(150)  ]
    contents_sample_state: [ agr({})  ]
    contents_sample_state: [ actCnt({})  ]
    contents_sample_state: [PROFILE contacts(0) data(0) accounts({})  ] [SAPROFILE contacts(0) data(0) accounts({})  ]
    contents_sample_state: [STORAGE Contacts(CE) Profile(CE) SAProfile(CE) CallLog(CE)  ]
2019-10-24 15:41:48.511 5750-10273/? I/HarmonyEASService: Updating for all 2
2019-10-24 15:41:48.512 5750-5796/? D/PackageSettings: disable cmp: com.samsung.android.knox.containeragent.switcher.SwitchToKioskin pkg: com.samsung.android.knox.containeragent, userId: 150
2019-10-24 15:41:48.512 5750-5796/? D/PackageSettings: disable cmp: com.samsung.android.knox.containeragent.switcher.SwitchToKnoxIconIIIin pkg: com.samsung.android.knox.containeragent, userId: 150
2019-10-24 15:41:48.512 5750-5796/? D/PackageSettings: disable cmp: com.samsung.android.knox.containeragent.switcher.SwitchToKnoxIconIIin pkg: com.samsung.android.knox.containeragent, userId: 150
2019-10-24 15:41:48.512 5750-5796/? D/PackageSettings: disable cmp: com.samsung.android.knox.containeragent.switcher.SwitchToKnoxIconIin pkg: com.samsung.android.knox.containeragent, userId: 150
2019-10-24 15:41:48.517 5750-5796/? D/PackageSettings: disable cmp: com.samsung.knox.securefolder.switcher.SecureFolderShortcutActivityin pkg: com.samsung.knox.securefolder, userId: 150
2019-10-24 15:41:48.517 5750-5796/? D/PackageSettings: disable cmp: com.samsung.knox.securefolder.switcher.SwitchSfActivityin pkg: com.samsung.knox.securefolder, userId: 150
2019-10-24 15:41:48.517 5750-5796/? D/PackageSettings: disable cmp: com.samsung.knox.securefolder.util.logging.WorkerServicein pkg: com.samsung.knox.securefolder, userId: 150
2019-10-24 15:41:48.517 5750-5796/? D/PackageSettings: disable cmp: com.samsung.knox.securefolder.provider.DebugServicein pkg: com.samsung.knox.securefolder, userId: 150
2019-10-24 15:41:48.517 5750-5796/? D/PackageSettings: disable cmp: com.samsung.knox.securefolder.setupwizard.SecureFolderCreationServicein pkg: com.samsung.knox.securefolder, userId: 150
2019-10-24 15:41:48.517 5750-5796/? D/PackageSettings: disable cmp: com.samsung.knox.securefolder.setupwizard.InstallationReminderin pkg: com.samsung.knox.securefolder, userId: 150
2019-10-24 15:41:48.548 5750-5796/? D/PackageSettings: disable cmp: com.android.settings.Settings$WifiApSettingsActivityin pkg: com.android.settings, userId: 150
2019-10-24 15:41:48.576 5750-5948/? I/WifiVendorHal: getWifiLinkLayerStats(l.2972) before calling iface.getLinkLayerStats
2019-10-24 15:41:48.577 5750-5796/? I/PackageManager: enforceEDMPermissionLI
2019-10-24 15:41:48.578 5247-5247/? I/android.hardware.wifi@1.0-service: enter getLinkLayerStats
2019-10-24 15:41:48.578 5247-5247/? I/android.hardware.wifi@1.0-service: enter getLinkLayerStatsInternal
2019-10-24 15:41:48.581 5750-5947/? D/WifiTrafficPoller: TrafficStats TxPkts=10478989 RxPkts=14082984 TxBytes=2660182025 RxBytes=17418434258 , Foreground uid=10110 pkgName=com.sec.android.app.launcher TxPackets=-1 RxPackets=-1 TxBytes=-1 RxBytes=-1
2019-10-24 15:41:48.597 5750-5947/? D/WifiPermissionsUtil: canAccessScanResults: pkgName = android, uid = 1000
2019-10-24 15:41:48.615 5247-5247/? I/android.hardware.wifi@1.0-service: Successfully getLinkLayerStats.
2019-10-24 15:41:48.615 5750-5948/? I/WifiVendorHal: getWifiLinkLayerStats(l.2972) after calling iface.getLinkLayerStats
2019-10-24 15:41:48.618 5355-15721/? E/cutils: Failed to open(/data/misc/profiles/cur/150/com.example.hangger/primary.prof): No such file or directory
2019-10-24 15:41:48.618 5355-15721/? E/installed: Failed to prepare /data/misc/profiles/cur/150/com.example.hangger/primary.prof: No such file or directory
2019-10-24 15:41:48.618 5750-5796/? E/ArtManagerService: Failed to prepare profile for com.example.hangger:/data/app/com.example.hangger-AgbOJS7OpGQ240Hp-5W8nw==/base.apk
2019-10-24 15:41:48.622 5750-5796/? V/BackupManagerService: restoreAtInstall pkg=com.example.hangger token=c2 restoreSet=0
2019-10-24 15:41:48.625 5750-5796/? V/BackupManagerService: Finishing install immediately
2019-10-24 15:41:48.633 6156-6156/? D/HidDeviceService: handleMessage(): msg.what=8
2019-10-24 15:41:48.633 6156-6156/? D/HidDeviceService: unregisterAppUid(): uid=10024
2019-10-24 15:41:48.633 6156-6156/? D/HidDeviceService: unregisterAppUid(): caller UID doesn't match user UID
2019-10-24 15:41:48.636 5750-5796/? D/PackageManager: result of install: 1{74666864}
2019-10-24 15:41:48.636 5355-15721/? E/installd: Failed to delete /data/app/vmdl2014775582.tmp: No such file or directory
2019-10-24 15:41:48.659 5750-5750/? D/UpdateReceiver:: Action: android.intent.action.PACKAGE_ADDED
2019-10-24 15:41:48.659 5750-5866/? D/[a11y]: getUserAccounts0
2019-10-24 15:41:48.664 5750-5866/? I/chatty: uid=1000(system) AccountManagerS identical 3 lines
2019-10-24 15:41:48.664 5750-5866/? D/[a11y]: getUserAccounts0
2019-10-24 15:41:48.665 5750-10279/? D/KnoxMUMContainerPolicy: mPackageReceiver : action - android.intent.action.PACKAGE_ADDED
2019-10-24 15:41:48.668 5750-5866/? D/[a11y]: getUserAccounts0
2019-10-24 15:41:48.671 5750-5866/? I/chatty: uid=1000(system) AccountManagerS identical 6 lines
2019-10-24 15:41:48.671 5750-5866/? D/[a11y]: getUserAccounts0
2019-10-24 15:41:48.672 6499-6549/? D/EventHandler_FLP: PACKAGE_ADDED
2019-10-24 15:41:48.672 6499-6549/? D/PackageInfoManager_FLP: action : ACTION_PACKAGE_ADDED, packageName = com.example.hangger
2019-10-24 15:41:48.672 6203-6203/? D/KeyguardUpdateMonitor: received broadcast android.intent.action.PACKAGE_ADDED
2019-10-24 15:41:48.673 6156-6156/? V/NewAvrcpMediaPlayerList: mPackageChangedBroadcastReceiver: action: android.intent.action.PACKAGE_ADDED
2019-10-24 15:41:48.674 8218-8218/? D/AudioPlaybackControlManager: Intent received is : android.intent.action.PACKAGE_ADDED
2019-10-24 15:41:48.674 11923-11923/? D/BeaconManager[9.0.24.0]: BeaconService.PackageReceiver - action:android.intent.action.PACKAGE_ADDED, package:com.example.hangger
2019-10-24 15:41:48.675 6203-6203/? D/MetaDataParser: updatePackage() com.example.hangger true
2019-10-24 15:41:48.675 12341-12341/? I/AppsEdge.Panel: onReceive android.intent.action.PACKAGE_ADDED
2019-10-24 15:41:48.675 6203-6203/? D/MetaDataParser: removePackage() key = com.example.hangger
2019-10-24 15:41:48.677 13697-13697/? I/SAMSUNGPAY: [Hint_bhn] PackageChangedReceiver action = android.intent.action.PACKAGE_ADDED
2019-10-24 15:41:48.677 5750-5866/? D/[a11y]: getUserAccounts0
2019-10-24 15:41:48.677 13697-13697/? I/SAMSUNGPAY: [Hint_bhn] ensureHomePackagesLoaded - already update, isHomePackageEmpty : false, isKnoxRunning : false
2019-10-24 15:41:48.677 5750-5866/? D/[a11y]: getUserAccounts0
2019-10-24 15:41:48.678 6761-6761/? D/RoutingNotificationHelper: set : ((6761) true , false)
2019-10-24 15:41:48.678 6761-6761/? D/RegisteredServicesCache: invalidateCache
2019-10-24 15:41:48.678 21947-21978/? I/SystemBroadcastReceiver: [#CMH#] Received broadcast 
2019-10-24 15:41:48.679 18917-19032/? D/RunestoneLogGenerator: generate AppInstallationLog
2019-10-24 15:41:48.679 8156-8156/? I/EnterpriseEditionEmail: action=android.intent.action.PACKAGE_ADDED, dataString=package:com.example.hangger
2019-10-24 15:41:48.680 10107-10107/? I/Finsky: [2] pzq.a(7): PackageMonitor received: android.intent.action.PACKAGE_ADDED
2019-10-24 15:41:48.680 10107-10107/? I/Finsky: [2] qas.d(11): Invalidating cached PackageState for com.example.hangger
2019-10-24 15:41:48.682 9993-10278/? D/DeviceData: buildFlatBuffer - building flatbuffer 
2019-10-24 15:41:48.682 9993-10278/? D/DeviceData: buildFlatBuffer composed: ms = 0bufflen = 1552
2019-10-24 15:41:48.682 9993-10361/? I/1_0_0.25_MPSD_UMD_CHOREOGRAPHER: getInstance
2019-10-24 15:41:48.684 6761-6761/? I/NfcKnoxUtil: isNFCAllowed is called for userId - 150
2019-10-24 15:41:48.685 5750-8038/? D/StorageManagerService: getExternalStorageMountMode : 3
2019-10-24 15:41:48.685 5750-8038/? D/StorageManagerService: getExternalStorageMountMode : 3
2019-10-24 15:41:48.685 5750-8038/? D/StorageManagerService: getExternalStorageMountMode : final mountMode=3, uid : 1000, packageName : com.samsung.aasaservice
2019-10-24 15:41:48.685 10107-10107/? I/Finsky: [2] zou.a(10): Do not start WearSupportService due to Wear service optimization
2019-10-24 15:41:48.685 5750-8038/? I/ApplicationPolicy: isApplicationExternalStorageWhitelisted:com.samsung.aasaservice user:0
2019-10-24 15:41:48.685 5750-8038/? D/ApplicationPolicy: isApplicationExternalStorageWhitelisted: DO is not enabled on user 0. Allowed.
2019-10-24 15:41:48.685 5750-8038/? D/ActivityManager: package  com.samsung.aasaservice, user - 0 is SDcard whitelisted
2019-10-24 15:41:48.685 5750-8038/? I/ApplicationPolicy: isApplicationExternalStorageBlacklisted:com.samsung.aasaservice user:0
2019-10-24 15:41:48.685 5750-8038/? D/ApplicationPolicy: isApplicationExternalStorageBlacklisted: DO is not enabled on user 0. Allowed.
2019-10-24 15:41:48.685 5750-8038/? I/ApplicationPolicy: isApplicationExternalStorageBlacklisted:com.samsung.aasaservice user:0
2019-10-24 15:41:48.685 5750-8038/? D/ApplicationPolicy: isApplicationExternalStorageBlacklisted: DO is not enabled on user 0. Allowed.
2019-10-24 15:41:48.686 21947-21978/? I/ControllerEventHandler: [#CMH#] onPackageAdded  null
2019-10-24 15:41:48.686 21947-21978/? I/SystemBroadcastReceiver: [#CMH#] onReceive completed 
2019-10-24 15:41:48.686 6761-6761/? D/NfcKnoxUtil: NFC checking for 150
2019-10-24 15:41:48.687 5750-6264/? D/GameManagerService: identifyGamePackage. com.example.hangger, mCurrentUserId: 0, callerUserId: 0
2019-10-24 15:41:48.687 5750-6264/? D/GamePkgDataHelper: getGamePkgData(). com.example.hangger
2019-10-24 15:41:48.688 10107-10107/? I/Finsky: [2] zou.a(10): Do not start WearSupportService due to Wear service optimization
2019-10-24 15:41:48.689 6761-6761/? I/ContainerConfigurationPolicy: Bluetooth And NFC caller permission check
2019-10-24 15:41:48.689 6761-6761/? D/ContainerConfigurationPolicy: current version : KNOX_ENTERPRISE_SDK_VERSION_3_3, Required version : KNOX_ENTERPRISE_SDK_VERSION_2_4
2019-10-24 15:41:48.693 9993-10361/? I/1_0_0.25_MPSD_UMD_CHOREOGRAPHER: triggerEventInModels 132 EVENT:[14]
2019-10-24 15:41:48.693 9993-10361/? I/1_0_0.25_MPSD_IAD_MANAGER: update EVENT:[14]
2019-10-24 15:41:48.695 5750-5866/? D/[a11y]: getUserAccounts0
2019-10-24 15:41:48.696 5750-5866/? I/chatty: uid=1000(system) AccountManagerS identical 3 lines
2019-10-24 15:41:48.697 5750-5866/? D/[a11y]: getUserAccounts0
2019-10-24 15:41:48.697 5750-6756/? D/[a11y]: getUserAccounts0
2019-10-24 15:41:48.698 6761-6761/? D/NfcKnoxUtil: NFC enabled ? true
2019-10-24 15:41:48.698 5750-5866/? D/[a11y]: getUserAccounts0
2019-10-24 15:41:48.698 6761-6761/? I/NfcKnoxUtil: allow NFC for 150
2019-10-24 15:41:48.699 5750-5866/? D/[a11y]: getUserAccounts0
2019-10-24 15:41:48.699 5750-5866/? D/[a11y]: getUserAccounts0
2019-10-24 15:41:48.699 5750-6124/? D/WifiPermissionsUtil: canAccessScanResults: pkgName = android, uid = 1000
2019-10-24 15:41:48.700 10107-10107/? I/Finsky: [2] uah.a(1): Clearing split related stale data.
2019-10-24 15:41:48.700 5750-5866/? D/[a11y]: getUserAccounts0
2019-10-24 15:41:48.703 5750-5866/? I/chatty: uid=1000(system) AccountManagerS identical 4 lines
2019-10-24 15:41:48.703 5750-5866/? D/[a11y]: getUserAccounts0
2019-10-24 15:41:48.707 6761-6761/? D/ApduServiceInfo: seId: 0
2019-10-24 15:41:48.708 5750-8051/? D/SecContentProvider: query(), uri = 30 selection = isLocalContactStorageAllowed
2019-10-24 15:41:48.708 5750-8051/? D/SecContentProvider: called from android.uid.shared:10018
2019-10-24 15:41:48.709 5750-8051/? D/RestrictionPolicy: isLocalContactStorageAllowed
2019-10-24 15:41:48.709 5750-8051/? D/RestrictionPolicy: isLocalContactStorageAllowed(0) : true
2019-10-24 15:41:48.709 5750-5866/? D/[a11y]: getUserAccounts0
2019-10-24 15:41:48.711 5750-5866/? I/chatty: uid=1000(system) AccountManagerS identical 5 lines
2019-10-24 15:41:48.712 5750-5866/? D/[a11y]: getUserAccounts0
2019-10-24 15:41:48.712 10107-10287/? I/Finsky: [34205] mrw.run(2): Cleaning dev-triggered-update data on package install for com.example.hangger.
2019-10-24 15:41:48.712 5750-5866/? D/[a11y]: getUserAccounts0
2019-10-24 15:41:48.712 5750-5866/? I/chatty: uid=1000(system) AccountManagerS identical 2 lines
2019-10-24 15:41:48.713 5750-5866/? D/[a11y]: getUserAccounts0
2019-10-24 15:41:48.713 6761-6761/? D/ApduServiceInfo: seId: 0
2019-10-24 15:41:48.714 5750-5866/? D/[a11y]: getUserAccounts0
2019-10-24 15:41:48.714 5750-5866/? D/[a11y]: getUserAccounts0
2019-10-24 15:41:48.715 6761-6761/? D/ApduServiceInfo: seId: 0
2019-10-24 15:41:48.716 5750-5866/? D/[a11y]: getUserAccounts0
2019-10-24 15:41:48.716 5750-5866/? D/[a11y]: getUserAccounts0
2019-10-24 15:41:48.717 6761-6761/? D/ApduServiceInfo: seId: 0
2019-10-24 15:41:48.718 5750-8446/? W/ActivityManager: Permission Denial: Accessing service ComponentInfo{com.google.android.music/com.google.android.music.dial.DialMediaRouteProviderService} from pid=20676, uid=10043 that is not exported from uid 10210
2019-10-24 15:41:48.718 6761-6761/? D/ApduServiceInfo: No com.gsma.services.nfc.extensions meta-data
2019-10-24 15:41:48.718 6761-6761/? D/ApduServiceInfo: seId: 1
2019-10-24 15:41:48.718 6761-6761/? D/RegisteredOtherServicesCache: invalidate
2019-10-24 15:41:48.721 6151-6151/? D/CarrierConfigLoader: mHandler: 9 phoneId: 0
2019-10-24 15:41:48.726 6761-6761/? D/RegisteredNfcFServicesCache: Service unchanged, not updating
2019-10-24 15:41:48.726 6151-6151/? D/ImsResolver: maybeAddedImsService, packageName: com.example.hangger
2019-10-24 15:41:48.726 5074-5074/? W/keymaster_tee: [WRN]start nwd_get_key_characteristics
2019-10-24 15:41:48.727 10293-10293/? E/Zygote: isWhitelistProcess - Process is Whitelisted
2019-10-24 15:41:48.728 10293-10293/? E/Zygote: accessInfo : 1
2019-10-24 15:41:48.729 5074-5074/? W/keymaster_tee: [WRN]ret OK PARAMS: A32 P0 P1 B2 P64 AR1 S256 2019.05.29,17:28:46.727 
2019-10-24 15:41:48.729 6761-6761/? D/RegisteredComponentCache: Collect Tech packages for Knox
2019-10-24 15:41:48.730 5750-8038/? D/PersonaManagerService: Settings.Secure.SECURE_FOLDER_IMAGE_NAME : null
2019-10-24 15:41:48.731 6761-6761/? I/NfcKnoxUtil: isNFCAllowed is called for userId - 150
2019-10-24 15:41:48.731 6761-6761/? D/NfcKnoxUtil: NFC checking for 150
2019-10-24 15:41:48.732 6151-6151/? D/CarrierSvcBindHelper: No carrier app for: 0
2019-10-24 15:41:48.734 5074-5074/? W/keymaster_tee: [WRN]start nwd_get_key_characteristics
2019-10-24 15:41:48.735 5074-5074/? W/keymaster_tee: [WRN]ret OK PARAMS: A32 P0 P1 B2 P64 AR1 S256 2019.05.29,17:28:46.727 
2019-10-24 15:41:48.735 6761-6761/? I/ContainerConfigurationPolicy: Bluetooth And NFC caller permission check
2019-10-24 15:41:48.735 6761-6761/? D/ContainerConfigurationPolicy: current version : KNOX_ENTERPRISE_SDK_VERSION_3_3, Required version : KNOX_ENTERPRISE_SDK_VERSION_2_4
2019-10-24 15:41:48.735 6151-6151/? E/Telephony: PhoneInterfaceManager: [PhoneIntfMgr] getCarrierPackageNamesForIntent: No UICC
2019-10-24 15:41:48.735 6151-6151/? D/CarrierSvcBindHelper: No carrier app for: 1
2019-10-24 15:41:48.736 5074-5074/? W/keymaster_tee: [WRN]begin req PARAMS: A32 B2 P64 
2019-10-24 15:41:48.736 5750-5775/? I/ActivityManager: Start proc 10293:com.samsung.aasaservice/1000 for broadcast com.samsung.aasaservice/.AASAUpdateReceiver
2019-10-24 15:41:48.736 10107-10107/? I/Finsky: [2] pqq.c(2): Frosting ID looked up on UI thread. Caller should move to a background thread.
2019-10-24 15:41:48.737 6151-6151/? I/VVM.VvmPkgInstalledRcvr: onReceive() : action android.intent.action.PACKAGE_ADDED packageName :com.example.hangger
2019-10-24 15:41:48.739 8588-10303/? I/AppsEdge.Service: addItem
2019-10-24 15:41:48.741 6761-6761/? D/NfcKnoxUtil: NFC enabled ? true
2019-10-24 15:41:48.741 6761-6761/? I/NfcKnoxUtil: allow NFC for 150
2019-10-24 15:41:48.741 6761-6761/? D/RegisteredComponentCache: Collecting NFC Tech components for Knox 150
2019-10-24 15:41:48.743 5361-5361/? I/KeystoreOperation: Block api uploadOpAsProto, wasSuccessful : 1
2019-10-24 15:41:48.744 5750-6816/? I/Telecom:SamsungTelecomServiceImpl: getCallCapablePhoneAccounts - includeDisabledAccounts : false / callingPackage : com.android.phone
2019-10-24 15:41:48.744 5361-5361/? W/keystore: ENTER remove operation from uid 5010
2019-10-24 15:41:48.745 10293-10293/? E/ung.aasaservic: Not starting debugger since process cannot load the jdwp agent.
2019-10-24 15:41:48.747 8588-10303/? I/AppsEdge.Data: getSelectedItems
2019-10-24 15:41:48.751 5750-6816/? D/PersonaManagerService: Settings.Secure.SECURE_FOLDER_NAME : null
2019-10-24 15:41:48.753 10107-10302/? I/Finsky: [34209] mry.run(2): Finished dev-triggered-update cleaning.
2019-10-24 15:41:48.753 6151-6151/? D/Telephony: PhoneUtils: getPhoneFromIccId - iccId: 189***************020
2019-10-24 15:41:48.754 6151-6151/? I/Telephony:SamsungPhoneUtils: getFullIccSerialNumberSubId, subId: 1, phoneId: 0
2019-10-24 15:41:48.754 6151-6151/? I/Telephony:SamsungPhoneUtils: getFullIccSerialNumberSubId, iccSerialNumber: 895**************020 / phoneIccId : 189***************020
2019-10-24 15:41:48.754 6151-6151/? D/Telephony: PhoneUtils: getPhoneFromIccId - phoneIccId: 189***************020, subId: 1
2019-10-24 15:41:48.754 5750-6756/? D/[a11y]: getUserAccounts0
2019-10-24 15:41:48.758 5074-5074/? W/keymaster_tee: [WRN]start nwd_get_key_characteristics
2019-10-24 15:41:48.760 5074-5074/? W/keymaster_tee: [WRN]ret OK PARAMS: A32 P0 P1 B2 P64 AR1 S256 2019.05.29,17:28:46.727 
2019-10-24 15:41:48.761 8588-10303/? I/AppsEdge.Data: count=10
2019-10-24 15:41:48.761 8588-10303/? I/AppsEdge.Data: type=0 pos=9 id=13
2019-10-24 15:41:48.761 5750-6816/? D/PersonaManagerService: securefolder Pasta Segura
2019-10-24 15:41:48.763 5074-5074/? W/keymaster_tee: [WRN]start nwd_get_key_characteristics
2019-10-24 15:41:48.765 5074-5074/? W/keymaster_tee: [WRN]ret OK PARAMS: A32 P0 P1 B2 P64 AR1 S256 2019.05.29,17:28:46.727 
2019-10-24 15:41:48.768 5750-8072/? I/ActivityManager: START u0 {act=android.intent.action.MAIN typ=null flg=0x10000000 cmp=ComponentInfo{com.example.hangger/com.example.hangger.SignInActivity}} from uid 2000
2019-10-24 15:41:48.768 5750-8072/? E/ActivityManager: getPackageFromAppProcesses, return null :10289
2019-10-24 15:41:48.768 5074-5074/? W/keymaster_tee: [WRN]begin req PARAMS: A32 B2 P64 
2019-10-24 15:41:48.772 18425-10317/? W/GCM: Unexpected forwarded intent: Intent { act=android.intent.action.PACKAGE_ADDED dat=package:com.example.hangger flg=0x4000010 cmp=com.google.android.gms/.chimera.PersistentIntentOperationService (has extras) }
2019-10-24 15:41:48.773 10107-10107/? I/Finsky: [2] pmg.a(12): notification count changed for account [[6RV6jtfyo76paAV3fySqHH_DtAUNmgOIP6_-saPKY5M]]: old=[0], new=[1], notifications=[[vjmJI5gRGZTglJQ4OesZRgda8uRYI4d9j9dcItq5fPg]]
2019-10-24 15:41:48.773 10107-10107/? I/Finsky: [2] ynn.h(6): Verification complete: id=193, package_name=com.example.hangger
2019-10-24 15:41:48.773 5361-5361/? I/KeystoreOperation: Block api uploadOpAsProto, wasSuccessful : 1
2019-10-24 15:41:48.775 5361-5361/? W/keystore: ENTER remove operation from uid 5010
2019-10-24 15:41:48.778 5750-5759/? I/system_server: Background concurrent copying GC freed 495043(22MB) AllocSpace objects, 24(1156KB) LOS objects, 17% free, 116MB/140MB, paused 422us total 248.314ms
2019-10-24 15:41:48.788 5750-6756/? D/PersonaManagerService: Settings.Secure.SECURE_FOLDER_IMAGE_NAME : null
2019-10-24 15:41:48.788 5750-5922/? D/InputReader: externalDisplayId 0 W 1080 H 2280
2019-10-24 15:41:48.788 5750-5922/? I/InputReader: Reconfiguring input devices.  changes=0x00000010
2019-10-24 15:41:48.789 18917-10319/? D/SamsungAnalytics_Runestone: [Log Sender] insertRunestoneLog
2019-10-24 15:41:48.789 10107-10144/? I/System.out: (HTTPLog)-Static: isSBSettingEnabled false
2019-10-24 15:41:48.789 10107-10144/? I/System.out: (HTTPLog)-Static: isSBSettingEnabled false
2019-10-24 15:41:48.801 5750-6756/? D/PersonaManagerService: Settings.Secure.SECURE_FOLDER_NAME : null
2019-10-24 15:41:48.801 5750-8072/? D/CustomFrequencyManagerService: acquireDVFSLockLocked : type : DVFS_MIN_LIMIT  frequency : 2530000  uid : 1000  pid : 5750  pkgName : AMS_APP_SWITCH@CPU_MIN@49
2019-10-24 15:41:48.803 5750-8072/? D/ActivityManagerPerformance: AMP_acquire() APP_SWITCH
2019-10-24 15:41:48.803 5750-8072/? I/ActivityManager: [IOP] sourceDir : /data/app/com.example.hangger-AgbOJS7OpGQ240Hp-5W8nw== in ActivityStacksupervisor
2019-10-24 15:41:48.805 5265-5265/? I/SurfaceFlinger: id=113952 createSurf (6080x6080),2 flag=4, Stack=2331#0
2019-10-24 15:41:48.807 5265-5265/? I/SurfaceFlinger: id=113953 createSurf (6080x6080),-1 flag=20004, animation background stackId=2331#0
2019-10-24 15:41:48.809 5265-5265/? I/SurfaceFlinger: id=113954 createSurf (6080x6080),2 flag=4, Task=1749#0
2019-10-24 15:41:48.809 5750-6756/? D/PersonaManagerService: securefolder Pasta Segura
2019-10-24 15:41:48.812 5265-5265/? I/SurfaceFlinger: id=113955 createSurf (6080x6080),2 flag=4, AppWindowToken{9b0f24a token=Token{12b2bb5 ActivityRecord{f6c0bec u0 com.example.hangger/.SignInActivity t1749}}}#0
2019-10-24 15:41:48.813 5750-8072/? D/ActivityManager: [PIP] Update supportsEnterPipOnTaskSwitch(startActivityLocked
2019-10-24 15:41:48.814 10107-10300/? I/Finsky: [34208] pqm.run(16): Wrote row to frosting DB: 6032
2019-10-24 15:41:48.814 2364-21700/? I/LaunchAppConditionImpl: notePauseComponent : com.sec.android.app.launcher
2019-10-24 15:41:48.814 4901-4901/? V/Launcher: Launcher.onPause()
2019-10-24 15:41:48.814 4901-4901/? D/PageOverlayMover: updateActivityLifecycleState : 3
2019-10-24 15:41:48.815 4901-4901/? D/HotwordClientUtils: setHotWordDetection : call requestHotWordDetection false
2019-10-24 15:41:48.815 8838-8874/? I/WorkerManager: Releasing worker: [sharedmicrodetection]/[17]/[com.google.android.apps.gsa.staticplugins.microdetection.aj]
2019-10-24 15:41:48.815 8838-8874/? I/WorkerManager: Releasing worker: [sharedmicrodetection]/[17]/[com.google.android.apps.gsa.staticplugins.microdetection.aj]
2019-10-24 15:41:48.815 8838-8874/? I/WorkerManager: Releasing worker: [sharebear]/[124]/[com.google.android.apps.gsa.staticplugins.sharebear.ax]
2019-10-24 15:41:48.816 8838-8874/? I/chatty: uid=10113(com.google.android.googlequicksearchbox) EventBus0 identical 2 lines
2019-10-24 15:41:48.816 8838-8874/? I/WorkerManager: Releasing worker: [sharebear]/[124]/[com.google.android.apps.gsa.staticplugins.sharebear.ax]
2019-10-24 15:41:48.816 5750-8072/? I/WindowManager: commitFinishDrawingLocked: mDrawState=READY_TO_SHOW Surface(name=NavigationBar[6203])/@0x15098bc
2019-10-24 15:41:48.817 5750-8070/? D/PersonaManagerService: Settings.Secure.SECURE_FOLDER_IMAGE_NAME : null
2019-10-24 15:41:48.817 5750-8071/? I/ActivityManager: DSS on for com.samsung.aasaservice and scale is 1.0
2019-10-24 15:41:48.818 20676-10321/? I/Auth: [SupervisedAccountIntentOperation] onHandleIntent(): android.intent.action.PACKAGE_ADDED
2019-10-24 15:41:48.818 20676-10297/? I/ChromeSync: [Sync,SyncIntentOperation] Handling the intent: Intent { act=android.intent.action.PACKAGE_ADDED dat=package:com.example.hangger flg=0x4000010 cmp=com.google.android.gms/.chimera.GmsIntentOperationService (has extras) }.
2019-10-24 15:41:48.821 5750-8071/? D/StorageManagerService: getExternalStorageMountMode : 1
2019-10-24 15:41:48.821 5750-8071/? D/StorageManagerService: getExternalStorageMountMode : 3
2019-10-24 15:41:48.821 5750-8071/? D/StorageManagerService: getExternalStorageMountMode : final mountMode=1, uid : 10357, packageName : com.example.hangger
2019-10-24 15:41:48.821 5750-8071/? I/ApplicationPolicy: isApplicationExternalStorageWhitelisted:com.example.hangger user:0
2019-10-24 15:41:48.821 5750-8071/? D/ApplicationPolicy: isApplicationExternalStorageWhitelisted: DO is not enabled on user 0. Allowed.
2019-10-24 15:41:48.821 5750-8071/? D/ActivityManager: package  com.example.hangger, user - 0 is SDcard whitelisted
2019-10-24 15:41:48.821 5750-8071/? I/ApplicationPolicy: isApplicationExternalStorageBlacklisted:com.example.hangger user:0
2019-10-24 15:41:48.821 5750-8071/? D/ApplicationPolicy: isApplicationExternalStorageBlacklisted: DO is not enabled on user 0. Allowed.
2019-10-24 15:41:48.821 5750-8071/? I/ApplicationPolicy: isApplicationExternalStorageBlacklisted:com.example.hangger user:0
2019-10-24 15:41:48.821 5750-8071/? D/ApplicationPolicy: isApplicationExternalStorageBlacklisted: DO is not enabled on user 0. Allowed.
2019-10-24 15:41:48.822 5750-5844/? I/DecorView: createDecorCaptionView >> DecorView@fdd80a2[hangger], isFloating: false, isApplication: false, hasWindowDecorCaption: false, hasWindowControllerCallback: false
2019-10-24 15:41:48.822 5750-8071/? V/ActivityManager: Scheduling idle now: forceIdle=trueimmediate=true
2019-10-24 15:41:48.824 8588-10303/? I/AppsEdge.Data: item=SelectedItem : pos = 9 ComponentItem:null
2019-10-24 15:41:48.824 8588-10303/? I/AppsEdge.Data: type=0 pos=1 id=14
2019-10-24 15:41:48.824 5750-8051/? D/PersonaManagerService: Settings.Secure.SECURE_FOLDER_NAME : null
2019-10-24 15:41:48.838 5750-8051/? D/PersonaManagerService: securefolder Pasta Segura
2019-10-24 15:41:48.839 5750-5844/? D/InputTransport: Input channel constructed: fd=669
2019-10-24 15:41:48.839 5750-5844/? D/InputTransport: Input channel constructed: fd=672
2019-10-24 15:41:48.840 5265-5265/? I/SurfaceFlinger: id=113956 createSurf (6080x6080),2 flag=4, b76c3c6 Splash Screen com.example.hangger#0
2019-10-24 15:41:48.842 5750-5844/? V/WindowOrientationListener: getProposedRotation :-1
2019-10-24 15:41:48.842 5750-5844/? V/WindowManager: rotationForOrientationLw(orient=-1, last=0); user=0 USER_ROTATION_LOCKED sensorRotation=-1 mLidState=-1 mDockMode=0 mHdmiPlugged=false
2019-10-24 15:41:48.844 5750-8070/? D/PersonaManagerService: Settings.Secure.SECURE_FOLDER_IMAGE_NAME : null
2019-10-24 15:41:48.846 5750-5760/? V/ActivityManager: Scheduling idle now: forceIdle=trueimmediate=true
2019-10-24 15:41:48.847 5750-5760/? I/WindowManager: commitFinishDrawingLocked: mDrawState=READY_TO_SHOW Surface(name=NavigationBar[6203])/@0x15098bc
2019-10-24 15:41:48.847 18425-10318/? W/GCM: Unexpected forwarded intent: Intent { act=android.intent.action.PACKAGE_ADDED dat=package:com.example.hangger flg=0x4000010 cmp=com.google.android.gms/.chimera.PersistentIntentOperationService (has extras) }
2019-10-24 15:41:48.848 5750-8070/? D/PersonaManagerService: Settings.Secure.SECURE_FOLDER_NAME : null
2019-10-24 15:41:48.849 5750-6815/? V/WindowManager: Relayout Window{a7d107b u0 com.sec.android.app.launcher/com.sec.android.app.launcher.activities.LauncherActivity}: viewVisibility=0 req=1080x2280 {(0,0)(fillxfill) sim={adjust=nothing} layoutInDisplayCutoutMode=always ty=BASE_APPLICATION fmt=TRANSPARENT wanim=0x10302ec
      fl=81910d00
      pfl=20000
      vsysui=700 dimDuration=100 naviIconColor=0}
2019-10-24 15:41:48.849 8838-8874/? I/MicroDetectionState: Should stop hotword detection immediately - false
2019-10-24 15:41:48.849 5750-6815/? I/WindowManager: commitFinishDrawingLocked: mDrawState=READY_TO_SHOW Surface(name=NavigationBar[6203])/@0x15098bc
2019-10-24 15:41:48.850 5750-5783/? D/PowerManagerService: [api] setScreenDimDurationOverrideFromWindowManagerInternal: timeoutMillis: -1
2019-10-24 15:41:48.851 4901-4901/? D/ViewRootImpl@fa9fba2[LauncherActivity]: Relayout returned: old=[0,0][1080,2280] new=[0,0][1080,2280] result=0x1 surface={valid=true 478793629696} changed=false
2019-10-24 15:41:48.851 8838-8874/? I/WorkerManager: Releasing worker: [searchwidget]/[59]/[com.google.android.apps.gsa.staticplugins.searchwidget.ar]
2019-10-24 15:41:48.851 8838-8874/? I/WorkerManager: Releasing worker: [searchwidget]/[59]/[com.google.android.apps.gsa.staticplugins.searchwidget.ar]
2019-10-24 15:41:48.851 6156-6156/? D/HidDeviceService: handleMessage(): msg.what=8
2019-10-24 15:41:48.851 6156-6156/? D/HidDeviceService: unregisterAppUid(): uid=10357
2019-10-24 15:41:48.851 6156-6156/? D/HidDeviceService: unregisterAppUid(): caller UID doesn't match user UID
2019-10-24 15:41:48.852 8838-8874/? I/WorkerManager: Releasing worker: [searchplate]/[26]/[com.google.android.apps.gsa.staticplugins.eb.c]
2019-10-24 15:41:48.852 8838-8874/? I/chatty: uid=10113(com.google.android.googlequicksearchbox) EventBus0 identical 2 lines
2019-10-24 15:41:48.852 8838-8874/? I/WorkerManager: Releasing worker: [searchplate]/[26]/[com.google.android.apps.gsa.staticplugins.eb.c]
2019-10-24 15:41:48.853 8838-8874/? I/WorkerManager: Releasing worker: [searchboxroot]/[24]/[com.google.android.apps.gsa.staticplugins.searchboxroot.w]
2019-10-24 15:41:48.854 8838-8874/? I/chatty: uid=10113(com.google.android.googlequicksearchbox) EventBus0 identical 2 lines
2019-10-24 15:41:48.854 8838-8874/? I/WorkerManager: Releasing worker: [searchboxroot]/[24]/[com.google.android.apps.gsa.staticplugins.searchboxroot.w]
2019-10-24 15:41:48.854 8838-8874/? I/WorkerManager: Releasing worker: [actions]/[1]/[com.google.android.apps.gsa.staticplugins.actions.q]
2019-10-24 15:41:48.854 8838-8874/? I/WorkerManager: Releasing worker: [actions]/[1]/[com.google.android.apps.gsa.staticplugins.actions.q]
2019-10-24 15:41:48.856 8838-8874/? I/WorkerManager: Releasing worker: [searchboxroot]/[24]/[com.google.android.apps.gsa.staticplugins.searchboxroot.w]
2019-10-24 15:41:48.856 8838-8874/? I/chatty: uid=10113(com.google.android.googlequicksearchbox) EventBus0 identical 2 lines
2019-10-24 15:41:48.856 8838-8874/? I/WorkerManager: Releasing worker: [searchboxroot]/[24]/[com.google.android.apps.gsa.staticplugins.searchboxroot.w]
2019-10-24 15:41:48.857 8838-8874/? I/WorkerManager: Releasing worker: [actions]/[1]/[com.google.android.apps.gsa.staticplugins.actions.q]
2019-10-24 15:41:48.857 8838-8874/? I/WorkerManager: Releasing worker: [actions]/[1]/[com.google.android.apps.gsa.staticplugins.actions.q]
2019-10-24 15:41:48.857 8838-8874/? I/WorkerManager: Releasing worker: [legacyui]/[63]/[com.google.android.apps.gsa.staticplugins.ca.a]
2019-10-24 15:41:48.857 8838-8874/? I/WorkerManager: Releasing worker: [legacyui]/[63]/[com.google.android.apps.gsa.staticplugins.ca.a]
2019-10-24 15:41:48.857 8838-8874/? I/WorkerManager: Releasing worker: [searchplate]/[26]/[com.google.android.apps.gsa.staticplugins.eb.c]
2019-10-24 15:41:48.857 8838-8874/? I/chatty: uid=10113(com.google.android.googlequicksearchbox) EventBus0 identical 2 lines
2019-10-24 15:41:48.858 8838-8874/? I/WorkerManager: Releasing worker: [searchplate]/[26]/[com.google.android.apps.gsa.staticplugins.eb.c]
2019-10-24 15:41:48.858 8838-8874/? I/WorkerManager: Releasing worker: [conversation]/[44]/[com.google.android.apps.gsa.staticplugins.aj.a]
2019-10-24 15:41:48.858 8838-8874/? I/WorkerManager: Releasing worker: [conversation]/[44]/[com.google.android.apps.gsa.staticplugins.aj.a]
2019-10-24 15:41:48.858 8838-8874/? I/WorkerManager: Releasing worker: [message]/[68]/[com.google.android.apps.gsa.staticplugins.messages.p]
2019-10-24 15:41:48.858 8838-8874/? I/WorkerManager: Releasing worker: [message]/[68]/[com.google.android.apps.gsa.staticplugins.messages.p]
2019-10-24 15:41:48.859 8588-10303/? I/AppsEdge.Data: item=SelectedItem : pos = 1 ComponentItem:null
2019-10-24 15:41:48.859 8588-10303/? I/AppsEdge.Data: type=0 pos=2 id=16
2019-10-24 15:41:48.863 5750-8070/? D/PersonaManagerService: securefolder Pasta Segura
2019-10-24 15:41:48.864 8838-8888/? I/PBSessionCacheImpl: Deleted sessionId[38871507007487247] from persistence.
2019-10-24 15:41:48.864 8838-8874/? I/WorkerManager: Releasing worker: [context]/[50]/[com.google.android.apps.gsa.staticplugins.ai.m]
2019-10-24 15:41:48.864 8838-8874/? I/WorkerManager: Releasing worker: [context]/[50]/[com.google.android.apps.gsa.staticplugins.ai.m]
2019-10-24 15:41:48.864 8838-8874/? I/WorkerManager: Releasing worker: [actionvelogging]/[2]/[com.google.android.apps.gsa.staticplugins.a.d]
2019-10-24 15:41:48.864 8838-8874/? I/WorkerManager: Releasing worker: [actionvelogging]/[2]/[com.google.android.apps.gsa.staticplugins.a.d]
2019-10-24 15:41:48.864 8838-8874/? I/WorkerManager: Releasing worker: [sharedmicrodetection]/[17]/[com.google.android.apps.gsa.staticplugins.microdetection.aj]
2019-10-24 15:41:48.864 8838-8874/? I/WorkerManager: Releasing worker: [sharedmicrodetection]/[17]/[com.google.android.apps.gsa.staticplugins.microdetection.aj]
2019-10-24 15:41:48.864 8838-8874/? I/WorkerManager: Releasing worker: [audio]/[4]/[com.google.android.apps.gsa.staticplugins.m.n]
2019-10-24 15:41:48.864 8838-8874/? I/chatty: uid=10113(com.google.android.googlequicksearchbox) EventBus0 identical 2 lines
2019-10-24 15:41:48.865 8838-8874/? I/WorkerManager: Releasing worker: [audio]/[4]/[com.google.android.apps.gsa.staticplugins.m.n]
2019-10-24 15:41:48.865 8838-8874/? I/WorkerManager: Releasing worker: [progress]/[379]/[com.google.android.apps.gsa.staticplugins.de.a]
2019-10-24 15:41:48.865 8838-8874/? I/WorkerManager: Releasing worker: [progress]/[379]/[com.google.android.apps.gsa.staticplugins.de.a]
2019-10-24 15:41:48.865 8838-8874/? I/WorkerManager: Releasing worker: [sharebear]/[124]/[com.google.android.apps.gsa.staticplugins.sharebear.ax]
2019-10-24 15:41:48.865 8838-8874/? I/WorkerManager: Releasing worker: [sharebear]/[124]/[com.google.android.apps.gsa.staticplugins.sharebear.ax]
2019-10-24 15:41:48.865 8838-8874/? I/WorkerManager: Releasing worker: [logo_header]/[71]/[com.google.android.apps.gsa.staticplugins.cd.a]
2019-10-24 15:41:48.865 8838-8874/? I/WorkerManager: Releasing worker: [logo_header]/[71]/[com.google.android.apps.gsa.staticplugins.cd.a]
2019-10-24 15:41:48.866 8838-8874/? I/WorkerManager: Releasing worker: [sharebear]/[124]/[com.google.android.apps.gsa.staticplugins.sharebear.ax]
2019-10-24 15:41:48.866 8838-8874/? I/WorkerManager: Releasing worker: [sharebear]/[124]/[com.google.android.apps.gsa.staticplugins.sharebear.ax]
2019-10-24 15:41:48.866 8838-8874/? I/WorkerManager: Releasing worker: [searchboxroot]/[24]/[com.google.android.apps.gsa.staticplugins.searchboxroot.w]
2019-10-24 15:41:48.866 8838-8874/? I/WorkerManager: Releasing worker: [searchboxroot]/[24]/[com.google.android.apps.gsa.staticplugins.searchboxroot.w]
2019-10-24 15:41:48.866 8838-8874/? I/WorkerManager: Releasing worker: [actions]/[1]/[com.google.android.apps.gsa.staticplugins.actions.q]
2019-10-24 15:41:48.867 8838-8874/? I/chatty: uid=10113(com.google.android.googlequicksearchbox) EventBus0 identical 2 lines
2019-10-24 15:41:48.867 8838-8874/? I/WorkerManager: Releasing worker: [actions]/[1]/[com.google.android.apps.gsa.staticplugins.actions.q]
2019-10-24 15:41:48.867 8838-8874/? I/WorkerManager: Releasing worker: [searchplate]/[26]/[com.google.android.apps.gsa.staticplugins.eb.c]
2019-10-24 15:41:48.868 8838-8874/? I/chatty: uid=10113(com.google.android.googlequicksearchbox) EventBus0 identical 2 lines
2019-10-24 15:41:48.868 8838-8874/? I/WorkerManager: Releasing worker: [searchplate]/[26]/[com.google.android.apps.gsa.staticplugins.eb.c]
2019-10-24 15:41:48.868 8838-8874/? I/WorkerManager: Releasing worker: [sharedmicrodetection]/[17]/[com.google.android.apps.gsa.staticplugins.microdetection.aj]
2019-10-24 15:41:48.868 8838-8874/? I/WorkerManager: Releasing worker: [sharedmicrodetection]/[17]/[com.google.android.apps.gsa.staticplugins.microdetection.aj]
2019-10-24 15:41:48.869 8838-8874/? I/WorkerManager: Releasing worker: [audio]/[4]/[com.google.android.apps.gsa.staticplugins.m.n]
2019-10-24 15:41:48.869 5750-6816/? D/ConnectivityService: filterNetworkStateForUid() uid: 10068, pid: 10107
2019-10-24 15:41:48.869 5750-6816/? D/ConnectivityService: isNetworkWithLinkPropertiesBlocked: uid=10068, vpn=DISCONNECTED,false
2019-10-24 15:41:48.869 5750-6816/? D/ConnectivityService: filterNetworkStateForUid() uid: 10068, pid: 10107, networkInfo: [type: WIFI[], state: CONNECTED/CONNECTED, reason: (unspecified), extra: (none), failover: false, available: true, roaming: false]
2019-10-24 15:41:48.869 8838-8874/? I/WorkerManager: Releasing worker: [audio]/[4]/[com.google.android.apps.gsa.staticplugins.m.n]
2019-10-24 15:41:48.872 5750-5760/? D/PackageManager: setEnabledSetting : userId = 0 packageName = com.google.android.gms cmp = com.google.android.gms.people.pub.PeopleProfileActionGatewayActivity newState = 1 callingPackage = 10043/com.google.android.gms
2019-10-24 15:41:48.873 8838-8874/? W/SearchServiceCore: Abort, client detached.
2019-10-24 15:41:48.874 8588-10303/? I/AppsEdge.Data: item=SelectedItem : pos = 2 ComponentItem:null
2019-10-24 15:41:48.874 8588-10303/? I/AppsEdge.Data: type=0 pos=3 id=17
2019-10-24 15:41:48.875 5750-8072/? D/SecContentProvider: query(), uri = 30 selection = isLocalContactStorageAllowed
2019-10-24 15:41:48.875 5750-8072/? D/SecContentProvider: called from android.uid.shared:10018
2019-10-24 15:41:48.875 5750-8072/? D/RestrictionPolicy: isLocalContactStorageAllowed
2019-10-24 15:41:48.875 5750-8072/? D/RestrictionPolicy: isLocalContactStorageAllowed(0) : true
2019-10-24 15:41:48.876 10329-10329/? E/Zygote: isWhitelistProcess - Process is Whitelisted
2019-10-24 15:41:48.877 10329-10329/? E/Zygote: accessInfo : 1
2019-10-24 15:41:48.877 5750-5775/? I/ActivityManager: Start proc 10329:com.example.hangger/u0a357 for activity com.example.hangger/.SignInActivity
2019-10-24 15:41:48.878 8838-8874/? I/MicroDetectionState: Should stop hotword detection immediately - false
2019-10-24 15:41:48.880 10329-10329/? I/example.hangge: Late-enabling -Xcheck:jni
2019-10-24 15:41:48.882 5750-6756/? D/SecContentProvider2: query(), uri = 18 selection = isCopyContactToSimAllowed
2019-10-24 15:41:48.882 8588-10303/? I/AppsEdge.Data: item=SelectedItem : pos = 3 ComponentItem:null
2019-10-24 15:41:48.883 8588-10303/? I/AppsEdge.Data: type=0 pos=0 id=20
2019-10-24 15:41:48.886 5750-6756/? D/SecContentProvider2: isCopyContactToSimAllowed = true
2019-10-24 15:41:48.887 10293-10293/? I/ung.aasaservic: The ClassLoaderContext is a special shared library.
2019-10-24 15:41:48.888 5750-8051/? D/SecContentProvider: query(), uri = 30 selection = isLocalContactStorageAllowed
2019-10-24 15:41:48.888 5750-8051/? D/SecContentProvider: called from android.uid.shared:10018
2019-10-24 15:41:48.888 5750-8051/? D/RestrictionPolicy: isLocalContactStorageAllowed
2019-10-24 15:41:48.888 5750-8051/? D/RestrictionPolicy: isLocalContactStorageAllowed(0) : true
2019-10-24 15:41:48.893 5750-6756/? D/SecContentProvider2: query(), uri = 18 selection = isCopyContactToSimAllowed
2019-10-24 15:41:48.893 10107-10107/? I/Finsky: [2] ssl.a(7): SCH: Jobs in database: 1-1337 12-1 26-1414141414 29-29 34-92 34-100 34-107 34-108 34-113 34-114 34-117 34-118 34-119 34-123 34-124 34-129 34-130 34-131 34-132 34-133 
2019-10-24 15:41:48.894 5750-6756/? D/SecContentProvider2: isCopyContactToSimAllowed = true
2019-10-24 15:41:48.894 8588-10303/? I/AppsEdge.Data: item=SelectedItem : pos = 0 ComponentItem:null
2019-10-24 15:41:48.894 8588-10303/? I/AppsEdge.Data: type=0 pos=4 id=21
2019-10-24 15:41:48.896 10107-10107/? I/Finsky: [2] sob.a(58): SCH: ConstraintMapping: 1-1337, 12-1, 34-131,  -> L: 14866ms, D: 86009915ms, C: false, I: false, N: 1
2019-10-24 15:41:48.896 10107-10107/? I/Finsky: [2] sob.a(58): SCH: ConstraintMapping: 34-92, 34-100, 34-107, 34-108, 34-113, 34-114, 34-117, 34-118, 34-119, 34-123, 34-124, 34-129, 34-130, 34-132, 34-133,  -> L: 207364321ms, D: 1503364321ms, C: false, I: true, N: 2
2019-10-24 15:41:48.897 5750-5772/? I/AccessibilityManagerService: semIsAccessibilityServiceEnabled()
2019-10-24 15:41:48.897 10107-10107/? I/Finsky: [2] sob.a(58): SCH: ConstraintMapping: 34-92, 34-100, 34-107, 34-108, 34-113, 34-114, 34-117, 34-118, 34-119, 34-123, 34-124, 34-129, 34-130, 34-132, 34-133,  -> L: 207364321ms, D: 1503364321ms, C: true, I: true, N: 2
2019-10-24 15:41:48.897 5750-5772/? I/AccessibilityManagerService: readMagnifierWindowEnabledSettingLocked: magniferWindowEnabled false, userState.mIsMagniferWindowEnabled false
2019-10-24 15:41:48.898 10107-10107/? I/Finsky: [2] sob.a(58): SCH: ConstraintMapping: 26-1414141414, 29-29,  -> L: 22768ms, D: 52768ms, C: false, I: false, N: 0
2019-10-24 15:41:48.899 5750-5772/? I/AccessibilityManagerService: semIsAccessibilityServiceEnabled()
2019-10-24 15:41:48.900 5750-5936/? I/SamsungAlarmManager: setLocked to kernel - T:2 / 20191024T154156, SetElapsed=1452601184, nowELAPSED=1452593613
2019-10-24 15:41:48.900 5750-5936/? I/SamsungAlarmManager: setLocked to kernel - T:3 / 20191024T154151, SetElapsed=1452596010, nowELAPSED=1452593613
2019-10-24 15:41:48.900 5750-5936/? D/SamsungAlarmManager: setInexact Listener (T:2/F:0/AC:false) 20191024T154211 - CU:1000/CP:5750
2019-10-24 15:41:48.901 5750-5936/? I/SamsungAlarmManager: setLocked to kernel - T:2 / 20191024T154156, SetElapsed=1452601184, nowELAPSED=1452593613
2019-10-24 15:41:48.901 5750-5936/? I/SamsungAlarmManager: setLocked to kernel - T:3 / 20191024T154151, SetElapsed=1452596010, nowELAPSED=1452593613
2019-10-24 15:41:48.901 5750-5750/? W/LoadedApk: Slow system_server main thread handled for android.intent.action.PACKAGE_ADDED took 237 ms, Receiver = android.content.pm.RegisteredServicesCache$1@408a300
2019-10-24 15:41:48.901 5750-5750/? W/Looper: Slow dispatch took 236ms main h=android.app.ActivityThread$H c=android.app.-$$Lambda$LoadedApk$ReceiverDispatcher$Args$_BumDX2UKsnxLVrE6UJsJZkotuA@4a0ec68 m=0
2019-10-24 15:41:48.901 5750-5750/? W/Looper: Slow system_server main looper dispatch took 236ms  h=android.app.ActivityThread$H c=android.app.-$$Lambda$LoadedApk$ReceiverDispatcher$Args$_BumDX2UKsnxLVrE6UJsJZkotuA@4a0ec68 m=0
2019-10-24 15:41:48.901 5750-5750/? W/Looper: Slow delivery took 245ms main h=android.app.ActivityThread$H c=android.app.-$$Lambda$LoadedApk$ReceiverDispatcher$Args$_BumDX2UKsnxLVrE6UJsJZkotuA@fc8881 m=0
2019-10-24 15:41:48.901 5750-5750/? W/Looper: Slow system_server main looper delivery took 245ms  h=android.app.ActivityThread$H c=android.app.-$$Lambda$LoadedApk$ReceiverDispatcher$Args$_BumDX2UKsnxLVrE6UJsJZkotuA@fc8881 m=0
