2019-10-24 15:41:38.886 11278-11542/? I/oneconnect[1.7.38-21_06][CORE]: SepBleHelper.needScanQcBg - KEY_ALLOW_TO_CONNECT == true
2019-10-24 15:41:38.886 11278-11542/? I/oneconnect[1.7.38-21_06][CORE]: SettingsUtil.isFirstLaunch - value - isFirstLaunch: 0
2019-10-24 15:41:38.887 11278-11542/? I/oneconnect[1.7.38-21_06][CORE]: ExternalSettingsManager.getIntFromSettingDB - key: device_visibility_enabled
2019-10-24 15:41:38.888 11278-11542/? I/oneconnect[1.7.38-21_06][CORE]: ExternalSettingsManager.getIntFromSettingDB - value: 1
2019-10-24 15:41:38.888 11278-11542/? I/oneconnect[1.7.38-21_06][CORE]: SepBleHelper.needScanQcBg - KEY_ALLOW_TO_CONNECT == true
2019-10-24 15:41:38.888 11278-11542/? I/oneconnect[1.7.38-21_06][CORE]: SepBleHelper.stopLeScan - call BleScanner.stopScan()
2019-10-24 15:41:38.890 11278-11542/? D/BluetoothAdapter: STATE_ON
2019-10-24 15:41:38.890 11278-11542/? D/BluetoothLeScanner: Stop Scan with callback
2019-10-24 15:41:38.892 6156-19168/? D/BtGatt.ContextMap: remove() - id: 6
2019-10-24 15:41:38.893 6156-19168/? E/BtGatt.ContextMap: remove() - removed: 6
2019-10-24 15:41:38.894 6156-6887/? E/BtGatt.ScanManager: default value of curScanSetting 0 is choosen
2019-10-24 15:41:38.894 6156-6887/? D/BtGatt.ScanManager: configureRegularScanParams() scan param set to 6553 / 6553 (units)
2019-10-24 15:41:38.895 6156-7151/? W/bt_btm: btm_ble_disable_resolving_list() rl_state = 0x1b, rl_mask = 0x2, to_resume = 1
2019-10-24 15:41:38.895 6156-7151/? W/bt_btm: btm_ble_enable_resolving_list() rl_state = 0x19, rl_mask = 0x2
2019-10-24 15:41:38.898 6156-6897/? E/BtGatt.GattService: [GSIM LOG]: gsimLogHandler, msg: MESSAGE_SCAN_STOP, appName: com.samsung.android.oneconnect, scannerId: 6, reportDelayMillis=0
2019-10-24 15:41:38.993 11278-11542/? I/oneconnect[1.7.38-21_06][CORE]: SepBleHelper.startScan - add mScanFilter_QC_LCD_ON
2019-10-24 15:41:38.994 11278-11542/? D/BluetoothAdapter: STATE_ON
2019-10-24 15:41:38.998 11278-11542/? D/BluetoothAdapter: STATE_ON
2019-10-24 15:41:38.999 11278-11542/? D/BluetoothLeScanner: Start Scan with callback
2019-10-24 15:41:39.009 6156-19168/? D/BtGatt.ContextMap: add() - appUid: 10208, appName: com.samsung.android.oneconnect
2019-10-24 15:41:39.009 6156-7151/? I/bt_stack: [INFO:gatt_api.cc(955)] GATT_Register cde2561d-0a7b-4469-9f53-331142fa5bc7
2019-10-24 15:41:39.010 6156-7151/? I/bt_stack: [INFO:gatt_api.cc(992)] allocated gatt_if=6
2019-10-24 15:41:39.012 11278-7550/? D/BluetoothLeScanner: onScannerRegistered() - status=0 scannerId=6 mScannerId=0
2019-10-24 15:41:39.014 6156-19168/? D/BluetoothAdapter: STATE_ON
2019-10-24 15:41:39.018 6156-6887/? D/BluetoothAdapter: STATE_ON
2019-10-24 15:41:39.021 6156-6897/? E/BtGatt.GattService: [GSIM LOG]: gsimLogHandler, msg: MESSAGE_SCAN_START, appName: com.samsung.android.oneconnect, scannerId: 6, reportDelayMillis=0
2019-10-24 15:41:39.022 6156-6887/? D/BluetoothAdapter: STATE_ON
2019-10-24 15:41:39.022 6156-6887/? D/BluetoothAdapter: STATE_ON
2019-10-24 15:41:39.024 6156-6887/? D/BtGatt.ScanManager: configureFilterParamter() : onFoundTimeout | onLostTimeout | onFoundCount | numOfTrackingEntries | scanFilterRssiThreshold | trackableScanFilterRssiThreshold | matchMode
2019-10-24 15:41:39.024 6156-6887/? D/BtGatt.ScanManager: configureFilterParamter() : __________500__|________10000__|___________1__|___________________0__|___________________-128__|____________________________-128__|________1_
2019-10-24 15:41:39.026 6156-6887/? E/BtGatt.ScanManager: default value of curScanSetting 0 is choosen
2019-10-24 15:41:39.026 6156-6887/? D/BtGatt.ScanManager: configureRegularScanParams() scan param set to 6553 / 6553 (units)
2019-10-24 15:41:39.027 6156-7151/? W/bt_btm: btm_ble_disable_resolving_list() rl_state = 0x1b, rl_mask = 0x2, to_resume = 1
2019-10-24 15:41:39.027 6156-7151/? W/bt_btm: btm_ble_enable_resolving_list() rl_state = 0x19, rl_mask = 0x2
2019-10-24 15:41:39.072 5750-5750/? D/EdgeLightingManager: isCallingUserSupported : callingUserId=0, mUserId=0, isDualAppId=false
2019-10-24 15:41:39.072 5750-5750/? D/EdgeLightingManager: hideForNotification : packageName = org.telegram.messenger
2019-10-24 15:41:39.073 5750-5750/? D/EdgeLightingPolicyManager:NotificationGroup: remove : sbn : StatusBarNotification(pkg=org.telegram.messenger user=UserHandle{0} id=-1215066600 tag=null key=0|org.telegram.messenger|-1215066600|null|10219: Notification(channel=0channel-1215066600_3342658939664191513 pri=0 contentView=null vibrate=null sound=null defaults=0x0 flags=0x10 color=0xff11acfa category=msg sortKey=9223370464912269807 actions=2 vis=PRIVATE semFlags=0x8 semPriority=0 semMissedCount=0))
2019-10-24 15:41:39.073 5750-5750/? D/EdgeLightingPolicyManager.NotificationGroup: group key = 0|com.taxis99|0|FCM-Notification:653766627|10229 ,value= summary : null , child : 1key = 0|com.taxis99|0|FCM-Notification:653766627|10229 , value =  NotificationData { tag= FCM-Notification:653766627 } , } 
2019-10-24 15:41:39.073 5750-5750/? D/EdgeLightingPolicyManager.NotificationGroup: group key = 0|com.taxis99|0|FCM-Notification:132288339|10229 ,value= summary : null , child : 1key = 0|com.taxis99|0|FCM-Notification:132288339|10229 , value =  NotificationData { tag= FCM-Notification:132288339 } , } 
2019-10-24 15:41:39.073 5750-5750/? D/EdgeLightingPolicyManager.NotificationGroup: group key = 0|com.taxis99|0|FCM-Notification:433361081|10229 ,value= summary : null , child : 1key = 0|com.taxis99|0|FCM-Notification:433361081|10229 , value =  NotificationData { tag= FCM-Notification:433361081 } , } 
2019-10-24 15:41:39.073 5750-5750/? D/EdgeLightingPolicyManager.NotificationGroup: group key = 0|org.telegram.messenger|c:0channel881442185_-8471673142202342110 ,value= summary : null , child : 1key = 0|org.telegram.messenger|881442185|null|10219 , value =  NotificationData { tag= null } , } 
2019-10-24 15:41:39.073 5750-5750/? D/EdgeLightingPolicyManager.NotificationGroup: group key = 0|com.sec.android.app.dexonpc|1339|null|1000 ,value= summary : null , child : 1key = 0|com.sec.android.app.dexonpc|1339|null|1000 , value =  NotificationData { tag= null } , } 
2019-10-24 15:41:39.073 5750-5750/? D/EdgeLightingPolicyManager.NotificationGroup: group key = 0|com.sec.android.app.shealth|105|null|10213 ,value= summary : null , child : 1key = 0|com.sec.android.app.shealth|105|null|10213 , value =  NotificationData { tag= null } , } 
2019-10-24 15:41:39.073 5750-5750/? D/EdgeLightingPolicyManager.NotificationGroup: group key = 0|com.taxis99|0|FCM-Notification:653710580|10229 ,value= summary : null , child : 1key = 0|com.taxis99|0|FCM-Notification:653710580|10229 , value =  NotificationData { tag= FCM-Notification:653710580 } , } 
2019-10-24 15:41:39.073 5750-5750/? D/EdgeLightingPolicyManager.NotificationGroup: group key = 0|com.ubercab|3|1e4cb2d8-8e3c-4b9b-bf56-972baeb5a816|10228 ,value= summary : null , child : 1key = 0|com.ubercab|3|1e4cb2d8-8e3c-4b9b-bf56-972baeb5a816|10228 , value =  NotificationData { tag= 1e4cb2d8-8e3c-4b9b-bf56-972baeb5a816 } , } 
2019-10-24 15:41:39.073 5750-5750/? D/EdgeLightingPolicyManager.NotificationGroup: group key = 0|com.twitter.android|4|null|10251 ,value= summary : null , child : 1key = 0|com.twitter.android|4|null|10251 , value =  NotificationData { tag= null } , } 
2019-10-24 15:41:39.073 5750-5750/? D/EdgeLightingPolicyManager.NotificationGroup: group key = 0|com.whatsapp|g:call_notification_group ,value= summary :  NotificationData { tag= null }  , child : 0 } 
2019-10-24 15:41:39.073 5750-5750/? D/EdgeLightingPolicyManager.NotificationGroup: group key = 0|com.ubercab|3|d4c02c41-c911-4158-ae7f-59c7ac21b165|10228 ,value= summary : null , child : 1key = 0|com.ubercab|3|d4c02c41-c911-4158-ae7f-59c7ac21b165|10228 , value =  NotificationData { tag= d4c02c41-c911-4158-ae7f-59c7ac21b165 } , } 
2019-10-24 15:41:39.073 5750-5750/? D/EdgeLightingPolicyManager.NotificationGroup: group key = 0|com.samsung.android.app.routines|g:group_key_routine ,value= summary : null , child : 1key = 0|com.samsung.android.app.routines|102|null|10010 , value =  NotificationData { tag= null } , } 
2019-10-24 15:41:39.073 5750-5750/? D/EdgeLightingPolicyManager.NotificationGroup: group key = 0|com.taxis99|0|FCM-Notification:433711684|10229 ,value= summary : null , child : 1key = 0|com.taxis99|0|FCM-Notification:433711684|10229 , value =  NotificationData { tag= FCM-Notification:433711684 } , } 
2019-10-24 15:41:39.073 5750-5750/? D/EdgeLightingPolicyManager.NotificationGroup: group key = 0|com.twitter.android|5|null|10251 ,value= summary : null , child : 1key = 0|com.twitter.android|5|null|10251 , value =  NotificationData { tag= null } , } 
2019-10-24 15:41:39.073 5750-5750/? D/EdgeLightingPolicyManager.NotificationGroup: group key = 0|com.ubercab|1570724499|53342bf584bd1a082bcfe5f4fd6d436d|10228 ,value= summary : null , child : 1key = 0|com.ubercab|1570724499|53342bf584bd1a082bcfe5f4fd6d436d|10228 , value =  NotificationData { tag= 53342bf584bd1a082bcfe5f4fd6d436d } , } 
2019-10-24 15:41:39.073 5750-5750/? D/EdgeLightingPolicyManager.NotificationGroup: group key = 0|com.taxis99|25460101|null|10229 ,value= summary : null , child : 1key = 0|com.taxis99|25460101|null|10229 , value =  NotificationData { tag= null } , } 
2019-10-24 15:41:39.073 5750-5750/? D/EdgeLightingPolicyManager.NotificationGroup: group key = 0|com.google.android.apps.maps|127237364|CAERiGBje2LcloEZ9U1ZN6H7oR0gAg|10189 ,value= summary : null , child : 1key = 0|com.google.android.apps.maps|127237364|CAERiGBje2LcloEZ9U1ZN6H7oR0gAg|10189 , value =  NotificationData { tag= CAERiGBje2LcloEZ9U1ZN6H7oR0gAg } , } 
2019-10-24 15:41:39.074 5750-5750/? D/EdgeLightingPolicyManager.NotificationGroup: group key = 0|com.taxis99|70381439|null|10229 ,value= summary : null , child : 1key = 0|com.taxis99|70381439|null|10229 , value =  NotificationData { tag= null } , } 
2019-10-24 15:41:39.074 5750-5750/? D/EdgeLightingManager: hideForNotification : isOngoing is false
2019-10-24 15:41:39.074 5750-5750/? I/EasyMuteController: UnRegister failed. no registered
2019-10-24 15:41:39.074 5750-5750/? V/Vibrator: Called cancel() API - PUID: 1000, PackageName: android, token: android.os.Binder@6bd5067
2019-10-24 15:41:39.074 5750-5750/? D/VibratorService: cancel() : android.os.Binder@6bd5067
2019-10-24 15:41:39.074 5750-5750/? D/VibratorService: Turning vibrator off
2019-10-24 15:41:39.074 5252-5252/? D/SecVibrator-HAL: writeNode node:/sys/class/timed_output/vibrator/enable val:0
2019-10-24 15:41:39.075 5750-5750/? D/LightsService: [api] [SvcLED] turnOff:: id = 4 (uid: 1000 pid: 5750) 
2019-10-24 15:41:39.075 5750-5750/? D/LightsService: [api] [SvcLED] LED indicator : Not supported.
2019-10-24 15:41:39.080 4901-4901/? D/Notification.Badge: [valid] onNotificationRemoved : StatusBarNotification(pkg=org.telegram.messenger user=UserHandle{0} id=-1215066600 tag=null key=0|org.telegram.messenger|-1215066600|null|10219: Notification(channel=0channel-1215066600_3342658939664191513 pri=0 contentView=null vibrate=null sound=null defaults=0x0 flags=0x10 color=0xff11acfa category=msg sortKey=9223370464912269807 actions=2 vis=PRIVATE semFlags=0x8 semPriority=0 semMissedCount=0))
2019-10-24 15:41:39.080 4901-4901/? D/Notification.Badge: notificationKey : 0|org.telegram.messenger|-1215066600|null|10219, count : 2, this.count : 2
2019-10-24 15:41:39.080 4901-5086/? D/Notification.Badge: LauncherModel:onNotificationRemoved() : org.telegram.messenger
2019-10-24 15:41:39.080 4901-5086/? D/Notification.Badge: updateLauncherIconBadges : 1
2019-10-24 15:41:39.081 4901-5086/? D/Notification.Badge: badgeItems.size() : 1
2019-10-24 15:41:39.081 4901-5086/? D/Notification.Badge: updateLauncherIconBadges() cached count : 3
2019-10-24 15:41:39.081 4901-5086/? D/Notification.Badge: updateLauncherIconBadges() item : [IconInfo(title=Telegram intent=Intent { act=android.intent.action.MAIN cat=[android.intent.category.LAUNCHER] flg=0x10200000 cmp=org.telegram.messenger/org.telegram.ui.LaunchActivity (has extras) } id=74 type=0 container=-102 screen=1 cellX=0 cellY=0 spanX=1 spanY=1 rank=0 hidden=0 dropPos=null user=UserHandle{0} screenType=0)], mShowBadge : [false], item.mBadgeCount : [0]
2019-10-24 15:41:39.081 4901-4901/? D/HomeContainer:  onBadgeBindingCompleted
2019-10-24 15:41:39.081 4901-4901/? D/AppsContainer:  onBadgeBindingCompleted
2019-10-24 15:41:39.082 4901-4901/? D/IconView: refreshBadge() item : [title=Telegram, id=74, container=-102, screenType=0], mShowBadge : [false], mBadgeCount : [0]
2019-10-24 15:41:39.082 4901-4901/? D/AppsPagedViewWrapper: updateBadgeItemsInPagedView update no items, isWorkspace item : true
2019-10-24 15:41:39.082 4901-4901/? D/RecommendedView: updateBadgeItems: [IconInfo(title=Telegram intent=Intent { act=android.intent.action.MAIN cat=[android.intent.category.LAUNCHER] flg=0x10200000 cmp=org.telegram.messenger/org.telegram.ui.LaunchActivity (has extras) } id=74 type=0 container=-102 screen=1 cellX=0 cellY=0 spanX=1 spanY=1 rank=0 hidden=0 dropPos=null user=UserHandle{0} screenType=0)]
2019-10-24 15:41:39.083 4901-4901/? I/SuggestedItemsProvider: Update badge info: ComponentInfo{org.telegram.messenger/org.telegram.ui.LaunchActivity}(false, 0)
2019-10-24 15:41:39.083 4901-4901/? D/IconView: refreshBadge() item : [title=Telegram, id=-1, container=-101, screenType=0], mShowBadge : [false], mBadgeCount : [0]
2019-10-24 15:41:39.083 4901-4901/? D/HomeContainer:  onNotificationPreviewBinding
2019-10-24 15:41:39.083 4901-4901/? D/AppsContainer:  onNotificationPreviewBinding
2019-10-24 15:41:39.085 9993-10278/? D/DeviceData: buildFlatBuffer - building flatbuffer 
2019-10-24 15:41:39.085 9993-10278/? D/DeviceData: buildFlatBuffer composed: ms = 0bufflen = 1232
2019-10-24 15:41:39.085 9993-10361/? I/1_0_0.25_MPSD_UMD_CHOREOGRAPHER: triggerEventInModels 132 EVENT:[10]
2019-10-24 15:41:39.086 9993-10361/? I/1_0_0.25_MPSD_IAD_MANAGER: update EVENT:[10]
2019-10-24 15:41:39.086 4886-4886/? I/EdgeLightingService:  onDismissEdgeWindow
2019-10-24 15:41:39.086 4886-4886/? D/EdgeLightingScheduler: notifyEdgeLightingPackageList :[], empty = true
2019-10-24 15:41:39.091 6203-6203/? I/StackScroller: ADJUST STACK.TRANSLATION
2019-10-24 15:41:39.091 6203-6203/? D/KeyguardCutout: setDisplayCutout DisplayCutout{insets=Rect(0, 107 - 0, 0) boundingRect=Rect(836, 0 - 1080, 107)}
2019-10-24 15:41:39.091 6203-6203/? D/KeyguardCutout: getSidePadding 0
2019-10-24 15:41:39.093 9993-10022/? D/SIML_MSGDR: train_buf
2019-10-24 15:41:39.094 9993-10022/? D/SIML_REGRESSION_IMPL: training accuracy: 1.0000
2019-10-24 15:41:39.094 9993-10022/? D/SIML_REGRESSION_IMPL: training time: 0.001 seconds
2019-10-24 15:41:39.095 9993-10022/? D/SIML_REGRESSION_IMPL: model sparsity: 94.7833%
2019-10-24 15:41:39.099 5750-8051/? E/LockSettingsStorage: Cannot read file java.io.FileNotFoundException: /data/system/fmmpassword.key: open failed: ENOENT (No such file or directory)
2019-10-24 15:41:39.101 5750-8051/? D/SdpManagerService: Not an enterprise user : 0
2019-10-24 15:41:39.105 5750-8051/? E/LockSettingsStorage: Cannot read file java.io.FileNotFoundException: /data/system/fmmpassword.key: open failed: ENOENT (No such file or directory)
2019-10-24 15:41:39.107 5750-8051/? D/SdpManagerService: Not an enterprise user : 0
2019-10-24 15:41:39.108 6203-6203/? I/StackScroller: ADJUST STACK.TRANSLATION
2019-10-24 15:41:39.108 6203-6203/? D/KeyguardCutout: setDisplayCutout DisplayCutout{insets=Rect(0, 107 - 0, 0) boundingRect=Rect(836, 0 - 1080, 107)}
2019-10-24 15:41:39.108 6203-6203/? D/KeyguardCutout: getSidePadding 0
2019-10-24 15:41:39.112 5750-8446/? E/LockSettingsStorage: Cannot read file java.io.FileNotFoundException: /data/system/fmmpassword.key: open failed: ENOENT (No such file or directory)
2019-10-24 15:41:39.113 5750-8446/? D/SdpManagerService: Not an enterprise user : 0
2019-10-24 15:41:39.117 5750-8051/? E/LockSettingsStorage: Cannot read file java.io.FileNotFoundException: /data/system/fmmpassword.key: open failed: ENOENT (No such file or directory)
2019-10-24 15:41:39.118 5750-8051/? D/SdpManagerService: Not an enterprise user : 0
2019-10-24 15:41:39.126 5750-8446/? D/ApplicationPolicy: isStatusBarNotificationAllowedAsUser: packageName = org.telegram.messenger,userId = 0
2019-10-24 15:41:39.127 5750-8446/? D/APItest: getContainerInfo: value is 150,285343840
2019-10-24 15:41:39.128 5750-8446/? D/ApplicationPolicy: isStatusBarNotificationAllowedAsUser: packageName = org.telegram.messenger,userId = 0
2019-10-24 15:41:39.128 5750-8446/? D/APItest: getContainerInfo: value is 150,285343840
2019-10-24 15:41:39.131 6203-6203/? I/StackScroller: ADJUST STACK.TRANSLATION
2019-10-24 15:41:39.132 6203-6203/? D/KeyguardCutout: getSidePadding 0
2019-10-24 15:41:39.132 6203-6203/? I/StackScroller: ADJUST STACK.TRANSLATION
2019-10-24 15:41:39.132 6203-6203/? I/StackScroller: ADJUST STACK.TRANSLATION
2019-10-24 15:41:39.136 5750-8038/? D/SamsungAlarmManager: Cancel Alarm calling from uid:10219 pid :8761 / op:PendingIntent{505d44b: PendingIntentRecord{c1bc30a org.telegram.messenger startService}}
2019-10-24 15:41:39.232 5750-5750/? D/EdgeLightingManager: isCallingUserSupported : callingUserId=0, mUserId=0, isDualAppId=false
2019-10-24 15:41:39.232 5750-5750/? D/EdgeLightingManager: showForNotification : isInteractive=true, isHeadUp=false, color=0, sbn = StatusBarNotification(pkg=org.telegram.messenger user=UserHandle{0} id=-1215066600 tag=null key=0|org.telegram.messenger|-1215066600|null|10219: Notification(channel=0channel-1215066600_-3448142428789803505 pri=0 contentView=null vibrate=null sound=null defaults=0x0 flags=0x10 color=0xff11acfa category=msg sortKey=9223370464912262807 actions=2 vis=PRIVATE semFlags=0x0 semPriority=0 semMissedCount=0))
2019-10-24 15:41:39.232 5750-5750/? D/EdgeLightingClientManager: isAvailableEdgeLighting: condition=1 mCondition=3 mIsConnected=false1
2019-10-24 15:41:39.232 5750-5750/? D/EdgeLightingPolicyManager: isAcceptableApplication:  pkg=org.telegram.messenger , range=256 , includeAllApp=false , userId=0 , infoRange=7 , infoCategory=1
2019-10-24 15:41:39.233 5750-5750/? D/EdgeLightingPolicyManager: putNotification tickerText:false,titleText:true,text:true,sub:falsecn= + null
2019-10-24 15:41:39.233 5750-5750/? D/EdgeLightingPolicyManager.NotificationGroup: group key = 0|com.taxis99|0|FCM-Notification:653766627|10229 ,value= summary : null , child : 1key = 0|com.taxis99|0|FCM-Notification:653766627|10229 , value =  NotificationData { tag= FCM-Notification:653766627 } , } 
2019-10-24 15:41:39.233 5750-5750/? D/EdgeLightingPolicyManager.NotificationGroup: group key = 0|com.taxis99|0|FCM-Notification:132288339|10229 ,value= summary : null , child : 1key = 0|com.taxis99|0|FCM-Notification:132288339|10229 , value =  NotificationData { tag= FCM-Notification:132288339 } , } 
2019-10-24 15:41:39.233 5750-5750/? D/EdgeLightingPolicyManager.NotificationGroup: group key = 0|com.taxis99|0|FCM-Notification:433361081|10229 ,value= summary : null , child : 1key = 0|com.taxis99|0|FCM-Notification:433361081|10229 , value =  NotificationData { tag= FCM-Notification:433361081 } , } 
2019-10-24 15:41:39.233 5750-5750/? D/EdgeLightingPolicyManager.NotificationGroup: group key = 0|org.telegram.messenger|c:0channel-1215066600_-3448142428789803505 ,value= summary : null , child : 1key = 0|org.telegram.messenger|-1215066600|null|10219 , value =  NotificationData { tag= null } , } 
2019-10-24 15:41:39.233 5750-5750/? D/EdgeLightingPolicyManager.NotificationGroup: group key = 0|org.telegram.messenger|c:0channel881442185_-8471673142202342110 ,value= summary : null , child : 1key = 0|org.telegram.messenger|881442185|null|10219 , value =  NotificationData { tag= null } , } 
2019-10-24 15:41:39.233 5750-5750/? D/EdgeLightingPolicyManager.NotificationGroup: group key = 0|com.sec.android.app.dexonpc|1339|null|1000 ,value= summary : null , child : 1key = 0|com.sec.android.app.dexonpc|1339|null|1000 , value =  NotificationData { tag= null } , } 
2019-10-24 15:41:39.233 5750-5750/? D/EdgeLightingPolicyManager.NotificationGroup: group key = 0|com.sec.android.app.shealth|105|null|10213 ,value= summary : null , child : 1key = 0|com.sec.android.app.shealth|105|null|10213 , value =  NotificationData { tag= null } , } 
2019-10-24 15:41:39.233 5750-5750/? D/EdgeLightingPolicyManager.NotificationGroup: group key = 0|com.taxis99|0|FCM-Notification:653710580|10229 ,value= summary : null , child : 1key = 0|com.taxis99|0|FCM-Notification:653710580|10229 , value =  NotificationData { tag= FCM-Notification:653710580 } , } 
2019-10-24 15:41:39.233 5750-5750/? D/EdgeLightingPolicyManager.NotificationGroup: group key = 0|com.ubercab|3|1e4cb2d8-8e3c-4b9b-bf56-972baeb5a816|10228 ,value= summary : null , child : 1key = 0|com.ubercab|3|1e4cb2d8-8e3c-4b9b-bf56-972baeb5a816|10228 , value =  NotificationData { tag= 1e4cb2d8-8e3c-4b9b-bf56-972baeb5a816 } , } 
2019-10-24 15:41:39.233 5750-5750/? D/EdgeLightingPolicyManager.NotificationGroup: group key = 0|com.twitter.android|4|null|10251 ,value= summary : null , child : 1key = 0|com.twitter.android|4|null|10251 , value =  NotificationData { tag= null } , } 
2019-10-24 15:41:39.233 5750-5750/? D/EdgeLightingPolicyManager.NotificationGroup: group key = 0|com.whatsapp|g:call_notification_group ,value= summary :  NotificationData { tag= null }  , child : 0 } 
2019-10-24 15:41:39.233 5750-5750/? D/EdgeLightingPolicyManager.NotificationGroup: group key = 0|com.ubercab|3|d4c02c41-c911-4158-ae7f-59c7ac21b165|10228 ,value= summary : null , child : 1key = 0|com.ubercab|3|d4c02c41-c911-4158-ae7f-59c7ac21b165|10228 , value =  NotificationData { tag= d4c02c41-c911-4158-ae7f-59c7ac21b165 } , } 
2019-10-24 15:41:39.233 5750-5750/? D/EdgeLightingPolicyManager.NotificationGroup: group key = 0|com.samsung.android.app.routines|g:group_key_routine ,value= summary : null , child : 1key = 0|com.samsung.android.app.routines|102|null|10010 , value =  NotificationData { tag= null } , } 
2019-10-24 15:41:39.233 5750-5750/? D/EdgeLightingPolicyManager.NotificationGroup: group key = 0|com.taxis99|0|FCM-Notification:433711684|10229 ,value= summary : null , child : 1key = 0|com.taxis99|0|FCM-Notification:433711684|10229 , value =  NotificationData { tag= FCM-Notification:433711684 } , } 
2019-10-24 15:41:39.233 5750-5750/? D/EdgeLightingPolicyManager.NotificationGroup: group key = 0|com.twitter.android|5|null|10251 ,value= summary : null , child : 1key = 0|com.twitter.android|5|null|10251 , value =  NotificationData { tag= null } , } 
2019-10-24 15:41:39.233 5750-5750/? D/EdgeLightingPolicyManager.NotificationGroup: group key = 0|com.ubercab|1570724499|53342bf584bd1a082bcfe5f4fd6d436d|10228 ,value= summary : null , child : 1key = 0|com.ubercab|1570724499|53342bf584bd1a082bcfe5f4fd6d436d|10228 , value =  NotificationData { tag= 53342bf584bd1a082bcfe5f4fd6d436d } , } 
2019-10-24 15:41:39.233 5750-5750/? D/EdgeLightingPolicyManager.NotificationGroup: group key = 0|com.taxis99|25460101|null|10229 ,value= summary : null , child : 1key = 0|com.taxis99|25460101|null|10229 , value =  NotificationData { tag= null } , } 
2019-10-24 15:41:39.233 5750-5750/? D/EdgeLightingPolicyManager.NotificationGroup: group key = 0|com.google.android.apps.maps|127237364|CAERiGBje2LcloEZ9U1ZN6H7oR0gAg|10189 ,value= summary : null , child : 1key = 0|com.google.android.apps.maps|127237364|CAERiGBje2LcloEZ9U1ZN6H7oR0gAg|10189 , value =  NotificationData { tag= CAERiGBje2LcloEZ9U1ZN6H7oR0gAg } , } 
2019-10-24 15:41:39.233 5750-5750/? D/EdgeLightingPolicyManager.NotificationGroup: group key = 0|com.taxis99|70381439|null|10229 ,value= summary : null , child : 1key = 0|com.taxis99|70381439|null|10229 , value =  NotificationData { tag= null } , } 
2019-10-24 15:41:39.233 5750-5750/? D/EdgeLightingPolicyManager: isAcceptableApplication:  pkg=org.telegram.messenger , range=1 , includeAllApp=false , userId=0 , infoRange=7 , infoCategory=1
2019-10-24 15:41:39.233 5750-5750/? D/EdgeLightingPolicyManager: isAcceptableApplication: getAcceptablePolicy true
2019-10-24 15:41:39.234 5750-5750/? D/EdgeLightingPolicyManager: isAcceptableApplication: getRejectablePolicy true
2019-10-24 15:41:39.245 4901-4901/? D/Notification.Badge: [valid] onNotificationPosted : StatusBarNotification(pkg=org.telegram.messenger user=UserHandle{0} id=-1215066600 tag=null key=0|org.telegram.messenger|-1215066600|null|10219: Notification(channel=0channel-1215066600_-3448142428789803505 pri=0 contentView=null vibrate=null sound=null defaults=0x0 flags=0x10 color=0xff11acfa category=msg sortKey=9223370464912262807 actions=2 vis=PRIVATE semFlags=0x0 semPriority=0 semMissedCount=0))
2019-10-24 15:41:39.245 4901-4901/? D/Notification.Badge: notificationKey : 0|org.telegram.messenger|-1215066600|null|10219, count : 3, this.count : 3
2019-10-24 15:41:39.245 4901-4901/? D/Notification.Badge: [filtered] check channel for special filtering [channel : NotificationChannel{mId='0channel-1215066600_-3448142428789803505', mName=OK Buddy, mDescription=, mImportance=3, mBypassDnd=false, mLockscreenVisibility=-1000, mSound=null, mLights=false, mLightColor=0, mVibration=null, mUserLockedFields=0, mFgServiceShown=false, mVibrationEnabled=false, mShowBadge=true, mDeleted=false, mGroup='null', mAudioAttributes=AudioAttributes: usage=USAGE_NOTIFICATION content=CONTENT_TYPE_SONIFICATION flags=0x0 tags= bundle=null, mBlockableSystem=false}]
2019-10-24 15:41:39.245 9993-10278/? D/DeviceData: buildFlatBuffer - building flatbuffer 
2019-10-24 15:41:39.245 4901-5086/? D/Notification.Badge: LauncherModel:onNotificationPosted() : org.telegram.messenger, count : [3], shouldBeFilteredOut : [false]
2019-10-24 15:41:39.245 4901-5086/? D/Notification.Badge: notificationKey : 0|org.telegram.messenger|-1215066600|null|10219, count : 3, mTotalCount : 3
2019-10-24 15:41:39.246 9993-10278/? D/DeviceData: buildFlatBuffer composed: ms = 0bufflen = 1224
2019-10-24 15:41:39.246 9993-10361/? I/1_0_0.25_MPSD_UMD_CHOREOGRAPHER: triggerEventInModels 132 EVENT:[10]
2019-10-24 15:41:39.246 9993-10361/? I/1_0_0.25_MPSD_IAD_MANAGER: update EVENT:[10]
2019-10-24 15:41:39.250 4901-5086/? D/Notification.Badge: updateLauncherIconBadges : 1
2019-10-24 15:41:39.251 9993-10024/? D/SIML_MSGDR: train_buf
2019-10-24 15:41:39.251 4901-5086/? D/Notification.Badge: badgeItems.size() : 1
2019-10-24 15:41:39.251 4901-5086/? D/Notification.Badge: updateLauncherIconBadges() cached count : 3
2019-10-24 15:41:39.251 4901-5086/? D/Notification.Badge: updateLauncherIconBadges() item : [IconInfo(title=Telegram intent=Intent { act=android.intent.action.MAIN cat=[android.intent.category.LAUNCHER] flg=0x10200000 cmp=org.telegram.messenger/org.telegram.ui.LaunchActivity (has extras) } id=74 type=0 container=-102 screen=1 cellX=0 cellY=0 spanX=1 spanY=1 rank=0 hidden=0 dropPos=null user=UserHandle{0} screenType=0)], mShowBadge : [true], item.mBadgeCount : [3]
2019-10-24 15:41:39.251 4901-4901/? D/HomeContainer:  onBadgeBindingCompleted
2019-10-24 15:41:39.251 4901-4901/? D/AppsContainer:  onBadgeBindingCompleted
2019-10-24 15:41:39.252 9993-10024/? D/SIML_REGRESSION_IMPL: training accuracy: 1.0000
2019-10-24 15:41:39.252 9993-10024/? D/SIML_REGRESSION_IMPL: training time: 0.001 seconds
2019-10-24 15:41:39.252 9993-10024/? D/SIML_REGRESSION_IMPL: model sparsity: 94.7833%
2019-10-24 15:41:39.254 4901-4901/? D/IconView: refreshBadge() item : [title=Telegram, id=74, container=-102, screenType=0], mShowBadge : [true], mBadgeCount : [3]
2019-10-24 15:41:39.255 4901-4901/? D/AppsPagedViewWrapper: updateBadgeItemsInPagedView update no items, isWorkspace item : true
2019-10-24 15:41:39.255 4901-4901/? D/RecommendedView: updateBadgeItems: [IconInfo(title=Telegram intent=Intent { act=android.intent.action.MAIN cat=[android.intent.category.LAUNCHER] flg=0x10200000 cmp=org.telegram.messenger/org.telegram.ui.LaunchActivity (has extras) } id=74 type=0 container=-102 screen=1 cellX=0 cellY=0 spanX=1 spanY=1 rank=0 hidden=0 dropPos=null user=UserHandle{0} screenType=0)]
2019-10-24 15:41:39.255 4901-4901/? I/SuggestedItemsProvider: Update badge info: ComponentInfo{org.telegram.messenger/org.telegram.ui.LaunchActivity}(true, 3)
2019-10-24 15:41:39.257 4901-4901/? D/IconView: refreshBadge() item : [title=Telegram, id=-1, container=-101, screenType=0], mShowBadge : [true], mBadgeCount : [3]
2019-10-24 15:41:39.295 5750-5947/? D/WifiPermissionsUtil: canAccessScanResults: pkgName = android, uid = 1000
2019-10-24 15:41:39.516 5750-5948/? I/WifiVendorHal: getWifiLinkLayerStats(l.2972) before calling iface.getLinkLayerStats
2019-10-24 15:41:39.517 5247-5247/? I/android.hardware.wifi@1.0-service: enter getLinkLayerStats
2019-10-24 15:41:39.517 5247-5247/? I/android.hardware.wifi@1.0-service: enter getLinkLayerStatsInternal
2019-10-24 15:41:39.525 6203-6203/? W/StaticLayout: maxLineHeight should not be -1.  maxLines:1 lineCount:1
2019-10-24 15:41:39.527 6203-6203/? I/chatty: uid=10010(com.samsung.android.app.aodservice) com.android.systemui identical 2 lines
2019-10-24 15:41:39.527 6203-6203/? W/StaticLayout: maxLineHeight should not be -1.  maxLines:1 lineCount:1
2019-10-24 15:41:39.535 6203-6203/? I/StackScroller: ADJUST STACK.TRANSLATION
2019-10-24 15:41:39.535 6203-6203/? I/StackScroller: ADJUST STACK.TRANSLATION
2019-10-24 15:41:39.536 5247-5247/? I/android.hardware.wifi@1.0-service: Successfully getLinkLayerStats.
2019-10-24 15:41:39.537 5750-5948/? I/WifiVendorHal: getWifiLinkLayerStats(l.2972) after calling iface.getLinkLayerStats
2019-10-24 15:41:39.539 6203-6203/? D/KeyguardCutout: getSidePadding 0
2019-10-24 15:41:39.539 6203-6203/? I/StackScroller: ADJUST STACK.TRANSLATION
2019-10-24 15:41:39.540 6203-6203/? I/StackScroller: ADJUST STACK.TRANSLATION
2019-10-24 15:41:39.563 5750-8038/? D/WificondControl: Scan result ready event
2019-10-24 15:41:39.565 5750-5951/? D/SamsungAlarmManager: Cancel Alarm calling from uid:1000 pid :5750 / listener:android.app.AlarmManager$ListenerWrapper@40f46fb
2019-10-24 15:41:39.575 5750-5951/? I/SamsungAlarmManager: setLocked to kernel - T:2 / 20191024T154141, SetElapsed=1452586184, nowELAPSED=1452584287
2019-10-24 15:41:39.578 5750-5951/? V/MboAssociationDisallowedReasonCode: seu CESAR, MboAssociationDisallowedReasonCode: -1
2019-10-24 15:41:39.579 5750-5951/? V/MboAssociationDisallowedReasonCode: Drogo, MboAssociationDisallowedReasonCode: -1
2019-10-24 15:41:39.579 5750-5951/? V/MboAssociationDisallowedReasonCode: GNED, MboAssociationDisallowedReasonCode: -1
2019-10-24 15:41:39.580 5750-5951/? V/MboAssociationDisallowedReasonCode: Liderana, MboAssociationDisallowedReasonCode: -1
2019-10-24 15:41:39.580 5750-5951/? V/MboAssociationDisallowedReasonCode: Drogo, MboAssociationDisallowedReasonCode: -1
2019-10-24 15:41:39.580 5750-5951/? V/MboAssociationDisallowedReasonCode: APOLLO50, MboAssociationDisallowedReasonCode: -1
2019-10-24 15:41:39.581 5750-5951/? V/MboAssociationDisallowedReasonCode: GNED, MboAssociationDisallowedReasonCode: -1
2019-10-24 15:41:39.582 5750-5951/? V/MboAssociationDisallowedReasonCode: seu CESAR, MboAssociationDisallowedReasonCode: -1
2019-10-24 15:41:39.582 5750-5951/? V/MboAssociationDisallowedReasonCode: seu CESAR, MboAssociationDisallowedReasonCode: -1
2019-10-24 15:41:39.583 5750-5951/? V/MboAssociationDisallowedReasonCode: GNED, MboAssociationDisallowedReasonCode: -1
2019-10-24 15:41:39.583 5750-5951/? V/MboAssociationDisallowedReasonCode: Drogo, MboAssociationDisallowedReasonCode: -1
2019-10-24 15:41:39.584 5750-5951/? V/MboAssociationDisallowedReasonCode: seu CESAR, MboAssociationDisallowedReasonCode: -1
2019-10-24 15:41:39.584 5750-5951/? V/MboAssociationDisallowedReasonCode: Liderana, MboAssociationDisallowedReasonCode: -1
2019-10-24 15:41:39.585 5750-5951/? V/MboAssociationDisallowedReasonCode: Drogo, MboAssociationDisallowedReasonCode: -1
2019-10-24 15:41:39.585 5750-5951/? V/MboAssociationDisallowedReasonCode: GNED, MboAssociationDisallowedReasonCode: -1
2019-10-24 15:41:39.585 5750-5951/? V/MboAssociationDisallowedReasonCode: Liderana, MboAssociationDisallowedReasonCode: -1
2019-10-24 15:41:39.586 5750-5951/? V/MboAssociationDisallowedReasonCode: APOLLO50, MboAssociationDisallowedReasonCode: -1
2019-10-24 15:41:39.587 5750-5951/? V/MboAssociationDisallowedReasonCode: seu CESAR, MboAssociationDisallowedReasonCode: -1
2019-10-24 15:41:39.587 5750-5951/? V/MboAssociationDisallowedReasonCode: GNED, MboAssociationDisallowedReasonCode: -1
2019-10-24 15:41:39.587 5750-5951/? V/MboAssociationDisallowedReasonCode: Drogo, MboAssociationDisallowedReasonCode: -1
2019-10-24 15:41:39.587 5750-5951/? V/MboAssociationDisallowedReasonCode: GNED, MboAssociationDisallowedReasonCode: -1
2019-10-24 15:41:39.588 5750-5951/? V/MboAssociationDisallowedReasonCode: APOLLO50, MboAssociationDisallowedReasonCode: -1
2019-10-24 15:41:39.588 5750-5951/? V/MboAssociationDisallowedReasonCode: Liderana, MboAssociationDisallowedReasonCode: -1
2019-10-24 15:41:39.588 5750-5951/? V/MboAssociationDisallowedReasonCode: seu CESAR, MboAssociationDisallowedReasonCode: -1
2019-10-24 15:41:39.588 5750-5951/? V/MboAssociationDisallowedReasonCode: Liderana, MboAssociationDisallowedReasonCode: -1
2019-10-24 15:41:39.589 5750-5951/? V/MboAssociationDisallowedReasonCode: APOLLO50, MboAssociationDisallowedReasonCode: -1
2019-10-24 15:41:39.589 5750-5951/? V/MboAssociationDisallowedReasonCode: seu CESAR, MboAssociationDisallowedReasonCode: -1
2019-10-24 15:41:39.589 5750-5951/? V/MboAssociationDisallowedReasonCode: Liderana, MboAssociationDisallowedReasonCode: -1
2019-10-24 15:41:39.590 5750-5951/? V/MboAssociationDisallowedReasonCode: GNED, MboAssociationDisallowedReasonCode: -1
2019-10-24 15:41:39.592 5750-5951/? V/MboAssociationDisallowedReasonCode: Liderana, MboAssociationDisallowedReasonCode: -1
2019-10-24 15:41:39.592 5750-5951/? V/MboAssociationDisallowedReasonCode: GNED, MboAssociationDisallowedReasonCode: -1
2019-10-24 15:41:39.593 5750-5951/? V/MboAssociationDisallowedReasonCode: seu CESAR, MboAssociationDisallowedReasonCode: -1
2019-10-24 15:41:39.593 5750-5951/? V/MboAssociationDisallowedReasonCode: Liderana, MboAssociationDisallowedReasonCode: -1
2019-10-24 15:41:39.593 5750-5951/? V/MboAssociationDisallowedReasonCode: Drogo, MboAssociationDisallowedReasonCode: -1
2019-10-24 15:41:39.594 5750-5951/? V/MboAssociationDisallowedReasonCode: APOLLO50, MboAssociationDisallowedReasonCode: -1
2019-10-24 15:41:39.594 5750-5951/? V/MboAssociationDisallowedReasonCode: GNED, MboAssociationDisallowedReasonCode: -1
2019-10-24 15:41:39.594 4886-4886/? I/EdgeLightingService: stopService 
2019-10-24 15:41:39.594 5750-5951/? V/MboAssociationDisallowedReasonCode: Drogo, MboAssociationDisallowedReasonCode: -1
2019-10-24 15:41:39.594 5750-5951/? V/MboAssociationDisallowedReasonCode: Liderana, MboAssociationDisallowedReasonCode: -1
2019-10-24 15:41:39.595 5750-5951/? V/MboAssociationDisallowedReasonCode: APOLLO50, MboAssociationDisallowedReasonCode: -1
2019-10-24 15:41:39.595 5750-5951/? V/MboAssociationDisallowedReasonCode: GNED, MboAssociationDisallowedReasonCode: -1
2019-10-24 15:41:39.595 5750-5951/? V/MboAssociationDisallowedReasonCode: APOLLO50, MboAssociationDisallowedReasonCode: -1
2019-10-24 15:41:39.596 5750-5951/? V/MboAssociationDisallowedReasonCode: Drogo, MboAssociationDisallowedReasonCode: -1
2019-10-24 15:41:39.596 5750-5951/? V/MboAssociationDisallowedReasonCode: Drogo, MboAssociationDisallowedReasonCode: -1
2019-10-24 15:41:39.596 5750-5951/? V/MboAssociationDisallowedReasonCode: seu CESAR, MboAssociationDisallowedReasonCode: -1
2019-10-24 15:41:39.596 5750-5951/? V/MboAssociationDisallowedReasonCode: seu CESAR, MboAssociationDisallowedReasonCode: -1
2019-10-24 15:41:39.597 5750-5951/? V/MboAssociationDisallowedReasonCode: Drogo, MboAssociationDisallowedReasonCode: -1
2019-10-24 15:41:39.597 5750-5951/? V/MboAssociationDisallowedReasonCode: Liderana, MboAssociationDisallowedReasonCode: -1
2019-10-24 15:41:39.597 5750-5951/? V/MboAssociationDisallowedReasonCode: seu CESAR, MboAssociationDisallowedReasonCode: -1
2019-10-24 15:41:39.597 5750-5951/? V/MboAssociationDisallowedReasonCode: GNED, MboAssociationDisallowedReasonCode: -1
2019-10-24 15:41:39.598 5750-5951/? V/MboAssociationDisallowedReasonCode: APOLLO50, MboAssociationDisallowedReasonCode: -1
2019-10-24 15:41:39.598 5750-5951/? V/MboAssociationDisallowedReasonCode: Drogo, MboAssociationDisallowedReasonCode: -1
2019-10-24 15:41:39.598 5750-5951/? V/MboAssociationDisallowedReasonCode: Drogo, MboAssociationDisallowedReasonCode: -1
2019-10-24 15:41:39.598 5750-5951/? V/MboAssociationDisallowedReasonCode: GNED, MboAssociationDisallowedReasonCode: -1
2019-10-24 15:41:39.599 5750-5951/? V/MboAssociationDisallowedReasonCode: APOLLO50, MboAssociationDisallowedReasonCode: -1
2019-10-24 15:41:39.599 5750-5951/? V/MboAssociationDisallowedReasonCode: seu CESAR, MboAssociationDisallowedReasonCode: -1
2019-10-24 15:41:39.599 5750-5951/? V/MboAssociationDisallowedReasonCode: Liderana, MboAssociationDisallowedReasonCode: -1
2019-10-24 15:41:39.599 5750-5951/? V/MboAssociationDisallowedReasonCode: APOLLO50, MboAssociationDisallowedReasonCode: -1
2019-10-24 15:41:39.599 5750-5951/? V/MboAssociationDisallowedReasonCode: Liderana, MboAssociationDisallowedReasonCode: -1
2019-10-24 15:41:39.599 5750-5951/? V/MboAssociationDisallowedReasonCode: APOLLO50, MboAssociationDisallowedReasonCode: -1
2019-10-24 15:41:39.600 5750-5951/? I/chatty: uid=1000(system) WifiScanningSer identical 1 line
2019-10-24 15:41:39.600 5750-5951/? V/MboAssociationDisallowedReasonCode: APOLLO50, MboAssociationDisallowedReasonCode: -1
2019-10-24 15:41:39.600 5750-5951/? V/MboAssociationDisallowedReasonCode: seu CESAR, MboAssociationDisallowedReasonCode: -1
2019-10-24 15:41:39.600 5750-5951/? V/MboAssociationDisallowedReasonCode: Liderana, MboAssociationDisallowedReasonCode: -1
2019-10-24 15:41:39.600 5750-5951/? V/MboAssociationDisallowedReasonCode: Drogo, MboAssociationDisallowedReasonCode: -1
2019-10-24 15:41:39.600 5750-5951/? V/MboAssociationDisallowedReasonCode: APOLLO50, MboAssociationDisallowedReasonCode: -1
2019-10-24 15:41:39.601 5750-5951/? V/MboAssociationDisallowedReasonCode: GNED, MboAssociationDisallowedReasonCode: -1
2019-10-24 15:41:39.601 5750-5951/? V/MboAssociationDisallowedReasonCode: seu CESAR, MboAssociationDisallowedReasonCode: -1
2019-10-24 15:41:39.601 5750-5951/? V/MboAssociationDisallowedReasonCode: Drogo, MboAssociationDisallowedReasonCode: -1
2019-10-24 15:41:39.601 5750-5951/? I/chatty: uid=1000(system) WifiScanningSer identical 1 line
2019-10-24 15:41:39.601 5750-5951/? V/MboAssociationDisallowedReasonCode: Drogo, MboAssociationDisallowedReasonCode: -1
2019-10-24 15:41:39.601 5750-5951/? V/MboAssociationDisallowedReasonCode: Liderana, MboAssociationDisallowedReasonCode: -1
2019-10-24 15:41:39.601 5750-5951/? V/MboAssociationDisallowedReasonCode: APOLLO50, MboAssociationDisallowedReasonCode: -1
2019-10-24 15:41:39.602 5750-5951/? V/MboAssociationDisallowedReasonCode: Drogo, MboAssociationDisallowedReasonCode: -1
2019-10-24 15:41:39.602 5750-5951/? V/MboAssociationDisallowedReasonCode: seu CESAR, MboAssociationDisallowedReasonCode: -1
2019-10-24 15:41:39.603 5750-5948/? V/MboAssociationDisallowedReasonCode: seu CESAR, MboAssociationDisallowedReasonCode: -1
2019-10-24 15:41:39.608 5750-5948/? V/MboAssociationDisallowedReasonCode: Drogo, MboAssociationDisallowedReasonCode: -1
2019-10-24 15:41:39.609 5750-5948/? V/MboAssociationDisallowedReasonCode: GNED, MboAssociationDisallowedReasonCode: -1
2019-10-24 15:41:39.609 5750-5948/? V/MboAssociationDisallowedReasonCode: Liderana, MboAssociationDisallowedReasonCode: -1
2019-10-24 15:41:39.611 5750-5948/? V/MboAssociationDisallowedReasonCode: Drogo, MboAssociationDisallowedReasonCode: -1
2019-10-24 15:41:39.612 5750-5948/? V/MboAssociationDisallowedReasonCode: APOLLO50, MboAssociationDisallowedReasonCode: -1
2019-10-24 15:41:39.612 5750-5948/? V/MboAssociationDisallowedReasonCode: GNED, MboAssociationDisallowedReasonCode: -1
2019-10-24 15:41:39.612 5750-5948/? V/MboAssociationDisallowedReasonCode: seu CESAR, MboAssociationDisallowedReasonCode: -1
2019-10-24 15:41:39.613 5750-5948/? V/MboAssociationDisallowedReasonCode: seu CESAR, MboAssociationDisallowedReasonCode: -1
2019-10-24 15:41:39.613 5750-5948/? V/MboAssociationDisallowedReasonCode: GNED, MboAssociationDisallowedReasonCode: -1
2019-10-24 15:41:39.613 5750-5948/? V/MboAssociationDisallowedReasonCode: Drogo, MboAssociationDisallowedReasonCode: -1
2019-10-24 15:41:39.613 4886-4886/? I/EdgeLightingDialog: dismissInternal 
2019-10-24 15:41:39.614 5750-5948/? V/MboAssociationDisallowedReasonCode: seu CESAR, MboAssociationDisallowedReasonCode: -1
2019-10-24 15:41:39.615 5750-5948/? V/MboAssociationDisallowedReasonCode: Liderana, MboAssociationDisallowedReasonCode: -1
2019-10-24 15:41:39.615 5750-5948/? V/MboAssociationDisallowedReasonCode: Drogo, MboAssociationDisallowedReasonCode: -1
2019-10-24 15:41:39.615 5750-5948/? V/MboAssociationDisallowedReasonCode: GNED, MboAssociationDisallowedReasonCode: -1
2019-10-24 15:41:39.615 4886-4886/? I/NotificationEffect:  onDetachedFromWindow Window remove Touch Insector : true
2019-10-24 15:41:39.615 5750-5948/? V/MboAssociationDisallowedReasonCode: Liderana, MboAssociationDisallowedReasonCode: -1
2019-10-24 15:41:39.616 5750-5948/? V/MboAssociationDisallowedReasonCode: APOLLO50, MboAssociationDisallowedReasonCode: -1
2019-10-24 15:41:39.617 5750-5948/? V/MboAssociationDisallowedReasonCode: seu CESAR, MboAssociationDisallowedReasonCode: -1
2019-10-24 15:41:39.617 5750-5948/? V/MboAssociationDisallowedReasonCode: GNED, MboAssociationDisallowedReasonCode: -1
2019-10-24 15:41:39.617 5750-5948/? V/MboAssociationDisallowedReasonCode: Drogo, MboAssociationDisallowedReasonCode: -1
2019-10-24 15:41:39.617 5750-5948/? V/MboAssociationDisallowedReasonCode: GNED, MboAssociationDisallowedReasonCode: -1
2019-10-24 15:41:39.617 5750-5948/? V/MboAssociationDisallowedReasonCode: APOLLO50, MboAssociationDisallowedReasonCode: -1
2019-10-24 15:41:39.618 5750-5948/? V/MboAssociationDisallowedReasonCode: Liderana, MboAssociationDisallowedReasonCode: -1
2019-10-24 15:41:39.618 5750-5948/? V/MboAssociationDisallowedReasonCode: seu CESAR, MboAssociationDisallowedReasonCode: -1
2019-10-24 15:41:39.618 5750-5948/? V/MboAssociationDisallowedReasonCode: Liderana, MboAssociationDisallowedReasonCode: -1
2019-10-24 15:41:39.619 5750-5948/? V/MboAssociationDisallowedReasonCode: APOLLO50, MboAssociationDisallowedReasonCode: -1
2019-10-24 15:41:39.619 5750-5948/? V/MboAssociationDisallowedReasonCode: seu CESAR, MboAssociationDisallowedReasonCode: -1
2019-10-24 15:41:39.619 5750-5948/? V/MboAssociationDisallowedReasonCode: Liderana, MboAssociationDisallowedReasonCode: -1
2019-10-24 15:41:39.620 5750-5951/? I/WifiStateMachine: Ele scanFinished
2019-10-24 15:41:39.620 5750-5948/? V/MboAssociationDisallowedReasonCode: GNED, MboAssociationDisallowedReasonCode: -1
2019-10-24 15:41:39.620 5750-6122/? D/WifiMWIPS: MWIPS wifi state changed 13
2019-10-24 15:41:39.620 5750-5948/? V/MboAssociationDisallowedReasonCode: Liderana, MboAssociationDisallowedReasonCode: -1
2019-10-24 15:41:39.621 5750-6122/? D/WifiPermissionsUtil: canAccessScanResults: pkgName = android, uid = 1000
2019-10-24 15:41:39.621 5750-5948/? V/MboAssociationDisallowedReasonCode: GNED, MboAssociationDisallowedReasonCode: -1
2019-10-24 15:41:39.621 5750-5948/? V/MboAssociationDisallowedReasonCode: seu CESAR, MboAssociationDisallowedReasonCode: -1
2019-10-24 15:41:39.621 5750-5948/? V/MboAssociationDisallowedReasonCode: Liderana, MboAssociationDisallowedReasonCode: -1
2019-10-24 15:41:39.621 5750-5948/? V/MboAssociationDisallowedReasonCode: Drogo, MboAssociationDisallowedReasonCode: -1
2019-10-24 15:41:39.621 5265-7305/? E/BufferQueueProducer: [EdgeLightingWindow[4886]#0] disconnect: not connected (req=1)
2019-10-24 15:41:39.621 5750-5948/? V/MboAssociationDisallowedReasonCode: APOLLO50, MboAssociationDisallowedReasonCode: -1
2019-10-24 15:41:39.621 4886-9829/? W/libEGL: EGLNativeWindowType 0x6f960e3010 disconnect failed
2019-10-24 15:41:39.621 5750-5948/? V/MboAssociationDisallowedReasonCode: GNED, MboAssociationDisallowedReasonCode: -1
2019-10-24 15:41:39.621 4886-9829/? D/OpenGLRenderer: eglDestroySurface = 0x6f97fc0700, 0x6f960e3000
2019-10-24 15:41:39.621 5750-5948/? V/MboAssociationDisallowedReasonCode: Drogo, MboAssociationDisallowedReasonCode: -1
2019-10-24 15:41:39.621 4886-4886/? D/ViewRootImpl@1b0cddc[EdgeLightingWindow]: dispatchDetachedFromWindow
2019-10-24 15:41:39.621 5750-5948/? V/MboAssociationDisallowedReasonCode: Liderana, MboAssociationDisallowedReasonCode: -1
2019-10-24 15:41:39.622 5750-5948/? V/MboAssociationDisallowedReasonCode: APOLLO50, MboAssociationDisallowedReasonCode: -1
2019-10-24 15:41:39.622 5750-5948/? V/MboAssociationDisallowedReasonCode: GNED, MboAssociationDisallowedReasonCode: -1
2019-10-24 15:41:39.622 5750-5948/? V/MboAssociationDisallowedReasonCode: APOLLO50, MboAssociationDisallowedReasonCode: -1
2019-10-24 15:41:39.622 5750-5948/? V/MboAssociationDisallowedReasonCode: Drogo, MboAssociationDisallowedReasonCode: -1
2019-10-24 15:41:39.622 5750-5948/? V/MboAssociationDisallowedReasonCode: Drogo, MboAssociationDisallowedReasonCode: -1
2019-10-24 15:41:39.622 5750-5948/? V/MboAssociationDisallowedReasonCode: seu CESAR, MboAssociationDisallowedReasonCode: -1
2019-10-24 15:41:39.622 5750-5948/? V/MboAssociationDisallowedReasonCode: seu CESAR, MboAssociationDisallowedReasonCode: -1
2019-10-24 15:41:39.622 5750-5948/? V/MboAssociationDisallowedReasonCode: Drogo, MboAssociationDisallowedReasonCode: -1
2019-10-24 15:41:39.623 5750-5948/? V/MboAssociationDisallowedReasonCode: Liderana, MboAssociationDisallowedReasonCode: -1
2019-10-24 15:41:39.623 5750-5948/? V/MboAssociationDisallowedReasonCode: seu CESAR, MboAssociationDisallowedReasonCode: -1
2019-10-24 15:41:39.623 5750-5948/? V/MboAssociationDisallowedReasonCode: GNED, MboAssociationDisallowedReasonCode: -1
2019-10-24 15:41:39.623 5750-5948/? V/MboAssociationDisallowedReasonCode: APOLLO50, MboAssociationDisallowedReasonCode: -1
2019-10-24 15:41:39.623 5750-5948/? V/MboAssociationDisallowedReasonCode: Drogo, MboAssociationDisallowedReasonCode: -1
2019-10-24 15:41:39.623 5750-5948/? V/MboAssociationDisallowedReasonCode: Drogo, MboAssociationDisallowedReasonCode: -1
2019-10-24 15:41:39.623 5750-5948/? V/MboAssociationDisallowedReasonCode: GNED, MboAssociationDisallowedReasonCode: -1
2019-10-24 15:41:39.623 5750-5948/? V/MboAssociationDisallowedReasonCode: APOLLO50, MboAssociationDisallowedReasonCode: -1
2019-10-24 15:41:39.623 5750-5948/? V/MboAssociationDisallowedReasonCode: seu CESAR, MboAssociationDisallowedReasonCode: -1
2019-10-24 15:41:39.623 5750-5948/? V/MboAssociationDisallowedReasonCode: Liderana, MboAssociationDisallowedReasonCode: -1
2019-10-24 15:41:39.623 5750-5948/? V/MboAssociationDisallowedReasonCode: APOLLO50, MboAssociationDisallowedReasonCode: -1
2019-10-24 15:41:39.623 5750-5948/? V/MboAssociationDisallowedReasonCode: Liderana, MboAssociationDisallowedReasonCode: -1
2019-10-24 15:41:39.623 5750-5948/? V/MboAssociationDisallowedReasonCode: APOLLO50, MboAssociationDisallowedReasonCode: -1
2019-10-24 15:41:39.623 5750-5948/? I/chatty: uid=1000(system) WifiStateMachin identical 1 line
2019-10-24 15:41:39.624 5750-5948/? V/MboAssociationDisallowedReasonCode: APOLLO50, MboAssociationDisallowedReasonCode: -1
2019-10-24 15:41:39.624 5750-5948/? V/MboAssociationDisallowedReasonCode: seu CESAR, MboAssociationDisallowedReasonCode: -1
2019-10-24 15:41:39.624 5750-5948/? V/MboAssociationDisallowedReasonCode: Liderana, MboAssociationDisallowedReasonCode: -1
2019-10-24 15:41:39.624 5750-5948/? V/MboAssociationDisallowedReasonCode: Drogo, MboAssociationDisallowedReasonCode: -1
2019-10-24 15:41:39.624 5750-5948/? V/MboAssociationDisallowedReasonCode: APOLLO50, MboAssociationDisallowedReasonCode: -1
2019-10-24 15:41:39.624 5750-5948/? V/MboAssociationDisallowedReasonCode: GNED, MboAssociationDisallowedReasonCode: -1
2019-10-24 15:41:39.624 5750-5948/? V/MboAssociationDisallowedReasonCode: seu CESAR, MboAssociationDisallowedReasonCode: -1
2019-10-24 15:41:39.624 5750-5948/? V/MboAssociationDisallowedReasonCode: Drogo, MboAssociationDisallowedReasonCode: -1
2019-10-24 15:41:39.624 5750-5948/? I/chatty: uid=1000(system) WifiStateMachin identical 1 line
2019-10-24 15:41:39.624 4886-4886/? D/ViewRootImpl@1b0cddc[EdgeLightingWindow]: Surface release. android.view.ViewRootImpl.doDie:7967 android.view.ViewRootImpl.die:7935 android.view.WindowManagerGlobal.removeViewLocked:497 android.view.WindowManagerGlobal.removeView:435 android.view.WindowManagerImpl.removeViewImmediate:124 android.app.Dialog.dismissDialog:518 android.app.Dialog.dismiss:501 com.samsung.android.edgelighting.view.EdgeLightingDialog.callSuperDismiss:432 
2019-10-24 15:41:39.624 5750-5948/? V/MboAssociationDisallowedReasonCode: Drogo, MboAssociationDisallowedReasonCode: -1
2019-10-24 15:41:39.624 5750-5948/? V/MboAssociationDisallowedReasonCode: Liderana, MboAssociationDisallowedReasonCode: -1
2019-10-24 15:41:39.624 5750-5948/? V/MboAssociationDisallowedReasonCode: APOLLO50, MboAssociationDisallowedReasonCode: -1
2019-10-24 15:41:39.624 5750-5948/? V/MboAssociationDisallowedReasonCode: Drogo, MboAssociationDisallowedReasonCode: -1
2019-10-24 15:41:39.625 5750-5948/? V/MboAssociationDisallowedReasonCode: seu CESAR, MboAssociationDisallowedReasonCode: -1
2019-10-24 15:41:39.626 5750-5750/? D/WifiPermissionsUtil: canAccessScanResults: pkgName = com.android.settings, uid = 1000
