2019-10-24 15:41:42.946 5750-5775/? I/ActivityManager: Start proc 10222:com.samsung.android.lool/1000 for broadcast com.samsung.android.lool/com.samsung.android.sm.opt.security.model.trigger.SecurityBridgeReceiver
2019-10-24 15:41:42.946 10222-10222/? E/Zygote: isWhitelistProcess - Process is Whitelisted
2019-10-24 15:41:42.947 10222-10222/? E/Zygote: accessInfo : 1
2019-10-24 15:41:42.954 10222-10222/? E/ng.android.loo: Not starting debugger since process cannot load the jdwp agent.
2019-10-24 15:41:42.965 5750-8051/? I/ActivityManager: DSS on for com.samsung.android.lool and scale is 1.0
2019-10-24 15:41:43.006 10222-10222/? I/ng.android.loo: The ClassLoaderContext is a special shared library.
2019-10-24 15:41:43.010 10222-10222/? I/chatty: uid=1000(system) com.samsung.android.lool identical 1 line
2019-10-24 15:41:43.014 10222-10222/? I/ng.android.loo: The ClassLoaderContext is a special shared library.
2019-10-24 15:41:43.014 5217-5217/? E/audit: type=1400 audit(1571942503.013:29723): avc:  denied  { write } for  pid=10222 comm="ng.android.lool" name="com.samsung.android.lool-BV0u7OE6Q99qHRuts6iV8Q==" dev="sda31" ino=3410243 scontext=u:r:system_app:s0 tcontext=u:object_r:apk_data_file:s0 tclass=dir permissive=0 SEPF_SM-G975F_9_0011 audit_filtered
2019-10-24 15:41:43.015 5217-5217/? E/audit: type=1300 audit(1571942503.013:29723): arch=c00000b7 syscall=48 success=no exit=-13 a0=ffffff9c a1=6f960cc700 a2=2 a3=0 items=0 ppid=5223 pid=10222 auid=4294967295 uid=1000 gid=1000 euid=1000 suid=1000 fsuid=1000 egid=1000 sgid=1000 fsgid=1000 tty=(none) ses=4294967295 comm="ng.android.lool" exe="/system/bin/app_process64" subj=u:r:system_app:s0 key=(null)
2019-10-24 15:41:43.015 5217-5217/? E/audit: type=1327 audit(1571942503.013:29723): proctitle="com.samsung.android.lool"
2019-10-24 15:41:43.015 5217-5217/? E/audit: type=1400 audit(1571942503.013:29724): avc:  denied  { write } for  pid=10222 comm="ng.android.lool" name="com.samsung.android.lool-BV0u7OE6Q99qHRuts6iV8Q==" dev="sda31" ino=3410243 scontext=u:r:system_app:s0 tcontext=u:object_r:apk_data_file:s0 tclass=dir permissive=0 SEPF_SM-G975F_9_0011 audit_filtered
2019-10-24 15:41:43.015 5217-5217/? E/audit: type=1300 audit(1571942503.013:29724): arch=c00000b7 syscall=56 success=no exit=-13 a0=ffffff9c a1=6f9605a0e0 a2=42 a3=1a4 items=0 ppid=5223 pid=10222 auid=4294967295 uid=1000 gid=1000 euid=1000 suid=1000 fsuid=1000 egid=1000 sgid=1000 fsgid=1000 tty=(none) ses=4294967295 comm="ng.android.lool" exe="/system/bin/app_process64" subj=u:r:system_app:s0 key=(null)
2019-10-24 15:41:43.015 5217-5217/? E/audit: type=1327 audit(1571942503.013:29724): proctitle="com.samsung.android.lool"
2019-10-24 15:41:43.051 5262-11788/? V/APM_AudioPolicyManager: getAudioPolicyConfig: audioParam;outDevice
2019-10-24 15:41:43.052 5262-11788/? V/APM_AudioPolicyManager: getNewOutputDevice() selected device 0
2019-10-24 15:41:43.052 5262-11788/? V/APM_AudioPolicyManager: ### curdevice : 2
2019-10-24 15:41:43.070 10222-10222/? I/CapsuleProvider_1.0.9: onCreate
2019-10-24 15:41:43.071 10222-10222/? I/CapsuleProvider_1.0.9: releasing initialize wait lock.
2019-10-24 15:41:43.073 10222-10222/? I/SmSettingSearchProvider: version : 1000200015, lang : pt_BR
2019-10-24 15:41:43.086 10222-10222/? I/clear_sdk: [fy] setOption scan_opti_1:1
2019-10-24 15:41:43.088 10222-10222/? I/clear_sdk: [fy] setOption use_sdk_delete:0
2019-10-24 15:41:43.092 10222-10222/? I/clear_sdk: [fy] setOption lang_locale:pt_BR
2019-10-24 15:41:43.092 10222-10222/? I/clear_sdk: [fy] setOption lang_locale_default:en_WW
2019-10-24 15:41:43.092 10222-10222/? I/clear_sdk: [fy] setOption use_i18i_cloud_query_server:1
2019-10-24 15:41:43.113 10222-10222/? D/SamsungAnalytics201007: [Validation] dma pkg:544001000
2019-10-24 15:41:43.115 10222-10222/? D/SamsungAnalytics201007: cf feature is supported
2019-10-24 15:41:43.127 10222-10222/? D/SamsungAnalytics201007: send setting
2019-10-24 15:41:43.128 10222-10222/? D/SamsungAnalytics201007: newThread on Executor
2019-10-24 15:41:43.139 10222-10222/? D/SamsungAnalytics201007: [Tracker] Tracker start:2.01.007DMA
2019-10-24 15:41:43.142 10222-10222/? V/SB_Provider: method : com.samsung.android.sm.security.service.ACTION_SERVICE_STATUS_CHANGED, arg : null
2019-10-24 15:41:43.143 10222-10222/? W/ContextImpl: Calling a method in the system process without a qualified user: android.app.ContextImpl.startService:1610 android.content.ContextWrapper.startService:677 com.samsung.android.sm.opt.security.model.trigger.SecurityBridgeProvider.a:71 com.samsung.android.sm.opt.security.model.trigger.SecurityBridgeProvider.call:57 android.content.ContentProvider$Transport.call:403 
2019-10-24 15:41:43.156 10222-10248/? I/SB_Processor: action : com.samsung.android.sm.security.service.ACTION_SERVICE_STATUS_CHANGED
2019-10-24 15:41:43.315 5750-5947/? D/WifiPermissionsUtil: canAccessScanResults: pkgName = android, uid = 1000
2019-10-24 15:41:43.541 5750-8051/? D/ConnectivityService: filterNetworkStateForUid() uid: 5012, pid: 8351
2019-10-24 15:41:43.542 5750-8051/? D/ConnectivityService: filterNetworkStateForUid() uid: 5012, pid: 8351, networkInfo: [type: WIFI[], state: CONNECTED/CONNECTED, reason: (unspecified), extra: (none), failover: false, available: true, roaming: false]
2019-10-24 15:41:43.553 8351-10220/? D/ConnectivityManager: requestNetwork; CallingUid : 5012, CallingPid : 8351
2019-10-24 15:41:43.557 5750-8446/? D/ConnectivityService: listenForNetwork for uid/pid:5012/8351 NetworkRequest [ LISTEN id=17014, [ Transports: WIFI Capabilities: INTERNET&NOT_RESTRICTED&TRUSTED&NOT_VPN Unwanted:  Uid: 5012] ]
2019-10-24 15:41:43.557 5750-5962/? D/ConnectivityService: rematching NetworkAgentInfo [WIFI () - 844]
2019-10-24 15:41:43.558 5750-5962/? D/ConnectivityService:  network has: [ Transports: WIFI Capabilities: NOT_METERED&INTERNET&NOT_RESTRICTED&TRUSTED&NOT_VPN&VALIDATED&NOT_ROAMING&FOREGROUND&NOT_CONGESTED&NOT_SUSPENDED Unwanted:  LinkUpBandwidth>=1048576Kbps LinkDnBandwidth>=1048576Kbps SignalStrength: -62 SSID: "seu CESAR"]
2019-10-24 15:41:43.558 5750-5962/? D/ConnectivityService: Network NetworkAgentInfo [WIFI () - 844] was already satisfying request 5138. No change.
2019-10-24 15:41:43.558 5750-5962/? D/ConnectivityService: Network NetworkAgentInfo [WIFI () - 844] was already satisfying request 17010. No change.
2019-10-24 15:41:43.558 5750-5962/? D/ConnectivityService: Network NetworkAgentInfo [WIFI () - 844] was already satisfying request 19. No change.
2019-10-24 15:41:43.558 5750-5962/? D/ConnectivityService: Network NetworkAgentInfo [WIFI () - 844] was already satisfying request 17008. No change.
2019-10-24 15:41:43.558 5750-5962/? D/ConnectivityService: Network NetworkAgentInfo [WIFI () - 844] was already satisfying request 9. No change.
2019-10-24 15:41:43.558 5750-5962/? D/ConnectivityService: Network NetworkAgentInfo [WIFI () - 844] was already satisfying request 5141. No change.
2019-10-24 15:41:43.558 5750-5962/? D/ConnectivityService: Network NetworkAgentInfo [WIFI () - 844] was already satisfying request 17000. No change.
2019-10-24 15:41:43.558 5750-5962/? D/ConnectivityService: Network NetworkAgentInfo [WIFI () - 844] was already satisfying request 12. No change.
2019-10-24 15:41:43.558 5750-5962/? D/ConnectivityService: Network NetworkAgentInfo [WIFI () - 844] was already satisfying request 1. No change.
2019-10-24 15:41:43.558 5750-5962/? D/ConnectivityService: Network NetworkAgentInfo [WIFI () - 844] was already satisfying request 17012. No change.
2019-10-24 15:41:43.558 5750-5962/? D/ConnectivityService: Network NetworkAgentInfo [WIFI () - 844] was already satisfying request 17006. No change.
2019-10-24 15:41:43.558 5750-5962/? D/ConnectivityService: Network NetworkAgentInfo [WIFI () - 844] was already satisfying request 5139. No change.
2019-10-24 15:41:43.558 5750-5962/? D/ConnectivityService: Network NetworkAgentInfo [WIFI () - 844] was already satisfying request 9297. No change.
2019-10-24 15:41:43.558 5750-5962/? D/ConnectivityService: Network NetworkAgentInfo [WIFI () - 844] was already satisfying request 2341. No change.
2019-10-24 15:41:43.558 5750-5962/? D/ConnectivityService: sending notification CALLBACK_AVAILABLE for NetworkRequest [ LISTEN id=17014, [ Transports: WIFI Capabilities: INTERNET&NOT_RESTRICTED&TRUSTED&NOT_VPN Unwanted:  Uid: 5012] ]
2019-10-24 15:41:43.560 5750-5948/? I/WifiVendorHal: getWifiLinkLayerStats(l.2972) before calling iface.getLinkLayerStats
2019-10-24 15:41:43.561 5247-5247/? I/android.hardware.wifi@1.0-service: enter getLinkLayerStats
2019-10-24 15:41:43.561 5247-5247/? I/android.hardware.wifi@1.0-service: enter getLinkLayerStatsInternal
2019-10-24 15:41:43.599 5247-5247/? I/android.hardware.wifi@1.0-service: Successfully getLinkLayerStats.
2019-10-24 15:41:43.599 5750-5948/? I/WifiVendorHal: getWifiLinkLayerStats(l.2972) after calling iface.getLinkLayerStats
2019-10-24 15:41:43.629 8351-10254/? D/NetworkSecurityConfig: No Network Security Config specified, using platform default
2019-10-24 15:41:43.631 8351-10254/? I/System.out: (HTTPLog)-Static: isSBSettingEnabled false
2019-10-24 15:41:43.631 8351-10254/? I/System.out: (HTTPLog)-Static: isSBSettingEnabled false
2019-10-24 15:41:43.634 5222-5283/? D/DnsProxyListener: DNSDBG::dns addrinfo af 2
2019-10-24 15:41:43.694 8351-10254/? D/TcpOptimizer: TcpOptimizer-ON
2019-10-24 15:41:43.695 5750-6124/? D/WifiPermissionsUtil: canAccessScanResults: pkgName = android, uid = 1000
2019-10-24 15:41:43.829 5750-8446/? D/ConnectivityService: Vpn: getActiveNetworkForUidInternal: 10219, false, false, DISCONNECTED
2019-10-24 15:41:43.829 5750-8446/? D/ConnectivityService: isNetworkWithLinkPropertiesBlocked: uid=10219, vpn=DISCONNECTED,false
2019-10-24 15:41:43.829 5750-8446/? D/ConnectivityService: filterNetworkStateForUid() uid: 10219, pid: 5750
2019-10-24 15:41:43.829 5750-8446/? D/ConnectivityService: isNetworkWithLinkPropertiesBlocked: uid=10219, vpn=DISCONNECTED,false
2019-10-24 15:41:43.829 5750-8446/? D/ConnectivityService: filterNetworkStateForUid() uid: 10219, pid: 5750, networkInfo: [type: WIFI[], state: CONNECTED/CONNECTED, reason: (unspecified), extra: (none), failover: false, available: true, roaming: false]
2019-10-24 15:41:43.857 5750-5750/? D/EdgeLightingManager: isCallingUserSupported : callingUserId=0, mUserId=0, isDualAppId=false
2019-10-24 15:41:43.857 5750-5750/? D/EdgeLightingManager: hideForNotification : packageName = org.telegram.messenger
2019-10-24 15:41:43.857 5750-5750/? D/EdgeLightingPolicyManager:NotificationGroup: remove : sbn : StatusBarNotification(pkg=org.telegram.messenger user=UserHandle{0} id=-1215066600 tag=null key=0|org.telegram.messenger|-1215066600|null|10219: Notification(channel=0channel-1215066600_-3448142428789803505 pri=0 contentView=null vibrate=null sound=null defaults=0x0 flags=0x10 color=0xff11acfa category=msg sortKey=9223370464912262807 actions=2 vis=PRIVATE semFlags=0x0 semPriority=0 semMissedCount=0))
2019-10-24 15:41:43.857 5750-5750/? D/EdgeLightingPolicyManager.NotificationGroup: group key = 0|com.taxis99|0|FCM-Notification:653766627|10229 ,value= summary : null , child : 1key = 0|com.taxis99|0|FCM-Notification:653766627|10229 , value =  NotificationData { tag= FCM-Notification:653766627 } , } 
2019-10-24 15:41:43.857 5750-5750/? D/EdgeLightingPolicyManager.NotificationGroup: group key = 0|com.taxis99|0|FCM-Notification:132288339|10229 ,value= summary : null , child : 1key = 0|com.taxis99|0|FCM-Notification:132288339|10229 , value =  NotificationData { tag= FCM-Notification:132288339 } , } 
2019-10-24 15:41:43.858 5750-5750/? D/EdgeLightingPolicyManager.NotificationGroup: group key = 0|com.taxis99|0|FCM-Notification:433361081|10229 ,value= summary : null , child : 1key = 0|com.taxis99|0|FCM-Notification:433361081|10229 , value =  NotificationData { tag= FCM-Notification:433361081 } , } 
2019-10-24 15:41:43.861 5750-5750/? D/EdgeLightingPolicyManager.NotificationGroup: group key = 0|org.telegram.messenger|c:0channel881442185_-8471673142202342110 ,value= summary : null , child : 1key = 0|org.telegram.messenger|881442185|null|10219 , value =  NotificationData { tag= null } , } 
2019-10-24 15:41:43.861 5750-5750/? D/EdgeLightingPolicyManager.NotificationGroup: group key = 0|com.sec.android.app.dexonpc|1339|null|1000 ,value= summary : null , child : 1key = 0|com.sec.android.app.dexonpc|1339|null|1000 , value =  NotificationData { tag= null } , } 
2019-10-24 15:41:43.861 5750-5750/? D/EdgeLightingPolicyManager.NotificationGroup: group key = 0|com.sec.android.app.shealth|105|null|10213 ,value= summary : null , child : 1key = 0|com.sec.android.app.shealth|105|null|10213 , value =  NotificationData { tag= null } , } 
2019-10-24 15:41:43.861 5750-5750/? D/EdgeLightingPolicyManager.NotificationGroup: group key = 0|com.taxis99|0|FCM-Notification:653710580|10229 ,value= summary : null , child : 1key = 0|com.taxis99|0|FCM-Notification:653710580|10229 , value =  NotificationData { tag= FCM-Notification:653710580 } , } 
2019-10-24 15:41:43.861 5750-5750/? D/EdgeLightingPolicyManager.NotificationGroup: group key = 0|com.ubercab|3|1e4cb2d8-8e3c-4b9b-bf56-972baeb5a816|10228 ,value= summary : null , child : 1key = 0|com.ubercab|3|1e4cb2d8-8e3c-4b9b-bf56-972baeb5a816|10228 , value =  NotificationData { tag= 1e4cb2d8-8e3c-4b9b-bf56-972baeb5a816 } , } 
2019-10-24 15:41:43.861 5750-5750/? D/EdgeLightingPolicyManager.NotificationGroup: group key = 0|com.twitter.android|4|null|10251 ,value= summary : null , child : 1key = 0|com.twitter.android|4|null|10251 , value =  NotificationData { tag= null } , } 
2019-10-24 15:41:43.861 5750-5750/? D/EdgeLightingPolicyManager.NotificationGroup: group key = 0|com.whatsapp|g:call_notification_group ,value= summary :  NotificationData { tag= null }  , child : 0 } 
2019-10-24 15:41:43.861 5750-5750/? D/EdgeLightingPolicyManager.NotificationGroup: group key = 0|com.ubercab|3|d4c02c41-c911-4158-ae7f-59c7ac21b165|10228 ,value= summary : null , child : 1key = 0|com.ubercab|3|d4c02c41-c911-4158-ae7f-59c7ac21b165|10228 , value =  NotificationData { tag= d4c02c41-c911-4158-ae7f-59c7ac21b165 } , } 
2019-10-24 15:41:43.861 5750-5750/? D/EdgeLightingPolicyManager.NotificationGroup: group key = 0|com.samsung.android.app.routines|g:group_key_routine ,value= summary : null , child : 1key = 0|com.samsung.android.app.routines|102|null|10010 , value =  NotificationData { tag= null } , } 
2019-10-24 15:41:43.861 5750-5750/? D/EdgeLightingPolicyManager.NotificationGroup: group key = 0|com.taxis99|0|FCM-Notification:433711684|10229 ,value= summary : null , child : 1key = 0|com.taxis99|0|FCM-Notification:433711684|10229 , value =  NotificationData { tag= FCM-Notification:433711684 } , } 
2019-10-24 15:41:43.861 5750-5750/? D/EdgeLightingPolicyManager.NotificationGroup: group key = 0|com.twitter.android|5|null|10251 ,value= summary : null , child : 1key = 0|com.twitter.android|5|null|10251 , value =  NotificationData { tag= null } , } 
2019-10-24 15:41:43.861 5750-5750/? D/EdgeLightingPolicyManager.NotificationGroup: group key = 0|com.ubercab|1570724499|53342bf584bd1a082bcfe5f4fd6d436d|10228 ,value= summary : null , child : 1key = 0|com.ubercab|1570724499|53342bf584bd1a082bcfe5f4fd6d436d|10228 , value =  NotificationData { tag= 53342bf584bd1a082bcfe5f4fd6d436d } , } 
2019-10-24 15:41:43.862 5750-5750/? D/EdgeLightingPolicyManager.NotificationGroup: group key = 0|com.taxis99|25460101|null|10229 ,value= summary : null , child : 1key = 0|com.taxis99|25460101|null|10229 , value =  NotificationData { tag= null } , } 
2019-10-24 15:41:43.862 5750-5750/? D/EdgeLightingPolicyManager.NotificationGroup: group key = 0|com.google.android.apps.maps|127237364|CAERiGBje2LcloEZ9U1ZN6H7oR0gAg|10189 ,value= summary : null , child : 1key = 0|com.google.android.apps.maps|127237364|CAERiGBje2LcloEZ9U1ZN6H7oR0gAg|10189 , value =  NotificationData { tag= CAERiGBje2LcloEZ9U1ZN6H7oR0gAg } , } 
2019-10-24 15:41:43.862 5750-5750/? D/EdgeLightingPolicyManager.NotificationGroup: group key = 0|com.taxis99|70381439|null|10229 ,value= summary : null , child : 1key = 0|com.taxis99|70381439|null|10229 , value =  NotificationData { tag= null } , } 
2019-10-24 15:41:43.862 5750-5750/? D/EdgeLightingManager: hideForNotification : isOngoing is false
2019-10-24 15:41:43.864 5750-5750/? D/LightsService: [api] [SvcLED] turnOff:: id = 4 (uid: 1000 pid: 5750) 
2019-10-24 15:41:43.864 5750-5750/? D/LightsService: [api] [SvcLED] LED indicator : Not supported.
2019-10-24 15:41:43.866 6305-6305/? D/BadgeCountReceiver: badge intent : Intent { act=android.intent.action.BADGE_COUNT_UPDATE flg=0x1000010 cmp=com.sec.android.provider.badge/.BadgeCountReceiver (has extras) }
2019-10-24 15:41:43.866 6305-6305/? D/BadgeCountReceiver: packageName: org.telegram.messenger, className: org.telegram.ui.LaunchActivity, count: 0
2019-10-24 15:41:43.871 6305-6305/? D/MethodReflector: notifyChange is called
2019-10-24 15:41:43.874 6305-6305/? D/BadgeProvider: sendNotify entered. [uri] : content://com.sec.badge/apps
2019-10-24 15:41:43.874 6305-6305/? D/BadgeProvider: sendNotify, [notify] : null
2019-10-24 15:41:43.874 6305-6305/? D/BadgeProvider: update, getCallingPackage() : com.sec.android.provider.badge
2019-10-24 15:41:43.874 6305-6305/? D/BadgeProvider: update, [uri] : content://com.sec.badge/apps
2019-10-24 15:41:43.874 6305-6305/? D/BadgeProvider: update, [uri.query] : null
2019-10-24 15:41:43.874 6305-6305/? D/BadgeProvider: update, [BadgeCount] : badgecount=0
2019-10-24 15:41:43.874 6305-6305/? D/BadgeProvider: update, [UpdateCount] : 1
2019-10-24 15:41:43.875 6203-6203/? I/StackScroller: ADJUST STACK.TRANSLATION
2019-10-24 15:41:43.875 6203-6203/? D/KeyguardCutout: setDisplayCutout DisplayCutout{insets=Rect(0, 107 - 0, 0) boundingRect=Rect(836, 0 - 1080, 107)}
2019-10-24 15:41:43.875 6203-6203/? D/KeyguardCutout: getSidePadding 0
2019-10-24 15:41:43.879 6305-9861/? D/BadgeProvider: query, [selection] : package=?
2019-10-24 15:41:43.881 5750-8051/? E/LockSettingsStorage: Cannot read file java.io.FileNotFoundException: /data/system/fmmpassword.key: open failed: ENOENT (No such file or directory)
2019-10-24 15:41:43.882 5750-5936/? D/SdpManagerService: Not an enterprise user : 0
2019-10-24 15:41:43.883 6305-9861/? E/DatabaseUtils: Writing exception to parcel
    java.lang.SecurityException: Permission Denial: writing com.sec.android.provider.badge.BadgeProvider uri content://com.sec.badge/apps?notify=true from pid=8761, uid=10219 requires com.sec.android.provider.badge.permission.WRITE, or grantUriPermission()
        at android.content.ContentProvider.enforceWritePermissionInner(ContentProvider.java:729)
        at android.content.ContentProvider.semEnforceWritePermission(ContentProvider.java:656)
        at android.content.ContentProvider$Transport.enforceWritePermission(ContentProvider.java:517)
        at android.content.ContentProvider$Transport.update(ContentProvider.java:354)
        at android.content.ContentProviderNative.onTransact(ContentProviderNative.java:211)
        at android.os.Binder.execTransact(Binder.java:739)
2019-10-24 15:41:43.887 4901-4901/? D/Notification.Badge: [valid] onNotificationRemoved : StatusBarNotification(pkg=org.telegram.messenger user=UserHandle{0} id=-1215066600 tag=null key=0|org.telegram.messenger|-1215066600|null|10219: Notification(channel=0channel-1215066600_-3448142428789803505 pri=0 contentView=null vibrate=null sound=null defaults=0x0 flags=0x10 color=0xff11acfa category=msg sortKey=9223370464912262807 actions=2 vis=PRIVATE semFlags=0x0 semPriority=0 semMissedCount=0))
2019-10-24 15:41:43.887 4901-4901/? D/Notification.Badge: notificationKey : 0|org.telegram.messenger|-1215066600|null|10219, count : 3, this.count : 3
2019-10-24 15:41:43.887 4901-5086/? D/Notification.Badge: LauncherModel:onNotificationRemoved() : org.telegram.messenger
2019-10-24 15:41:43.887 4901-5086/? D/Notification.Badge: updateLauncherIconBadges : 1
2019-10-24 15:41:43.887 9993-10278/? D/DeviceData: buildFlatBuffer - building flatbuffer 
2019-10-24 15:41:43.888 9993-10278/? D/DeviceData: buildFlatBuffer composed: ms = 1bufflen = 1232
2019-10-24 15:41:43.888 4901-5086/? D/Notification.Badge: badgeItems.size() : 1
2019-10-24 15:41:43.888 9993-10361/? I/1_0_0.25_MPSD_UMD_CHOREOGRAPHER: triggerEventInModels 132 EVENT:[10]
2019-10-24 15:41:43.888 4901-5086/? D/Notification.Badge: updateLauncherIconBadges() cached count : 3
2019-10-24 15:41:43.888 9993-10361/? I/1_0_0.25_MPSD_IAD_MANAGER: update EVENT:[10]
2019-10-24 15:41:43.888 4901-5086/? D/Notification.Badge: updateLauncherIconBadges() item : [IconInfo(title=Telegram intent=Intent { act=android.intent.action.MAIN cat=[android.intent.category.LAUNCHER] flg=0x10200000 cmp=org.telegram.messenger/org.telegram.ui.LaunchActivity (has extras) } id=74 type=0 container=-102 screen=1 cellX=0 cellY=0 spanX=1 spanY=1 rank=0 hidden=0 dropPos=null user=UserHandle{0} screenType=0)], mShowBadge : [false], item.mBadgeCount : [0]
2019-10-24 15:41:43.888 4901-4901/? D/HomeContainer:  onBadgeBindingCompleted
2019-10-24 15:41:43.888 4901-4901/? D/AppsContainer:  onBadgeBindingCompleted
2019-10-24 15:41:43.889 4901-4901/? D/IconView: refreshBadge() item : [title=Telegram, id=74, container=-102, screenType=0], mShowBadge : [false], mBadgeCount : [0]
2019-10-24 15:41:43.889 4901-4901/? D/AppsPagedViewWrapper: updateBadgeItemsInPagedView update no items, isWorkspace item : true
2019-10-24 15:41:43.889 4901-4901/? D/RecommendedView: updateBadgeItems: [IconInfo(title=Telegram intent=Intent { act=android.intent.action.MAIN cat=[android.intent.category.LAUNCHER] flg=0x10200000 cmp=org.telegram.messenger/org.telegram.ui.LaunchActivity (has extras) } id=74 type=0 container=-102 screen=1 cellX=0 cellY=0 spanX=1 spanY=1 rank=0 hidden=0 dropPos=null user=UserHandle{0} screenType=0)]
2019-10-24 15:41:43.889 4901-4901/? I/SuggestedItemsProvider: Update badge info: ComponentInfo{org.telegram.messenger/org.telegram.ui.LaunchActivity}(false, 0)
2019-10-24 15:41:43.889 4901-4901/? D/IconView: refreshBadge() item : [title=Telegram, id=-1, container=-101, screenType=0], mShowBadge : [false], mBadgeCount : [0]
2019-10-24 15:41:43.890 4901-4901/? D/HomeContainer:  onNotificationPreviewBinding
2019-10-24 15:41:43.890 4901-4901/? D/AppsContainer:  onNotificationPreviewBinding
2019-10-24 15:41:43.893 9993-10260/? D/SIML_MSGDR: train_buf
2019-10-24 15:41:43.894 5750-8446/? E/LockSettingsStorage: Cannot read file java.io.FileNotFoundException: /data/system/fmmpassword.key: open failed: ENOENT (No such file or directory)
2019-10-24 15:41:43.896 5750-8446/? D/SdpManagerService: Not an enterprise user : 0
2019-10-24 15:41:43.897 9993-10260/? D/SIML_REGRESSION_IMPL: training accuracy: 1.0000
2019-10-24 15:41:43.897 9993-10260/? D/SIML_REGRESSION_IMPL: training time: 0.004 seconds
2019-10-24 15:41:43.897 9993-10260/? D/SIML_REGRESSION_IMPL: model sparsity: 94.7833%
2019-10-24 15:41:43.898 6203-6203/? I/StackScroller: ADJUST STACK.TRANSLATION
2019-10-24 15:41:43.899 6203-6203/? D/KeyguardCutout: setDisplayCutout DisplayCutout{insets=Rect(0, 107 - 0, 0) boundingRect=Rect(836, 0 - 1080, 107)}
2019-10-24 15:41:43.899 6203-6203/? D/KeyguardCutout: getSidePadding 0
2019-10-24 15:41:43.904 5750-8446/? I/chatty: uid=1000(system) Binder:5750_1B identical 1 line
2019-10-24 15:41:43.905 5750-8446/? D/SdpManagerService: Not an enterprise user : 0
2019-10-24 15:41:43.908 5750-8446/? E/LockSettingsStorage: Cannot read file java.io.FileNotFoundException: /data/system/fmmpassword.key: open failed: ENOENT (No such file or directory)
2019-10-24 15:41:43.909 5750-8446/? D/SdpManagerService: Not an enterprise user : 0
2019-10-24 15:41:43.915 6203-6203/? I/StackScroller: ADJUST STACK.TRANSLATION
2019-10-24 15:41:43.916 6203-6203/? D/KeyguardCutout: getSidePadding 0
2019-10-24 15:41:43.916 6203-6203/? I/StackScroller: ADJUST STACK.TRANSLATION
2019-10-24 15:41:43.916 6203-6203/? I/StackScroller: ADJUST STACK.TRANSLATION
2019-10-24 15:41:43.998 5750-8446/? D/SamsungAlarmManager: Cancel Alarm calling from uid:10043 pid :18425 / op:PendingIntent{8c6afe1: PendingIntentRecord{ff1e07f com.google.android.gms broadcastIntent}}
2019-10-24 15:41:44.005 5750-8446/? I/SamsungAlarmManager: setLocked to kernel - T:2 / 20191024T154156, SetElapsed=1452601184, nowELAPSED=1452588718
2019-10-24 15:41:44.006 5750-8446/? I/SamsungAlarmManager: setLocked to kernel - T:3 / 20191024T154151, SetElapsed=1452596010, nowELAPSED=1452588719
2019-10-24 15:41:44.011 5750-8446/? D/SamsungAlarmManager: setExact Intent (T:2/F:5/AC:false) 20191024T155344 - CU:10043/CP:18425
2019-10-24 15:41:44.011 5750-8446/? I/SamsungAlarmManager: setLocked to kernel - T:2 / 20191024T154156, SetElapsed=1452601184, nowELAPSED=1452588724
2019-10-24 15:41:44.011 5750-8446/? I/SamsungAlarmManager: setLocked to kernel - T:3 / 20191024T154151, SetElapsed=1452596010, nowELAPSED=1452588724
2019-10-24 15:41:44.017 18425-20694/? W/ChimeraUtils: Non Chimera context
2019-10-24 15:41:44.017 18425-20694/? W/ChimeraUtils: Non Chimera context
2019-10-24 15:41:44.040 5750-8446/? D/SamsungAlarmManager: setExact Intent (T:2/F:5/AC:false) 20191024T154344 - CU:10043/CP:18425
2019-10-24 15:41:44.040 5750-8446/? I/SamsungAlarmManager: setLocked to kernel - T:2 / 20191024T154156, SetElapsed=1452601184, nowELAPSED=1452588753
2019-10-24 15:41:44.040 5750-8446/? I/SamsungAlarmManager: setLocked to kernel - T:3 / 20191024T154151, SetElapsed=1452596010, nowELAPSED=1452588753
2019-10-24 15:41:44.061 5750-8051/? D/ConnectivityService: Vpn: getActiveNetworkForUidInternal: 10219, false, false, DISCONNECTED
2019-10-24 15:41:44.061 5750-8051/? D/ConnectivityService: isNetworkWithLinkPropertiesBlocked: uid=10219, vpn=DISCONNECTED,false
2019-10-24 15:41:44.061 5750-8051/? D/ConnectivityService: filterNetworkStateForUid() uid: 10219, pid: 5750
2019-10-24 15:41:44.061 5750-8051/? D/ConnectivityService: isNetworkWithLinkPropertiesBlocked: uid=10219, vpn=DISCONNECTED,false
2019-10-24 15:41:44.061 5750-8051/? D/ConnectivityService: filterNetworkStateForUid() uid: 10219, pid: 5750, networkInfo: [type: WIFI[], state: CONNECTED/CONNECTED, reason: (unspecified), extra: (none), failover: false, available: true, roaming: false]
2019-10-24 15:41:44.073 4901-4901/? D/Notification.Badge: reloadBadges() entered.
2019-10-24 15:41:44.088 6305-9861/? D/BadgeProvider: query, [selection] : null
2019-10-24 15:41:44.092 4901-5086/? D/BadgeCache: 1. pkgName : com.samsung.android.app.cocktailbarservice.settings = 0
2019-10-24 15:41:44.092 5750-8051/? D/SamsungAlarmManager: Cancel Alarm calling from uid:10043 pid :18425 / op:PendingIntent{35f34bf: PendingIntentRecord{82b0dc0 com.google.android.gms broadcastIntent}}
2019-10-24 15:41:44.092 4901-5086/? D/BadgeCache: 1. pkgName : com.samsung.android.messaging = 43
2019-10-24 15:41:44.092 4901-5086/? D/BadgeCache: 2. componentName: com.samsung.android.messaging/com.android.mms.ui.ConversationComposer = 43
2019-10-24 15:41:44.092 4901-5086/? D/BadgeCache: 1. pkgName : com.sec.android.easyMover = 0
2019-10-24 15:41:44.092 4901-5086/? D/BadgeCache: 1. pkgName : com.sec.android.app.samsungapps = 0
2019-10-24 15:41:44.092 4901-5086/? D/BadgeCache: 1. pkgName : org.telegram.messenger = 0
2019-10-24 15:41:44.092 4901-5086/? D/BadgeCache: 1. pkgName : com.whatsapp = 0
2019-10-24 15:41:44.092 4901-5086/? D/BadgeCache: 1. pkgName : com.samsung.android.scloud = 0
2019-10-24 15:41:44.092 4901-5086/? D/BadgeCache: 1. pkgName : com.sec.android.app.sbrowser = -1
2019-10-24 15:41:44.093 4901-5086/? D/BadgeCache: 2. componentName: com.sec.android.app.sbrowser/.SBrowserMainActivity = -1
2019-10-24 15:41:44.093 4901-5086/? D/BadgeCache: 1. pkgName : com.google.android.youtube = 29
2019-10-24 15:41:44.093 4901-5086/? D/BadgeCache: 2. componentName: com.google.android.youtube/.app.honeycomb.Shell$HomeActivity = 29
2019-10-24 15:41:44.093 4901-5086/? D/BadgeCache: 1. pkgName : com.samsung.android.dialer = -1
2019-10-24 15:41:44.093 4901-5086/? D/BadgeCache: 2. componentName: com.samsung.android.dialer/.DialtactsActivity = -1
2019-10-24 15:41:44.093 4901-5086/? D/BadgeCache: 1. pkgName : com.samsung.android.voc = 0
2019-10-24 15:41:44.093 4901-5086/? D/BadgeCache: 1. pkgName : com.samsung.android.spay = -1
2019-10-24 15:41:44.093 4901-5086/? D/BadgeCache: 2. componentName: com.samsung.android.spay/.ui.SpayMainActivity = -1
2019-10-24 15:41:44.093 4901-5086/? D/BadgeCache: 1. pkgName : br.com.bb.android = 1
2019-10-24 15:41:44.093 4901-5086/? D/BadgeCache: 2. componentName: br.com.bb.android/.reactnative.ReactLoginActivity = 1
2019-10-24 15:41:44.093 4901-5086/? D/BadgeCache: 1. pkgName : com.samsung.android.authfw = -1
2019-10-24 15:41:44.093 4901-5086/? D/BadgeCache: 2. componentName: com.samsung.android.authfw/.samsungpass.ui.activity.EntryLauncher = -1
2019-10-24 15:41:44.093 4901-5086/? D/BadgeCache: 1. pkgName : com.samsung.android.authfw = -1
2019-10-24 15:41:44.093 4901-5086/? D/BadgeCache: 2. componentName: com.samsung.android.authfw/.samsungpass.launcher.EntryLauncher = -1
2019-10-24 15:41:44.093 4901-5086/? D/BadgeCache: 1. pkgName : com.samsung.android.samsungpass = -1
2019-10-24 15:41:44.093 4901-5086/? D/BadgeCache: 2. componentName: com.samsung.android.samsungpass/.ui.activity.EntryLauncher = -1
2019-10-24 15:41:44.093 4901-5086/? D/BadgeCache: 1. pkgName : com.samsung.android.samsungpass = -1
2019-10-24 15:41:44.093 4901-5086/? D/BadgeCache: 2. componentName: com.samsung.android.samsungpass/.launcher.EntryLauncher = -1
2019-10-24 15:41:44.093 4901-5086/? D/BadgeCache: 1. pkgName : com.microsoft.office.outlook = 98
2019-10-24 15:41:44.093 4901-5086/? D/BadgeCache: 2. componentName: com.microsoft.office.outlook/.MainActivity = 98
2019-10-24 15:41:44.093 4901-5086/? D/BadgeCache: 1. pkgName : com.linkedin.android = 22
2019-10-24 15:41:44.093 4901-5086/? D/BadgeCache: 2. componentName: com.linkedin.android/.authenticator.LaunchActivity = 22
2019-10-24 15:41:44.093 4901-5086/? D/BadgeCache: 1. pkgName : com.instagram.android = 0
2019-10-24 15:41:44.093 4901-5086/? D/BadgeCache: 1. pkgName : com.twitter.android = 0
2019-10-24 15:41:44.093 4901-5086/? D/BadgeCache: 1. pkgName : com.dropbox.android = 0
2019-10-24 15:41:44.093 4901-5086/? D/BadgeCache: 1. pkgName : com.reddit.frontpage = 3
2019-10-24 15:41:44.093 4901-5086/? D/BadgeCache: 2. componentName: com.reddit.frontpage/.StartActivity = 3
2019-10-24 15:41:44.093 4901-5086/? D/BadgeCache: 1. pkgName : com.amazon.mShop.android.shopping = 0
2019-10-24 15:41:44.093 4901-5086/? D/BadgeCache: 1. pkgName : com.samsung.android.knox.containeragent = 0
2019-10-24 15:41:44.093 4901-5086/? D/BadgeCache: 1. pkgName : com.google.android.apps.tachyon = 0
2019-10-24 15:41:44.093 4901-5086/? D/BadgeCache: 1. pkgName : br.com.meliuz = 0
2019-10-24 15:41:44.094 4901-5086/? D/BadgeCache: 1. pkgName : com.samsung.android.calendar = -1
2019-10-24 15:41:44.094 4901-5086/? D/BadgeCache: 2. componentName: com.samsung.android.calendar/com.android.calendar.AllInOneActivity = -1
2019-10-24 15:41:44.094 4901-5086/? D/BadgeCache: 1. pkgName : com.samsung.android.game.gamehome = 0
2019-10-24 15:41:44.094 4901-5086/? D/BadgeCache: 1. pkgName : com.samsung.android.app.simplesharing = 0
2019-10-24 15:41:44.094 4901-5086/? D/BadgeCache: 1. pkgName : com.schibsted.bomnegocio.androidApp = 0
2019-10-24 15:41:44.094 4901-5086/? D/BadgeCache: 1. pkgName : com.remote.control.universal.forall.tv = 0
2019-10-24 15:41:44.094 4901-5086/? D/BadgeCache: 1. pkgName : com.samsung.android.email.provider = -1
2019-10-24 15:41:44.094 4901-5086/? D/BadgeCache: 2. componentName: com.samsung.android.email.provider/com.samsung.android.email.ui.activity.MessageListXL = -1
2019-10-24 15:41:44.094 4901-5086/? D/BadgeCache: 1. pkgName : host.exp.exponent = 0
2019-10-24 15:41:44.094 4901-5086/? D/BadgeCache: 1. pkgName : net.moblee.recnplay = 0
2019-10-24 15:41:44.094 4901-5086/? D/BadgeCache: 1. pkgName : com.mercadolibre = 0
2019-10-24 15:41:44.094 4901-5086/? D/BadgeCache: 1. pkgName : com.zigzagame.evertale = 0
2019-10-24 15:41:44.095 5750-8051/? I/SamsungAlarmManager: setLocked to kernel - T:2 / 20191024T154156, SetElapsed=1452601184, nowELAPSED=1452588808
2019-10-24 15:41:44.095 5750-8051/? I/SamsungAlarmManager: setLocked to kernel - T:3 / 20191024T154151, SetElapsed=1452596010, nowELAPSED=1452588808
2019-10-24 15:41:44.102 5262-11788/? V/APM_AudioPolicyManager: AudioPolicyManager:setRecordSilenced(uid:10014, silenced:0)
2019-10-24 15:41:44.102 4901-5086/? D/BadgeCache: reloadBadgeCounts(), tempBadges.size() : [24], user : [UserHandle{0}]
2019-10-24 15:41:44.102 4901-5086/? D/BadgeCache: getAllBadgeCountsFromBadgeProvider() user : UserHandle{150}, UserHandle.myUserHandle() : UserHandle{0}
2019-10-24 15:41:44.102 4901-5086/? D/BadgeCache: getAllBadgeCountsFromBadgeProvider() badgeUri : content://150@com.sec.badge/apps?noMultiUser=true
2019-10-24 15:41:44.102 6156-6156/? D/HidDeviceService: handleMessage(): msg.what=8
2019-10-24 15:41:44.115 6156-6156/? D/HidDeviceService: handleMessage(): msg.what=8
2019-10-24 15:41:44.115 6156-6156/? D/HidDeviceService: unregisterAppUid(): uid=10014
2019-10-24 15:41:44.115 6156-6156/? D/HidDeviceService: unregisterAppUid(): caller UID doesn't match user UID
2019-10-24 15:41:44.121 8565-8580/? D/BadgeProvider: query, [selection] : null
2019-10-24 15:41:44.125 4901-5086/? D/BadgeCache: 1. pkgName : com.sec.android.app.samsungapps = 0
2019-10-24 15:41:44.125 4901-5086/? D/BadgeCache: 1. pkgName : com.samsung.android.authfw = -1
2019-10-24 15:41:44.125 4901-5086/? D/BadgeCache: 2. componentName: com.samsung.android.authfw/.samsungpass.ui.activity.EntryLauncher = -1
2019-10-24 15:41:44.125 4901-5086/? D/BadgeCache: 1. pkgName : com.samsung.android.authfw = -1
2019-10-24 15:41:44.125 4901-5086/? D/BadgeCache: 2. componentName: com.samsung.android.authfw/.samsungpass.launcher.EntryLauncher = -1
2019-10-24 15:41:44.125 4901-5086/? D/BadgeCache: 1. pkgName : com.samsung.android.samsungpass = -1
2019-10-24 15:41:44.125 4901-5086/? D/BadgeCache: 2. componentName: com.samsung.android.samsungpass/.ui.activity.EntryLauncher = -1
2019-10-24 15:41:44.125 4901-5086/? D/BadgeCache: 1. pkgName : com.samsung.android.samsungpass = -1
2019-10-24 15:41:44.125 4901-5086/? D/BadgeCache: 2. componentName: com.samsung.android.samsungpass/.launcher.EntryLauncher = -1
2019-10-24 15:41:44.129 4901-5086/? D/BadgeCache: reloadBadgeCounts(), tempBadges.size() : [24], user : [UserHandle{150}]
2019-10-24 15:41:44.129 4901-5086/? D/BadgeCache: reloadBadgeCounts(), final size : 24
2019-10-24 15:41:44.129 4901-5086/? D/Notification.Badge: reloadBadges(), badges count : 24
2019-10-24 15:41:44.248 5750-6477/? E/Watchdog: !@Sync 25092 [2019-10-24 15:41:44.248] FD count : 691
2019-10-24 15:41:44.268 5750-5857/? I/SensorService: [REARLIGHT] lux value : 144, code value : 123
2019-10-24 15:41:44.319 5750-5947/? D/WifiTrafficPoller: TrafficStats TxPkts=10478984 RxPkts=14082967 TxBytes=2660180161 RxBytes=17418432955 , Foreground uid=10110 pkgName=com.sec.android.app.launcher TxPackets=-1 RxPackets=-1 TxBytes=-1 RxBytes=-1
2019-10-24 15:41:44.320 5750-5947/? D/WifiPermissionsUtil: canAccessScanResults: pkgName = android, uid = 1000
2019-10-24 15:41:44.399 12341-12341/? I/AppsEdge.Badge: onChange
2019-10-24 15:41:44.399 12341-12341/? I/AppsEdge.Badge: updateBadgeManager
2019-10-24 15:41:44.406 6305-9861/? D/BadgeProvider: query, [selection] : null
2019-10-24 15:41:44.411 12341-12341/? I/AppsEdge.Badge: getBadgeIconType 0
2019-10-24 15:41:44.525 5750-5948/? I/WifiVendorHal: getWifiLinkLayerStats(l.2972) before calling iface.getLinkLayerStats
2019-10-24 15:41:44.525 5247-5247/? I/android.hardware.wifi@1.0-service: enter getLinkLayerStats
2019-10-24 15:41:44.525 5247-5247/? I/android.hardware.wifi@1.0-service: enter getLinkLayerStatsInternal
2019-10-24 15:41:44.546 5247-5247/? I/android.hardware.wifi@1.0-service: Successfully getLinkLayerStats.
2019-10-24 15:41:44.546 5750-5948/? I/WifiVendorHal: getWifiLinkLayerStats(l.2972) after calling iface.getLinkLayerStats
2019-10-24 15:41:44.564 5750-5948/? D/WifiStateMachine: enter getWifiLinkLayerStats
2019-10-24 15:41:44.565 5750-5948/? I/WifiVendorHal: getWifiLinkLayerStats(l.2972) before calling iface.getLinkLayerStats
2019-10-24 15:41:44.565 5247-5247/? I/android.hardware.wifi@1.0-service: enter getLinkLayerStats
2019-10-24 15:41:44.565 5247-5247/? I/android.hardware.wifi@1.0-service: enter getLinkLayerStatsInternal
2019-10-24 15:41:44.586 5247-5247/? I/android.hardware.wifi@1.0-service: Successfully getLinkLayerStats.
2019-10-24 15:41:44.587 5750-5948/? I/WifiVendorHal: getWifiLinkLayerStats(l.2972) after calling iface.getLinkLayerStats
2019-10-24 15:41:44.619 5750-5948/? I/WifiStateMachine: checkScoreBasedQuality -  mPreviousScore[0]:80 mPreviousScore[1]:80 mPreviousScore[2]:80 s2Score:80mPrevoiusScoreAverage:80
2019-10-24 15:41:45.172 5750-8070/? D/WifiPermissionsUtil: canAccessScanResults: pkgName = com.sec.android.sdhms, uid = 1000
2019-10-24 15:41:45.289 5750-5882/? D/SensorHubManager: onGetSensorHubDataLocked: library(22) = 1, 1, 44, 1, 1, 1, 4, 2, -48, 13, 2, 0, 0, 0, 0, 0, 0, 0, 0, 0, 39, 47
2019-10-24 15:41:45.290 5750-5883/? D/CAE: onGetSensorHubData(SensorHubParserProvider.java:91) - onGetSensorHubData Event [event buffer len :22], AP_WAKEUP
2019-10-24 15:41:45.290 5750-5883/? I/CAE: parse(SensorHubParserProvider.java:192) - buffer size = 22
2019-10-24 15:41:45.290 5750-5883/? I/CAE: parse(SensorHubParserProvider.java:203) - 1, 1, 44, 1, 1, 1, 4, 2, -48, 13, 2, 0, 0, 0, 0, 0, 0, 0, 0, 0, 39, 47,
2019-10-24 15:41:45.291 5750-5883/? I/CAE: parse(SLMonitorRunner.java:301) - parse:4
2019-10-24 15:41:45.291 5750-5883/? D/CAE: parse(SLMonitorRunner.java:323) - dataSize:1
2019-10-24 15:41:45.291 5750-5883/? D/CAE: display(SLMonitorRunner.java:604) - ================= STEP_LEVEL_MONITOR =================
2019-10-24 15:41:45.292 5750-5883/? I/CAE: display(SLMonitorRunner.java:721) - DT=[1], DC=[1], TS=[1571942493197], ST=[SE], SC=[0], DI=[0.0], CA=[0.0], DU=[10031]
2019-10-24 15:41:45.292 5750-5888/? D/SemContextService: Service.updateContext() : service = Step Level Monitor
2019-10-24 15:41:45.294 11483-11483/? D/SemContextManager: onSemContextChanged() : event = Step Level Monitor
2019-10-24 15:41:45.294 11483-23838/? I/Sensor[0x06]: [0x01] 33
2019-10-24 15:41:45.294 11483-23838/? I/Sensor[0x04]: [0x01] 1571942493197[0x02] 0[0x03] 2[0x04] 10031
2019-10-24 15:41:45.323 5750-5947/? D/WifiPermissionsUtil: canAccessScanResults: pkgName = android, uid = 1000
2019-10-24 15:41:45.560 5750-5948/? I/WifiVendorHal: getWifiLinkLayerStats(l.2972) before calling iface.getLinkLayerStats
2019-10-24 15:41:45.561 5247-5247/? I/android.hardware.wifi@1.0-service: enter getLinkLayerStats
2019-10-24 15:41:45.561 5247-5247/? I/android.hardware.wifi@1.0-service: enter getLinkLayerStatsInternal
2019-10-24 15:41:45.599 5247-5247/? I/android.hardware.wifi@1.0-service: Successfully getLinkLayerStats.
2019-10-24 15:41:45.600 5750-5948/? I/WifiVendorHal: getWifiLinkLayerStats(l.2972) after calling iface.getLinkLayerStats
2019-10-24 15:41:46.326 5750-5947/? D/WifiPermissionsUtil: canAccessScanResults: pkgName = android, uid = 1000
2019-10-24 15:41:46.474 10107-10136/? I/android.vendin: Waiting for a blocking GC ProfileSaver
2019-10-24 15:41:46.498 10120-10140/? I/ndroid.game.go: Waiting for a blocking GC ProfileSaver
2019-10-24 15:41:46.513 10120-10140/? I/ndroid.game.go: WaitForGcToComplete blocked ProfileSaver on AddRemoveAppImageSpace for 14.351ms
2019-10-24 15:41:46.536 5750-5948/? I/WifiVendorHal: getWifiLinkLayerStats(l.2972) before calling iface.getLinkLayerStats
2019-10-24 15:41:46.538 5247-5247/? I/android.hardware.wifi@1.0-service: enter getLinkLayerStats
2019-10-24 15:41:46.538 5247-5247/? I/android.hardware.wifi@1.0-service: enter getLinkLayerStatsInternal
2019-10-24 15:41:46.576 5247-5247/? I/android.hardware.wifi@1.0-service: Successfully getLinkLayerStats.
2019-10-24 15:41:46.577 5750-5948/? I/WifiVendorHal: getWifiLinkLayerStats(l.2972) after calling iface.getLinkLayerStats
2019-10-24 15:41:46.604 10107-10136/? I/android.vendin: WaitForGcToComplete blocked ProfileSaver on ClassLinker for 129.610ms
2019-10-24 15:41:46.968 5750-5857/? I/SensorService: [REARLIGHT] lux value : 154, code value : 123
2019-10-24 15:41:47.329 5750-5947/? D/WifiPermissionsUtil: canAccessScanResults: pkgName = android, uid = 1000
2019-10-24 15:41:47.331 6203-6203/? D/SecStatusBarWifiView: updateState: WifiIconState(resId=2131232615, visible=true, activityId=2131232620)
2019-10-24 15:41:47.385 7283-7283/? D/io_stats: !@   8,0 r 16725604 665848064 w 14786053 304660744 d 1230353 241754884 f 5125083 6744040 iot 12886808 10366150 th 102400 102400 68856 pt 228 inp 0 0 753180.210
2019-10-24 15:41:47.504 5385-5536/? E/storaged: getDiskStats failed with result NOT_SUPPORTED and size 0
2019-10-24 15:41:47.566 5750-5948/? I/WifiVendorHal: getWifiLinkLayerStats(l.2972) before calling iface.getLinkLayerStats
2019-10-24 15:41:47.566 5247-5247/? I/android.hardware.wifi@1.0-service: enter getLinkLayerStats
2019-10-24 15:41:47.566 5247-5247/? I/android.hardware.wifi@1.0-service: enter getLinkLayerStatsInternal
2019-10-24 15:41:47.606 5247-5247/? I/android.hardware.wifi@1.0-service: Successfully getLinkLayerStats.
2019-10-24 15:41:47.607 5750-5948/? I/WifiVendorHal: getWifiLinkLayerStats(l.2972) after calling iface.getLinkLayerStats
2019-10-24 15:41:47.638 5750-5948/? I/WifiStateMachine: CheckEleEnvironment BD : 10 9 11 9 10 10 MD : -111 -111 -111 -111 -111 -111 WD : -52 -50 -51 -52 -52 -52 GC : false false false false false false SC : false false false false false false
2019-10-24 15:41:47.638 5750-5948/? D/WifiStateMachine: enter getWifiLinkLayerStats
2019-10-24 15:41:47.639 5750-5948/? I/WifiVendorHal: getWifiLinkLayerStats(l.2972) before calling iface.getLinkLayerStats
2019-10-24 15:41:47.639 5247-5247/? I/android.hardware.wifi@1.0-service: enter getLinkLayerStats
2019-10-24 15:41:47.639 5247-5247/? I/android.hardware.wifi@1.0-service: enter getLinkLayerStatsInternal
2019-10-24 15:41:47.678 5247-5247/? I/android.hardware.wifi@1.0-service: Successfully getLinkLayerStats.
2019-10-24 15:41:47.679 5750-5948/? I/WifiVendorHal: getWifiLinkLayerStats(l.2972) after calling iface.getLinkLayerStats
2019-10-24 15:41:47.761 5750-5948/? I/WifiStateMachine: checkScoreBasedQuality -  mPreviousScore[0]:80 mPreviousScore[1]:80 mPreviousScore[2]:80 s2Score:80mPrevoiusScoreAverage:80
2019-10-24 15:41:47.873 5750-8446/? D/PackageManager: [VERIFY] extendVerificationTimeout2(193, ALLOW, 60000), uid=5012
2019-10-24 15:41:47.873 5750-8446/? D/PackageManager: [VERIFY] extendVerificationTimeout: timeout extended
2019-10-24 15:41:47.873 5750-8446/? D/PackageManager: [VERIFY] extendTimeout(193), uid=5012
2019-10-24 15:41:47.881 5750-8446/? D/PackageManager: [VERIFY] verifyPendingInstall2(193, ALLOW), uid=5012
2019-10-24 15:41:47.881 5750-5796/? D/PackageManager: [VERIFY] PACKAGE_VERIFIED: 
    PackageVerificationState{
        verifier packages=com.samsung.android.sm.devicesecurity(5012),
        intent=Intent { act=com.samsung.android.intent.action.PACKAGE_NEEDS_VERIFICATION2 dat=file:///data/app/vmdl2014775582.tmp typ=application/vnd.android.package-archive flg=0x10000001 cmp=com.samsung.android.sm.devicesecurity/.AppVerificationReceiver (has extras) }
        others=193, false, false, false, false, true
    }
2019-10-24 15:41:47.881 5750-5796/? D/PackageManager: [VERIFY] setVerifierResponse {verificationID=193, uid=5012, code=1}
2019-10-24 15:41:47.881 8351-10220/? D/ConnectivityManager: unregisterNetworkCallback; CallingUid : 5012, CallingPid : 8351
2019-10-24 15:41:47.881 5750-5796/? D/PackageManager: [VERIFY] packageVerificationCompletion: completed id=193
2019-10-24 15:41:47.882 5750-5962/? D/ConnectivityService: releasing NetworkRequest [ LISTEN id=17014, [ Transports: WIFI Capabilities: INTERNET&NOT_RESTRICTED&TRUSTED&NOT_VPN Unwanted:  Uid: 5012] ] (release request)
2019-10-24 15:41:47.907 5750-5796/? W/PackageManager: verifying app can be installed or not
2019-10-24 15:41:47.910 5750-5796/? D/ApplicationPolicy: isApplicationInstallationEnabled
2019-10-24 15:41:47.916 5750-5796/? D/ApplicationPolicy: isApplicationInstallationEnabled :  Checking PKG WL - false
2019-10-24 15:41:47.917 5750-5796/? D/ApplicationPolicy: isApplicationInstallationEnabled :  Checking PKG BL - true
2019-10-24 15:41:47.917 5750-5796/? D/ApplicationPolicy: isApplicationInstallationEnabled :  Checking PERM BL - true
2019-10-24 15:41:47.917 5750-5796/? D/ApplicationPolicy: isApplicationInstallationEnabled :  Checking SIG BL - true
2019-10-24 15:41:47.917 5750-5796/? D/ApplicationPolicy: isApplicationInstallationEnabled :  Checking PKG WL - false
2019-10-24 15:41:47.917 5750-5796/? D/ApplicationPolicy: isApplicationInstallationEnabled :  Checking PKG BL - true
2019-10-24 15:41:47.917 5750-5796/? D/ApplicationPolicy: isApplicationInstallationEnabled :  Checking PERM BL - true
2019-10-24 15:41:47.917 5750-5796/? D/ApplicationPolicy: isApplicationInstallationEnabled :  Checking SIG BL - true
2019-10-24 15:41:47.917 5750-5796/? D/ApplicationPolicy: isApplicationInstallationEnabled :  Checking PKG WL - false
2019-10-24 15:41:47.917 5750-5796/? D/ApplicationPolicy: isApplicationInstallationEnabled :  Checking PKG BL - true
2019-10-24 15:41:47.917 5750-5796/? D/ApplicationPolicy: isApplicationInstallationEnabled :  Checking PERM BL - true
2019-10-24 15:41:47.917 5750-5796/? D/ApplicationPolicy: isApplicationInstallationEnabled :  Checking SIG BL - true
2019-10-24 15:41:47.917 5750-5796/? D/ApplicationPolicy: isApplicationInstallationEnabled :  Checking PKG WL - false
2019-10-24 15:41:47.918 5750-5796/? D/ApplicationPolicy: isApplicationInstallationEnabled :  Checking PKG BL - true
2019-10-24 15:41:47.918 5750-5796/? D/ApplicationPolicy: isApplicationInstallationEnabled :  Checking PERM BL - true
2019-10-24 15:41:47.918 5750-5796/? D/ApplicationPolicy: isApplicationInstallationEnabled :  Checking SIG BL - true
2019-10-24 15:41:47.918 5750-5796/? D/ApplicationPolicy: isApplicationInstallationEnabled() :  userID :   0  != AdminUserID  150
2019-10-24 15:41:47.918 5750-5796/? D/ApplicationPolicy: isApplicationInstallationEnabled() :  userID :   0  != AdminUserID  150
2019-10-24 15:41:47.919 5750-5796/? D/ApplicationPolicy: isApplicationInstallationEnabled :  enabled true
2019-10-24 15:41:47.919 5750-5796/? D/ApplicationPolicy: isApplicationInstallationEnabled
2019-10-24 15:41:47.919 5750-5796/? D/ApplicationPolicy: isApplicationInstallationEnabled() :  userID :   150  != AdminUserID  0
2019-10-24 15:41:47.919 5750-5796/? I/chatty: uid=1000(system) PackageManager identical 2 lines
2019-10-24 15:41:47.919 5750-5796/? D/ApplicationPolicy: isApplicationInstallationEnabled() :  userID :   150  != AdminUserID  0
2019-10-24 15:41:47.919 5750-5796/? D/ApplicationPolicy: isApplicationInstallationEnabled :  Checking PKG WL - false
2019-10-24 15:41:47.935 5750-5796/? D/ApplicationPolicy: isApplicationInstallationEnabled :  Checking PKG BL - true
2019-10-24 15:41:47.935 5750-5796/? D/ApplicationPolicy: isApplicationInstallationEnabled :  Checking PERM BL - true
2019-10-24 15:41:47.935 5750-5796/? D/ApplicationPolicy: isApplicationInstallationEnabled :  Checking SIG BL - true
2019-10-24 15:41:47.935 5750-5796/? D/ApplicationPolicy: isApplicationInstallationEnabled :  Checking PKG WL - false
2019-10-24 15:41:47.935 5750-5796/? D/ApplicationPolicy: isApplicationInstallationEnabled :  Checking PKG BL - true
2019-10-24 15:41:47.935 5750-5796/? D/ApplicationPolicy: isApplicationInstallationEnabled :  Checking PERM BL - true
2019-10-24 15:41:47.935 5750-5796/? D/ApplicationPolicy: isApplicationInstallationEnabled :  Checking SIG BL - true
2019-10-24 15:41:47.936 5750-5796/? D/ApplicationPolicy: isApplicationInstallationEnabled :  enabled true
2019-10-24 15:41:47.937 5750-5796/? D/RestrictionPolicy: isNewAdminInstallationEnabledInternal : false
2019-10-24 15:41:47.937 5750-5796/? D/RestrictionPolicy: isNewAdminInstallationEnabledInternal : false
2019-10-24 15:41:47.938 5750-5796/? I/AASAInstall: ship device
2019-10-24 15:41:48.090 10266-10266/? I/ApkToolkit: Use APK V2 signature. APK: /data/app/vmdl2014775582.tmp/base.apk
2019-10-24 15:41:48.090 10266-10266/? I/ApkToolkit: Found the best signature algorithm ID: 0x103
2019-10-24 15:41:48.101 10266-10266/? I/ApkToolkit: FiveSignJni starts: 3.
2019-10-24 15:41:48.101 10266-10266/? I/ApkToolkit: FiveSignJni finished: 0.
2019-10-24 15:41:48.101 10266-10266/? I/ApkToolkit: FiveSign starts: zip_fd = 3, fd = 3.
2019-10-24 15:41:48.101 10266-10266/? I/ApkToolkit: FiveSignOat: Apk case.
2019-10-24 15:41:48.109 10266-10266/? I/ApkToolkit: FiveSign finished: 0.
2019-10-24 15:41:48.124 5750-5796/? W/SELinux: SELinux: set fc_digest(/data/app/com.example.hangger-AgbOJS7OpGQ240Hp-5W8nw==)
2019-10-24 15:41:48.134 5750-5796/? D/PersonaServiceHelper: trimPersonaFromInstallation is called...
2019-10-24 15:41:48.135 5750-5796/? D/PersonaServiceHelper: User is not knox premium container 0
2019-10-24 15:41:48.135 5750-5796/? D/PersonaServiceHelper: Processing premimum container in trimPersonaFromInstallation - 150
2019-10-24 15:41:48.135 5750-5796/? D/PersonaServiceHelper: user = all
     for persona 150 com.example.hangger
2019-10-24 15:41:48.135 5750-5796/? D/PersonaServiceHelper: in trim for persona 150 setting false null com.example.hangger
2019-10-24 15:41:48.143 5750-5796/? D/PackageManager: EAS IT Policy com.example.hangger isPackageSignedByPlatform = false
2019-10-24 15:41:48.143 5750-5796/? D/PackageManager: EAS IT Policy destCodeFile /data/app/com.example.hangger-AgbOJS7OpGQ240Hp-5W8nw==
2019-10-24 15:41:48.145 5750-5796/? D/AASAinstall: there is not AASApackages.xml file
2019-10-24 15:41:48.155 5750-5796/? D/PackageManager: REQUEST_INSTALL_PACKAGES from the list: com.samsung.android.email.provider :: true
