      pfl=50 naviIconColor=0
      sfl=20000}
2019-10-24 15:41:36.385 5750-8070/? I/WindowManager: commitFinishDrawingLocked: mDrawState=READY_TO_SHOW Surface(name=NavigationBar[6203])/@0x15098bc
2019-10-24 15:41:36.386 6203-6203/? D/ViewRootImpl@3605e90[NavbarGestureHandler]: Relayout returned: old=[0,1970][1080,2280] new=[0,1970][1080,2280] result=0x1 surface={valid=true 478671302656} changed=false
2019-10-24 15:41:36.386 5265-5265/? I/SurfaceFlinger: Display 0 HWC layers:
        type    |    handle    | flag |  format   |   source crop (l,t,r,b)    |         frame       | name 
    ------------+--------------+------+-----------+----------------------------+---------------------+------
         Device | 0x74b9943ea0 | 0002 | RGBA_8888 |   0.0    0.0 1080.0 2280.0 |    0    0 1080 2280 | com.android.systemui.ImageWallpaper[6203]#0
         Device | 0x74be43a1c0 | 0000 | RGBA_8888 | 165.0  347.0  915.0 1933.0 |    1    0 1079 2280 | com.sec.android.app.launcher/com.sec[...].activities.LauncherActivity[4901]#0
         Device | 0x74be43ae00 | 0000 | RGBA_8888 |   0.0    0.0 1080.0 2280.0 |    0    0 1080 2280 | StatusBar[6203]#0
         Device | 0x74b99428c0 | 0000 | RGBA_8888 |   0.0    0.0   67.0  432.0 | 1013 1528 1080 1960 | com.samsung.android.app.cocktailbars[...]rservice.CocktailBarService[12341]#0
         Device | 0x74b9942a80 | 0000 | RGBA_8888 |   0.0    0.0    4.0    4.0 |    0 1970    4 1974 | NavbarGestureHandler[6203]#0
         Device | 0x74bea45440 | 0000 | RGBA_8888 |  
2019-10-24 15:41:36.386 5265-5265/? I/SurfaceFlinger:  0.0    0.0    1.0    1.0 |    0  110    1  111 | [8410]#1
         Device | 0x74b99430a0 | 0000 | RGBA_8888 |   0.0    0.0 1080.0  324.0 |    0    0 1080  324 | [8410]#0
         Device | 0x74bea43e60 | 0000 | RGBA_8888 |   0.0    0.0 1080.0 2280.0 |    0    0 1080 2280 | EdgeLightingWindow[4886]#0
         Device | 0x74bea45600 | 0000 | RGBA_8888 |   0.0    0.0 1080.0  786.0 |    0 1494 1080 2280 | #0
2019-10-24 15:41:36.387 5750-8070/? I/WindowManager: commitFinishDrawingLocked: mDrawState=READY_TO_SHOW Surface(name=NavigationBar[6203])/@0x15098bc
2019-10-24 15:41:36.389 6203-6203/? D/KeyguardCutout: getSidePadding 0
2019-10-24 15:41:36.389 6203-6203/? D/KeyguardCutout: getSidePadding 0
2019-10-24 15:41:36.392 6203-6203/? I/KeyguardServiceBoxContainer: onReceive : android.intent.action.USER_PRESENT
2019-10-24 15:41:36.392 6203-6203/? I/KeyguardServiceBoxContainer: Go to the clock page due to unlocking
2019-10-24 15:41:36.392 6203-6203/? V/Bar.QuickConnectBar: intent receive
2019-10-24 15:41:36.392 6203-6203/? D/Bar.QuickConnectBar: collapsed =android.widget.RemoteViews@863398b,  expanded =null
2019-10-24 15:41:36.393 6203-6203/? D/ViewRootImpl@3605e90[NavbarGestureHandler]: MSG_RESIZED: frame=Rect(538, 2276 - 542, 2280) ci=Rect(0, 0 - 0, 0) vi=Rect(0, 0 - 0, 0) or=1
2019-10-24 15:41:36.394 6203-6203/? D/ViewRootImpl@3605e90[NavbarGestureHandler]: MSG_RESIZED: frame=Rect(0, 1970 - 1080, 2280) ci=Rect(0, 0 - 0, 0) vi=Rect(0, 0 - 0, 0) or=1
2019-10-24 15:41:36.394 6203-6203/? D/Bar.QuickConnectBar: refresh state =com.android.systemui.bar.QuickConnectBar$State@5b0cb52
2019-10-24 15:41:36.394 6203-6203/? D/Bar.QuickConnectBar: refresh remote = android.widget.RemoteViews@863398b
2019-10-24 15:41:36.395 9948-9948/? D/Zygote: [fsType:vfat] | [uuid:9016-4EF8] [label:]
2019-10-24 15:41:36.395 9948-9948/? I/Zygote: found /mnt/media_rw/9016-4EF8
2019-10-24 15:41:36.395 9948-9948/? I/Zygote: found /mnt/runtime/default/9016-4EF8
2019-10-24 15:41:36.395 9948-9948/? I/Zygote: found /mnt/runtime/read/9016-4EF8
2019-10-24 15:41:36.395 9948-9948/? I/Zygote: found /mnt/runtime/write/9016-4EF8
2019-10-24 15:41:36.395 9948-9948/? I/Zygote: unmounting /mnt/runtime/write/9016-4EF8
2019-10-24 15:41:36.398 6203-6203/? D/Bar.QuickConnectBar: updateContainerHeight height =108 mHeight = 0
2019-10-24 15:41:36.398 6203-6203/? D/Bar.QuickConnectBar: updateView childCount = 0
2019-10-24 15:41:36.398 6203-6203/? D/Bar.QuickConnectBar: animateViews in =android.widget.LinearLayout{3074f03 V.E...... ......I. 0,0-0,0} out = null
2019-10-24 15:41:36.403 6203-6203/? D/KeyguardServiceBoxContainer: setAlpha 1.0
2019-10-24 15:41:36.403 6203-6203/? D/StatusBar: NSSL is visible again by unlock animation end...
2019-10-24 15:41:36.403 6203-6203/? D/StatusBar: setBarState: KGRD -> SHD
2019-10-24 15:41:36.405 6203-6203/? I/Navbar.ImmersiveController: handleEvent - HIDDEN, KEYGUARD_STATE_CHANGED
2019-10-24 15:41:36.406 6203-6203/? D/PanelView: Motion Aborted
2019-10-24 15:41:36.406 6203-6203/? D/KeyguardCutout: getSidePadding 0
2019-10-24 15:41:36.407 6203-6203/? D/KeyguardCutout: getSidePadding 0
2019-10-24 15:41:36.407 6203-6203/? D/StatusBar: disable<e i a s b h r c s k > disable2<q i n g o >
2019-10-24 15:41:36.409 6203-6203/? D/PanelView: current noti scale : 0.99517095
2019-10-24 15:41:36.409 6203-6203/? I/PanelView: n.B.P.E.C:false, false, false, false, false, false
2019-10-24 15:41:36.410 6203-6203/? D/KeyguardCutout: setDisplayCutout DisplayCutout{insets=Rect(0, 107 - 0, 0) boundingRect=Rect(836, 0 - 1080, 107)}
2019-10-24 15:41:36.410 6203-6203/? D/KeyguardCutout: getSidePadding 0
2019-10-24 15:41:36.410 6203-6203/? V/DymLock|WallpaperSettingsManager: setBarState() 0
2019-10-24 15:41:36.411 6203-6203/? D/DymLock|WallpaperSettingsManager: notifyAction action[UNLOCKED] arg[false]
2019-10-24 15:41:36.411 6203-6203/? D/DymLock|BaseAnimator: setTouchIgnored() true
2019-10-24 15:41:36.411 6203-6203/? D/DymLock|BaseAnimator: resetAnimation
2019-10-24 15:41:36.411 6203-8201/? D/DymLock|NotifyActions: notifyActions() action[unlocked]
2019-10-24 15:41:36.411 6203-6203/? D/BaseAnimator: setFullScreenMode enabled=false
2019-10-24 15:41:36.411 6203-8201/? D/DymLock|SystemUiUseCase: call action[unlocked]
2019-10-24 15:41:36.411 6203-6203/? D/PanelView: setViewMode() mode:0
2019-10-24 15:41:36.415 8925-9510/? D/DymLock|31044|DynamicLockProvider: call() action[unlocked]
2019-10-24 15:41:36.415 5750-5750/? I/AccessibilityManagerService: semIsAccessibilityServiceEnabled()
2019-10-24 15:41:36.416 5750-5750/? I/AccessibilityManagerService: readMagnifierWindowEnabledSettingLocked: magniferWindowEnabled false, userState.mIsMagniferWindowEnabled false
2019-10-24 15:41:36.416 5750-5750/? W/LoadedApk: Slow system_server main thread handled for android.intent.action.USER_PRESENT took 102 ms, Receiver = com.android.server.accessibility.AccessibilityManagerService$5@1f71046
2019-10-24 15:41:36.416 5750-5750/? W/Looper: Slow dispatch took 103ms main h=android.app.ActivityThread$H c=android.app.-$$Lambda$LoadedApk$ReceiverDispatcher$Args$_BumDX2UKsnxLVrE6UJsJZkotuA@9b152a7 m=0
2019-10-24 15:41:36.416 5750-5750/? W/Looper: Slow system_server main looper dispatch took 103ms  h=android.app.ActivityThread$H c=android.app.-$$Lambda$LoadedApk$ReceiverDispatcher$Args$_BumDX2UKsnxLVrE6UJsJZkotuA@9b152a7 m=0
2019-10-24 15:41:36.416 5750-5750/? D/LightsService: [api] [SvcLED] turnOff:: id = 4 (uid: 1000 pid: 5750) 
2019-10-24 15:41:36.416 5750-5750/? D/LightsService: [api] [SvcLED] LED indicator : Not supported.
2019-10-24 15:41:36.416 5750-5750/? D/UniversalCredentialManagerService: inside mBReciever onReceive : android.intent.action.USER_PRESENT
2019-10-24 15:41:36.416 5750-6146/? D/GameManagerService: handleUserPresent()
2019-10-24 15:41:36.416 5750-6146/? D/GameManagerService:   handleUserPresent(). resume signal is needed for com.sec.android.app.launcher
2019-10-24 15:41:36.417 5750-5750/? I/MdnieScenarioControlService: action  :  android.intent.action.USER_PRESENT
2019-10-24 15:41:36.418 5750-5750/? D/MdnieScenarioControlService:  packageName : com.sec.android.app.launcher    className : com.sec.android.app.launcher.activities.LauncherActivity
2019-10-24 15:41:36.418 5750-6717/? V/MdnieScenarioControlService: setUIMode from UI function(2)
2019-10-24 15:41:36.418 5750-5750/? I/AdaptiveDisplaySolutionService: action  :  android.intent.action.USER_PRESENT
2019-10-24 15:41:36.418 5750-5750/? I/AdaptiveDisplaySolutionService: ACTION_USER_PRESENT
2019-10-24 15:41:36.418 5750-5750/? I/PalmMotion: [PALM] SURFACE_MOTION_ENGINE: 1 SURFACE_PALM_TOUCH: 1
2019-10-24 15:41:36.418 5750-5750/? I/PalmMotion: [PALM] SURFACE_PALM_SWIPE: 1 Mobile Keyboard : 0
2019-10-24 15:41:36.418 5750-5750/? D/PalmMotion: [PALM] SETTINGS : [TOUCH: true] [SWEEP: true]
2019-10-24 15:41:36.418 5750-5750/? D/PalmMotion: [PALM] ACCEPTED : [beyond2lte] PALM_CNT : 1, M_TOUCH : 1000.0, M_SWEEP : 100.0, E_SWEEP : 2.0, IGNORE_M_SWEEP : false
2019-10-24 15:41:36.418 5750-5750/? E/MotionRecognitionService:   mReceiver.onReceive : ACTION_USER_PRESENT  :: UNLOCK SCREEN
2019-10-24 15:41:36.419 6203-6203/? V/DymLock|WallpaperSettingsContainer: onUnlocked()
2019-10-24 15:41:36.419 5750-5750/? I/AccessibilityManagerService: semIsAccessibilityServiceEnabled()
2019-10-24 15:41:36.419 5750-5750/? I/AccessibilityManagerService: readMagnifierWindowEnabledSettingLocked: magniferWindowEnabled false, userState.mIsMagniferWindowEnabled false
2019-10-24 15:41:36.419 5750-5750/? D/UniversalCredentialManagerService: inside mBReciever onReceive : android.intent.action.USER_PRESENT
2019-10-24 15:41:36.419 5750-6146/? D/GameManagerService: handleUserPresent()
2019-10-24 15:41:36.419 5750-5750/? I/MdnieScenarioControlService: action  :  android.intent.action.USER_PRESENT
2019-10-24 15:41:36.420 5750-5750/? D/MdnieScenarioControlService:  packageName : com.sec.android.app.launcher    className : com.sec.android.app.launcher.activities.LauncherActivity
2019-10-24 15:41:36.420 5750-5750/? I/AdaptiveDisplaySolutionService: action  :  android.intent.action.USER_PRESENT
2019-10-24 15:41:36.420 5750-6717/? V/MdnieScenarioControlService: setUIMode from UI function(2)
2019-10-24 15:41:36.420 5750-5750/? I/AdaptiveDisplaySolutionService: ACTION_USER_PRESENT
2019-10-24 15:41:36.420 5750-5750/? I/PalmMotion: [PALM] SURFACE_MOTION_ENGINE: 1 SURFACE_PALM_TOUCH: 1
2019-10-24 15:41:36.420 5750-5750/? I/PalmMotion: [PALM] SURFACE_PALM_SWIPE: 1 Mobile Keyboard : 0
2019-10-24 15:41:36.420 5750-5750/? D/PalmMotion: [PALM] SETTINGS : [TOUCH: true] [SWEEP: true]
2019-10-24 15:41:36.420 5750-5750/? D/PalmMotion: [PALM] ACCEPTED : [beyond2lte] PALM_CNT : 1, M_TOUCH : 1000.0, M_SWEEP : 100.0, E_SWEEP : 2.0, IGNORE_M_SWEEP : false
2019-10-24 15:41:36.420 5750-5750/? D/UniversalCredentialManagerService: ****MSG_LOCK_STATUS_UPDATE block started****
2019-10-24 15:41:36.420 5750-5750/? D/UniversalCredentialManagerService: notifyChangeToPlugin is called for Lock status update...
2019-10-24 15:41:36.420 5750-5750/? D/UcmService: notifyChangeToPlugin event 16
2019-10-24 15:41:36.420 5750-5750/? D/UcmService: checkCallerPermissionFor is called for method-notifyChangeToPlugin
2019-10-24 15:41:36.420 5750-5750/? D/UniversalCredentialManagerService: ****MSG_LOCK_STATUS_UPDATE block ended****
2019-10-24 15:41:36.420 5750-6146/? D/GameManagerService:   handleUserPresent(). resume signal is needed for com.sec.android.app.launcher
2019-10-24 15:41:36.420 5750-5750/? D/UniversalCredentialManagerService: ****MSG_LOCK_STATUS_UPDATE block started****
2019-10-24 15:41:36.420 5750-5750/? D/UniversalCredentialManagerService: notifyChangeToPlugin is called for Lock status update...
2019-10-24 15:41:36.420 5750-5750/? D/UcmService: notifyChangeToPlugin event 16
2019-10-24 15:41:36.420 5750-5750/? D/UcmService: checkCallerPermissionFor is called for method-notifyChangeToPlugin
2019-10-24 15:41:36.420 5750-5750/? D/UniversalCredentialManagerService: ****MSG_LOCK_STATUS_UPDATE block ended****
2019-10-24 15:41:36.422 9948-9948/? I/Zygote: unmounting /mnt/runtime/read/9016-4EF8
2019-10-24 15:41:36.422 6203-6203/? D/KeyguardWallpaperController: mShowing=false, mOccluded=false, mFadingAway=false, match_parent=true
2019-10-24 15:41:36.422 6203-6203/? D/WallpaperViewController: mWallpaperView.onPause()
2019-10-24 15:41:36.422 6203-6203/? D/WallpaperViewController: mSemDisplaySolutionManager is called : false
2019-10-24 15:41:36.422 6203-6203/? V/KeyguardDisplayManager: hide
2019-10-24 15:41:36.422 6203-6203/? D/StatusBar: onAnimationEnd
2019-10-24 15:41:36.425 5750-6515/? D/SemContextLocationCoreAttribute: setAttribute() mode : 0 action : 9
2019-10-24 15:41:36.425 5750-6515/? D/SemContextService: lock : changeParameters
2019-10-24 15:41:36.425 5750-6515/? D/SemContext.CaeProvider.LocationCoreImpl: setAttribute() mode : 0 action : 9
2019-10-24 15:41:36.425 5750-6515/? W/CAE: setCAProperty(ContextAwareService.java:589) - [setProperty 01] Mutex is locked for SLOCATION_RUNNER
2019-10-24 15:41:36.426 5750-6515/? I/CAE: setPropertyValue(SLocationRunner.java:325) - Start AR
2019-10-24 15:41:36.426 5750-8070/? V/WindowManager: Relayout Window{1fc31bd u0 StatusBar}: viewVisibility=0 req=1080x2280 {(0,0)(fillxfill) gr=TOP CENTER_VERTICAL sim={adjust=resize} layoutInDisplayCutoutMode=always ty=STATUS_BAR fmt=TRANSLUCENT
      fl=81840048 naviIconColor=0
      sfl=40000}
2019-10-24 15:41:36.426 5750-6515/? I/CAE: sendCmdToSensorHub(SensorHubCommManager.java:158) - -63, 23, 55, 6, 0, 0, 0, 100, 5,
2019-10-24 15:41:36.426 5750-5885/? D/SensorService: setSContextDataLocked ints length 4 , byte length 9
2019-10-24 15:41:36.426 5750-5885/? D/SensorService: setSContextDataLocked 63717c1
2019-10-24 15:41:36.427 5750-8070/? I/WindowManager: commitFinishDrawingLocked: mDrawState=READY_TO_SHOW Surface(name=NavigationBar[6203])/@0x15098bc
2019-10-24 15:41:36.427 5243-5243/? D/Sensors: poll_inject_sensor_data
2019-10-24 15:41:36.427 5243-5243/? D/Sensors: c1 17 37 06 00 00 00 64 05  
2019-10-24 15:41:36.427 5243-5243/? E/Sensors: inject_scontext_data: New ssp_data_injection_fd(30)
2019-10-24 15:41:36.427 5750-8070/? V/WindowManager: Changing focus from Window{1fc31bd u0 StatusBar} to Window{a7d107b u0 com.sec.android.app.launcher/com.sec.android.app.launcher.activities.LauncherActivity} Callers=com.android.server.wm.WindowManagerService.relayoutWindow:2522 com.android.server.wm.Session.relayoutForTranslate:302 android.view.IWindowSession$Stub.onTransact:518 com.android.server.wm.Session.onTransact:186 
2019-10-24 15:41:36.427 5750-8070/? D/StatusBarManagerService: notifyRequestedSystemKey recent=false home=false
2019-10-24 15:41:36.427 5750-5774/? D/WindowManager: setSystemUiVisibility: vis= 0x8708, fullscreenVis= 0x0, dockedVis= 0x0, win=Window{a7d107b u0 com.sec.android.app.launcher/com.sec.android.app.launcher.activities.LauncherActivity}
2019-10-24 15:41:36.427 5750-8070/? D/InputDispatcher: Focus left window (6203): 1fc31bd 0
2019-10-24 15:41:36.428 5750-8070/? D/InputDispatcher: Focus entered window (4901): a7d107b 0
2019-10-24 15:41:36.428 6203-6203/? D/ViewRootImpl@9416c5d[StatusBar]: Relayout returned: old=[0,0][1080,2280] new=[0,0][1080,2280] result=0x1 surface={valid=true 478749036544} changed=false
2019-10-24 15:41:36.428 5750-5783/? D/WindowManager: reportFocusChangedSerialized, focused=true, inTouchMode=true, win=Window{a7d107b u0 com.sec.android.app.launcher/com.sec.android.app.launcher.activities.LauncherActivity}
2019-10-24 15:41:36.429 6203-6203/? D/KeyguardCutout: getSidePadding 0
2019-10-24 15:41:36.429 5750-5783/? D/WindowManager: reportFocusChangedSerialized, focused=false, inTouchMode=true, win=Window{1fc31bd u0 StatusBar}
2019-10-24 15:41:36.429 6203-6203/? W/View: requestLayout() improperly called by com.android.systemui.simpleindicator.SimpleIndicatorTextView{36b6f96 V.ED..... ......ID 0,-32-1080,107 #7f0a039a app:id/notification_panel_carrier_label} during layout: running second layout pass
2019-10-24 15:41:36.429 6203-6203/? I/ViewRootImpl@9416c5d[StatusBar]: requestLayout is already in process
2019-10-24 15:41:36.429 4901-4901/? D/ViewRootImpl@fa9fba2[LauncherActivity]: MSG_WINDOW_FOCUS_CHANGED 1 1
2019-10-24 15:41:36.429 4901-4901/? D/InputMethodManager: prepareNavigationBarInfo() DecorView@f22f6e[LauncherActivity]
2019-10-24 15:41:36.429 4901-4901/? D/InputMethodManager: getNavigationBarColor() 0
2019-10-24 15:41:36.429 6203-6203/? D/KeyguardCutout: getSidePadding 0
2019-10-24 15:41:36.430 5243-5243/? D/Sensors: SContext Data Injection return 9
2019-10-24 15:41:36.430 5750-6515/? I/CAE: setCAProperty(ContextAwareService.java:594) - result : true
2019-10-24 15:41:36.431 5750-8446/? I/WindowManager: commitFinishDrawingLocked: mDrawState=READY_TO_SHOW Surface(name=NavigationBar[6203])/@0x15098bc
2019-10-24 15:41:36.431 5750-6515/? W/CAE: setCAProperty(ContextAwareService.java:595) - [setProperty 02] Mutex is unlocked for SLOCATION_RUNNER
2019-10-24 15:41:36.431 12341-12341/? I/Utils: isCurrentUser current = 0, ownerId = 0
2019-10-24 15:41:36.431 5750-6515/? D/SemContextService: unlock : changeParameters
2019-10-24 15:41:36.431 5750-6515/? D/SemContextManager:   .changeParameters : listener = com.samsung.android.location.lib.SHardwareManager$ISContextListener@768f8f4, service=SLocation Core
2019-10-24 15:41:36.431 5750-6756/? E/LockSettingsStorage: Cannot read file java.io.FileNotFoundException: /data/system/fmmpassword.key: open failed: ENOENT (No such file or directory)
2019-10-24 15:41:36.431 12341-12341/? I/TrayVisibilityController: getComputedTrayVisible : keyguardState = 1
2019-10-24 15:41:36.431 12341-12341/? I/TrayVisibilityController: updateTrayVisible: State=1 visible=1 mCurrentVisible=1 specificMode=0
2019-10-24 15:41:36.431 12341-12341/? D/TrayStateController: onNotifyUpdateTray: 0 to need to visible? true
2019-10-24 15:41:36.433 4901-4901/? D/InputMethodManager: prepareNavigationBarInfo() DecorView@f22f6e[LauncherActivity]
2019-10-24 15:41:36.433 4901-4901/? D/InputMethodManager: getNavigationBarColor() 0
2019-10-24 15:41:36.433 4901-4901/? V/InputMethodManager: Starting input: tba=com.sec.android.app.launcher ic=null mNaviBarColor 0 mIsGetNaviBarColorSuccess true , NavVisible : true , NavTrans : false
2019-10-24 15:41:36.433 4901-4901/? D/InputMethodManager: startInputInner - Id : 0
2019-10-24 15:41:36.433 4901-4901/? I/InputMethodManager: startInputInner - mService.startInputOrWindowGainedFocus
2019-10-24 15:41:36.433 5750-6756/? D/InputMethodManagerService: startInputOrWindowGainedFocus : windowGainedFocus 
2019-10-24 15:41:36.433 5750-6756/? D/PersonaManagerService: getKeyguardShowState of user: 150
2019-10-24 15:41:36.433 5750-6756/? D/InputMethodManagerService: windowGainedFocus: destinationUserId (getCallingUid) = 0
2019-10-24 15:41:36.433 5750-6756/? D/InputMethodManagerService: windowGainedFocus: currentUserId=0
2019-10-24 15:41:36.433 5750-6756/? D/InputMethodManagerService: windowGainedFocus: mCurrentFocusedUserId=0
2019-10-24 15:41:36.433 5750-6756/? D/PersonaManagerService: getKeyguardShowState of user: 150
2019-10-24 15:41:36.433 5750-6756/? D/InputMethodManagerService: windowGainedFocus : lock - currentUserId = 0 destinationUserId = 0
2019-10-24 15:41:36.433 5750-6756/? D/InputMethodManagerService: windowGainedFocus : mCurrentFocusedUserId - 0 and mSecureKeypadEnabled - false, userSwitched - false
2019-10-24 15:41:36.433 5750-6756/? W/InputMethodManagerService: Window already focused, ignoring focus gain of: com.android.internal.view.IInputMethodClient$Stub$Proxy@5a13bf2 attribute=android.view.inputmethod.EditorInfo@5167243, token = android.os.BinderProxy@d3100a
2019-10-24 15:41:36.433 5750-6756/? D/InputMethodManagerService: checkDisplayOfStartInputAndUpdateKeyboard display Id 0last 0
2019-10-24 15:41:36.433 5750-6756/? D/InputMethodManagerService: setCurrentInputInfo - inputContext : null eidtorInfo : android.view.inputmethod.EditorInfo@5167243 missingMethods : 0
2019-10-24 15:41:36.433 5750-6756/? D/InputTransport: Input channel constructed: fd=678
2019-10-24 15:41:36.433 5750-6756/? D/InputTransport: Input channel destroyed: fd=678
2019-10-24 15:41:36.433 4901-4901/? D/InputTransport: Input channel constructed: fd=105
2019-10-24 15:41:36.433 4901-4901/? D/InputTransport: Input channel destroyed: fd=67
2019-10-24 15:41:36.434 27665-27665/? I/InputMethodWrapper:  call dispatchStartInputWithToken
2019-10-24 15:41:36.434 27665-27665/? I/InputMethodService: dispatchStartInputWithToken
2019-10-24 15:41:36.434 5750-5882/? D/SensorHubManager: onGetSensorHubDataLocked: library(8) = 1, 1, 55, 5, 9, 0, 0, 0
2019-10-24 15:41:36.434 5750-5883/? D/CAE: onGetSensorHubData(SensorHubParserProvider.java:91) - onGetSensorHubData Event [event buffer len :8], AP_WAKEUP
2019-10-24 15:41:36.434 27665-27665/? I/SKBDN_Performance: [IIManager] [PF_CL][onFinishInput] 136269
2019-10-24 15:41:36.434 5750-5883/? I/CAE: parse(SensorHubParserProvider.java:192) - buffer size = 8
2019-10-24 15:41:36.434 27665-27665/? D/InputMethodService: checkDisplayOfStartInputAndUpdateKeyboard display Id 0last 0
2019-10-24 15:41:36.434 5750-5883/? I/CAE: parse(SensorHubParserProvider.java:203) - 1, 1, 55, 5, 9, 0, 0, 0,
2019-10-24 15:41:36.434 27665-27665/? I/SKBDN: SamsungKeypad [IMI] onStartInput - caller pid : 4901, caller uid : 10110
2019-10-24 15:41:36.434 5750-5888/? D/SemContextService: Service.updateContext() : service = SLocation Core
2019-10-24 15:41:36.438 5750-5750/? D/SemContextManager: onSemContextChanged() : event = SLocation Core
2019-10-24 15:41:36.439 5750-5750/? D/SLocation: TYPE_LOCATION_CORE
2019-10-24 15:41:36.440 5750-6515/? D/SemContextLocationCoreAttribute: setAttribute() mode : 0 action : 9
2019-10-24 15:41:36.440 5750-6515/? D/SemContextService: lock : changeParameters
2019-10-24 15:41:36.440 5750-6515/? D/SemContext.CaeProvider.LocationCoreImpl: setAttribute() mode : 0 action : 9
2019-10-24 15:41:36.441 5750-6515/? W/CAE: setCAProperty(ContextAwareService.java:589) - [setProperty 01] Mutex is locked for SLOCATION_RUNNER
2019-10-24 15:41:36.441 5750-6515/? I/CAE: setPropertyValue(SLocationRunner.java:325) - Start AR
2019-10-24 15:41:36.441 5750-6515/? I/CAE: sendCmdToSensorHub(SensorHubCommManager.java:158) - -63, 23, 55, 6, 0, 0, 0, 100, 5,
2019-10-24 15:41:36.442 5750-5885/? D/SensorService: setSContextDataLocked ints length 4 , byte length 9
2019-10-24 15:41:36.442 5750-5885/? D/SensorService: setSContextDataLocked 63717c1
2019-10-24 15:41:36.442 5243-5243/? D/Sensors: poll_inject_sensor_data
2019-10-24 15:41:36.442 5243-5243/? D/Sensors: c1 17 37 06 00 00 00 64 05  
2019-10-24 15:41:36.442 5243-5243/? E/Sensors: inject_scontext_data: New ssp_data_injection_fd(30)
2019-10-24 15:41:36.442 5243-5243/? D/Sensors: SContext Data Injection return 9
2019-10-24 15:41:36.443 6203-6203/? D/StatusBar: M.E.I:true, false
2019-10-24 15:41:36.443 5750-6515/? I/CAE: setCAProperty(ContextAwareService.java:594) - result : true
2019-10-24 15:41:36.443 6203-6203/? D/MultiSIMPreferredSlotBar: onQsClosed
2019-10-24 15:41:36.443 5750-6515/? W/CAE: setCAProperty(ContextAwareService.java:595) - [setProperty 02] Mutex is unlocked for SLOCATION_RUNNER
2019-10-24 15:41:36.443 5750-6515/? D/SemContextService: unlock : changeParameters
2019-10-24 15:41:36.443 6203-6203/? D/KeyguardServiceBoxContainer: setAlpha 1.0
2019-10-24 15:41:36.443 5750-6515/? D/SemContextManager:   .changeParameters : listener = com.samsung.android.location.lib.SHardwareManager$ISContextListener@768f8f4, service=SLocation Core
2019-10-24 15:41:36.444 5750-6515/? D/ConnectivityService: filterNetworkStateForUid() uid: 1000, pid: 5750
2019-10-24 15:41:36.444 5750-6515/? D/ConnectivityService: filterNetworkStateForUid() uid: 1000, pid: 5750, networkInfo: [type: WIFI[], state: CONNECTED/CONNECTED, reason: (unspecified), extra: (none), failover: false, available: true, roaming: false]
2019-10-24 15:41:36.444 6203-6203/? D/KeyguardCutout: getSidePadding 0
2019-10-24 15:41:36.444 5750-6515/? D/ConnectivityService: filterNetworkStateForUid() uid: 1000, pid: 5750
2019-10-24 15:41:36.444 5750-6515/? D/ConnectivityService: filterNetworkStateForUid() uid: 1000, pid: 5750, networkInfo: [type: WIFI[], state: CONNECTED/CONNECTED, reason: (unspecified), extra: (none), failover: false, available: true, roaming: false]
2019-10-24 15:41:36.444 6203-6203/? I/PanelView: n.B.P.E.C:false, false, false, false, false, false
2019-10-24 15:41:36.444 5750-6515/? D/SLocation: last location time exceed threshold 616420 / 30000
2019-10-24 15:41:36.444 5750-6515/? D/ConnectivityService: filterNetworkStateForUid() uid: 1000, pid: 5750
2019-10-24 15:41:36.444 5750-6515/? D/ConnectivityService: filterNetworkStateForUid() uid: 1000, pid: 5750, networkInfo: [type: WIFI[], state: CONNECTED/CONNECTED, reason: (unspecified), extra: (none), failover: false, available: true, roaming: false]
2019-10-24 15:41:36.444 6203-6203/? D/MultiSIMPreferredSlotBar: onQsClosed
2019-10-24 15:41:36.446 5750-5882/? D/SensorHubManager: onGetSensorHubDataLocked: library(16) = 1, 1, 55, 6, 0, 1, 5, 5, 0, 0, 0, 100, 4, 2, -45, 48
2019-10-24 15:41:36.446 5750-5883/? D/CAE: onGetSensorHubData(SensorHubParserProvider.java:91) - onGetSensorHubData Event [event buffer len :16], AP_WAKEUP
2019-10-24 15:41:36.446 5750-5883/? I/CAE: parse(SensorHubParserProvider.java:192) - buffer size = 16
2019-10-24 15:41:36.446 5750-5883/? I/CAE: parse(SensorHubParserProvider.java:203) - 1, 1, 55, 6, 0, 1, 5, 5, 0, 0, 0, 100, 4, 2, -45, 48,
2019-10-24 15:41:36.447 5750-5888/? D/SemContextService: Service.updateContext() : service = SLocation Core
2019-10-24 15:41:36.447 6203-6203/? D/StatusBar: disable<e i a s b h r c s k > disable2<q i n g o >
2019-10-24 15:41:36.447 5750-6515/? D/LocationManagerService: request 149a8ec network Request[POWER_LOW network requested=0 fastest=0 num=1 lowPowerMode=false] from android(1000 foreground [whitelisted])
2019-10-24 15:41:36.448 6203-6203/? D/KeyguardUpdateMonitor: handleDlsViewMode(), mode=0
2019-10-24 15:41:36.448 6203-6203/? D/KeyguardWallpaperController: handleDlsViewMode() mode:0
2019-10-24 15:41:36.449 6203-6203/? D/Navbar.StatusBarNavBarFeature: onWindowFocusChanged() gainFocus=false, mScreenTurnedOff=false, mState=0, isServiceBoxFullPage=false, isBouncerShowing()=false
2019-10-24 15:41:36.449 6203-6203/? D/DymLock|BaseLockContainer: onWindowFocusChanged false
2019-10-24 15:41:36.450 5750-6515/? D/LocationManagerService: provider request: network ProviderRequest[ON interval=0 lowPowerMode=false]
2019-10-24 15:41:36.451 6499-6549/? D/RequestManager_FLP: request from system, change packageName from system to system(slocation)
2019-10-24 15:41:36.451 6499-6549/? E/RequestManager_FLP: [LocationManagerService] Location request 149a8ec(PendingIntent) network interval=0 from system(slocation) (1000 foreground)
2019-10-24 15:41:36.453 5750-6515/? D/SLocation: NLP is requested
2019-10-24 15:41:36.453 5750-6515/? D/ConnectivityService: filterNetworkStateForUid() uid: 1000, pid: 5750
2019-10-24 15:41:36.454 5750-6756/? V/WindowManager: Relayout Window{1fc31bd u0 StatusBar}: viewVisibility=0 req=1080x107 {(0,0)(fillx107) gr=TOP CENTER_VERTICAL sim={adjust=resize} layoutInDisplayCutoutMode=always ty=STATUS_BAR fmt=TRANSLUCENT
      fl=81840048 naviIconColor=0
      sfl=40000}
2019-10-24 15:41:36.454 5750-6515/? D/ConnectivityService: filterNetworkStateForUid() uid: 1000, pid: 5750, networkInfo: [type: WIFI[], state: CONNECTED/CONNECTED, reason: (unspecified), extra: (none), failover: false, available: true, roaming: false]
2019-10-24 15:41:36.454 5750-6515/? D/ConnectivityService: filterNetworkStateForUid() uid: 1000, pid: 5750
2019-10-24 15:41:36.454 5750-6515/? D/ConnectivityService: filterNetworkStateForUid() uid: 1000, pid: 5750, networkInfo: [type: WIFI[], state: CONNECTED/CONNECTED, reason: (unspecified), extra: (none), failover: false, available: true, roaming: false]
2019-10-24 15:41:36.454 5750-5882/? D/SensorHubManager: onGetSensorHubDataLocked: library(8) = 1, 1, 55, 5, 9, 0, 0, 0
2019-10-24 15:41:36.455 5750-6756/? I/WindowManager: commitFinishDrawingLocked: mDrawState=READY_TO_SHOW Surface(name=NavigationBar[6203])/@0x15098bc
2019-10-24 15:41:36.455 5750-6756/? V/WindowManager: Resize reasons for w=Window{1fc31bd u0 StatusBar}:  contentInsetsChanged=false [0,0][0,0] visibleInsetsChanged=false [0,0][0,0] stableInsetsChanged=false [0,0][0,0] outsetsChanged=false [0,0][0,0] surfaceResized=false configChanged=false dragResizingChanged=false reportOrientationChanged=false displayCutoutChanged=true nextForceRelayoutToClient=false
2019-10-24 15:41:36.457 5750-5883/? D/CAE: onGetSensorHubData(SensorHubParserProvider.java:91) - onGetSensorHubData Event [event buffer len :8], AP_WAKEUP
2019-10-24 15:41:36.457 5750-5883/? I/CAE: parse(SensorHubParserProvider.java:192) - buffer size = 8
2019-10-24 15:41:36.457 5750-5883/? I/CAE: parse(SensorHubParserProvider.java:203) - 1, 1, 55, 5, 9, 0, 0, 0,
2019-10-24 15:41:36.457 5750-5888/? D/SemContextService: Service.updateContext() : service = SLocation Core
2019-10-24 15:41:36.458 5750-5750/? D/SemContextManager: onSemContextChanged() : event = SLocation Core
2019-10-24 15:41:36.458 5750-5750/? D/SLocation: TYPE_LOCATION_CORE
2019-10-24 15:41:36.458 5750-5750/? D/SemContextManager: onSemContextChanged() : event = SLocation Core
2019-10-24 15:41:36.458 5750-5750/? D/SLocation: TYPE_LOCATION_CORE
2019-10-24 15:41:36.462 9948-9948/? I/Zygote: unmounting /mnt/runtime/default/9016-4EF8
2019-10-24 15:41:36.462 7661-7661/? I/SemBioFaceServiceD: handleAcquired : acquiredInfo=0
2019-10-24 15:41:36.471 5750-8446/? I/WifiService: acquireWifiLock uid=10043 lockMode=2
2019-10-24 15:41:36.472 5750-5948/? I/WifiVendorHal: getWifiLinkLayerStats(l.2972) before calling iface.getLinkLayerStats
2019-10-24 15:41:36.472 5750-6756/? I/WindowManager: commitFinishDrawingLocked: mDrawState=READY_TO_SHOW Surface(name=NavigationBar[6203])/@0x15098bc
2019-10-24 15:41:36.472 5247-5247/? I/android.hardware.wifi@1.0-service: enter getLinkLayerStats
2019-10-24 15:41:36.472 5247-5247/? I/android.hardware.wifi@1.0-service: enter getLinkLayerStatsInternal
2019-10-24 15:41:36.474 6203-6203/? D/ViewRootImpl@9416c5d[StatusBar]: Relayout returned: old=[0,0][1080,2280] new=[0,0][1080,107] result=0x21 surface={valid=true 478749036544} changed=false
2019-10-24 15:41:36.475 6203-6203/? D/KeyguardImageWallpaper: onLayout:  
    changed = [true], 
    left = [0], 
    top = [0], 
    right = [1080], 
    bottom = [107]
2019-10-24 15:41:36.475 6203-6203/? D/KeyguardImageWallpaper: mLastRight : 1080, mLastBottom : 2280
2019-10-24 15:41:36.475 6203-6203/? D/WallpaperUtils: updateStatusBarHeight - dc = DisplayCutout{insets=Rect(0, 107 - 0, 0) boundingRect=Rect(836, 0 - 1080, 107)}
2019-10-24 15:41:36.475 6203-6203/? D/WallpaperUtils: setStatusBarHeight height = 107
2019-10-24 15:41:36.475 6203-6203/? I/WallpaperUtils: statusbar statusBarSize = 107, view height = 107
2019-10-24 15:41:36.475 5750-5936/? I/SamsungAlarmManager: setLocked to kernel - T:2 / 20191024T154159, SetElapsed=1452604712, nowELAPSED=1452581188
2019-10-24 15:41:36.475 6203-6203/? D/KeyguardWallpaperController: onLayoutChange() v: com.android.systemui.statusbar.BackDropView{5a179e2 I.E...... ......ID 0,0-1080,107 #7f0a008a app:id/backdrop}, bottom : 107, oldBottom : 2280
2019-10-24 15:41:36.475 6203-6203/? D/KeyguardWallpaperController: mShowing=false, mOccluded=false, mFadingAway=false, match_parent=true
2019-10-24 15:41:36.475 5750-5936/? I/SamsungAlarmManager: setLocked to kernel - T:3 / 20191024T154151, SetElapsed=1452596010, nowELAPSED=1452581188
2019-10-24 15:41:36.475 5265-6179/? E/BufferQueueProducer: [StatusBar[6203]#0] disconnect: not connected (req=1)
2019-10-24 15:41:36.475 6203-6686/? W/libEGL: EGLNativeWindowType 0x6f77aa9010 disconnect failed
2019-10-24 15:41:36.475 6203-6686/? D/OpenGLRenderer: eglDestroySurface = 0x6f802d9900, 0x6f77aa9000
2019-10-24 15:41:36.476 6203-6203/? I/StackScroller: ADJUST STACK.TRANSLATION
2019-10-24 15:41:36.476 6203-6686/? D/mali_winsys: EGLint new_window_surface(egl_winsys_display *, void *, EGLSurface, EGLConfig, egl_winsys_surface **, EGLBoolean) returns 0x3000
2019-10-24 15:41:36.476 5750-5936/? D/SamsungAlarmManager: setExact Intent (T:2/F:1/AC:false) 20191024T154141 - CU:10043/CP:18425
2019-10-24 15:41:36.476 6203-6686/? D/OpenGLRenderer: eglCreateWindowSurface = 0x6f802d9900, 0x6f77aa9010
2019-10-24 15:41:36.476 5750-5936/? I/SamsungAlarmManager: setLocked to kernel - T:2 / 20191024T154141, SetElapsed=1452586184, nowELAPSED=1452581189
2019-10-24 15:41:36.477 6203-6203/? D/KeyguardCutout: getSidePadding 0
2019-10-24 15:41:36.477 18425-18758/? D/TelephonyManager: getAllCellInfo : Caller (PID / UID / TID): 18425 / 10043 / 18758
2019-10-24 15:41:36.477 6203-6203/? I/StackScroller: ADJUST STACK.TRANSLATION
2019-10-24 15:41:36.477 6203-6203/? I/StackScroller: ADJUST STACK.TRANSLATION
2019-10-24 15:41:36.479 6203-6203/? D/ViewRootImpl@9416c5d[StatusBar]: MSG_WINDOW_FOCUS_CHANGED 0 0
2019-10-24 15:41:36.479 5750-6756/? D/SamsungPhoneWindowManager: adjustSystemUiVisibilityLw: vis=0x8708
2019-10-24 15:41:36.479 6203-6203/? D/LightBarController: onNavigationVisibilityChanged : vis = 8708, nbModeChanged = false navigationBarMode = 4
2019-10-24 15:41:36.479 5750-6756/? D/InputManager-JNI: setSystemUiVisibility dexmode: false changed: true displayid: 0 visibility: 0x8708 DD: 0x8708 OD: 0x0
2019-10-24 15:41:36.480 5247-5247/? I/android.hardware.wifi@1.0-service: Successfully getLinkLayerStats.
2019-10-24 15:41:36.480 5750-5948/? I/WifiVendorHal: getWifiLinkLayerStats(l.2972) after calling iface.getLinkLayerStats
2019-10-24 15:41:36.482 6203-6203/? I/StackScroller: ADJUST STACK.TRANSLATION
2019-10-24 15:41:36.483 6203-6203/? D/KeyguardCutout: getSidePadding 0
2019-10-24 15:41:36.483 6203-6203/? I/StackScroller: ADJUST STACK.TRANSLATION
2019-10-24 15:41:36.483 6203-6203/? I/StackScroller: ADJUST STACK.TRANSLATION
2019-10-24 15:41:36.485 6203-6203/? D/ViewRootImpl@9416c5d[StatusBar]: MSG_RESIZED: frame=Rect(0, 0 - 1080, 107) ci=Rect(0, 0 - 0, 0) vi=Rect(0, 0 - 0, 0) or=1
2019-10-24 15:41:36.486 9948-9948/? I/Zygote: unmounting /mnt/media_rw/9016-4EF8
2019-10-24 15:41:36.489 6203-6203/? I/StackScroller: ADJUST STACK.TRANSLATION
2019-10-24 15:41:36.490 6203-6203/? D/KeyguardCutout: getSidePadding 0
2019-10-24 15:41:36.490 6203-6203/? I/StackScroller: ADJUST STACK.TRANSLATION
2019-10-24 15:41:36.490 6203-6203/? I/chatty: uid=10010(com.samsung.android.app.aodservice) com.android.systemui identical 1 line
2019-10-24 15:41:36.506 6203-6203/? I/StackScroller: ADJUST STACK.TRANSLATION
2019-10-24 15:41:36.506 6203-6203/? D/KeyguardCutout: getSidePadding 0
2019-10-24 15:41:36.507 6203-6203/? I/StackScroller: ADJUST STACK.TRANSLATION
2019-10-24 15:41:36.507 6203-6203/? I/StackScroller: ADJUST STACK.TRANSLATION
2019-10-24 15:41:36.511 9948-9948/? E/Zygote: accessInfo : 2
2019-10-24 15:41:36.511 9948-9948/? E/Zygote: setSDPgroupsIntarray[pid]: 0 / [gid]: 15010043 / [uid]: 15010043
2019-10-24 15:41:36.516 9948-9948/? E/gle.android.gm: Not starting debugger since process cannot load the jdwp agent.
2019-10-24 15:41:36.523 6203-6203/? I/StackScroller: ADJUST STACK.TRANSLATION
2019-10-24 15:41:36.524 6203-6203/? D/KeyguardCutout: getSidePadding 0
2019-10-24 15:41:36.524 6203-6203/? I/StackScroller: ADJUST STACK.TRANSLATION
2019-10-24 15:41:36.524 6203-6203/? I/chatty: uid=10010(com.samsung.android.app.aodservice) com.android.systemui identical 1 line
2019-10-24 15:41:36.526 5750-8051/? I/ActivityManager: DSS on for com.google.android.gms and scale is 1.0
2019-10-24 15:41:36.538 6203-6203/? I/StackScroller: ADJUST STACK.TRANSLATION
2019-10-24 15:41:36.539 6203-6203/? D/KeyguardCutout: getSidePadding 0
2019-10-24 15:41:36.539 6203-6203/? I/StackScroller: ADJUST STACK.TRANSLATION
2019-10-24 15:41:36.539 6203-6203/? I/StackScroller: ADJUST STACK.TRANSLATION
2019-10-24 15:41:36.557 5750-8051/? V/WindowManager: Relayout Window{a5b2975 u0 NavigationBar}: viewVisibility=0 req=1080x0 {(0,0)(fillxfill) sim={adjust=pan} ty=NAVIGATION_BAR fmt=TRANSLUCENT
      fl=1840068 naviIconColor=0}
2019-10-24 15:41:36.558 5750-8051/? I/WindowManager: commitFinishDrawingLocked: mDrawState=READY_TO_SHOW Surface(name=NavigationBar[6203])/@0x15098bc
2019-10-24 15:41:36.565 9948-9948/? I/gle.android.gm: The ClassLoaderContext is a special shared library.
2019-10-24 15:41:36.565 12341-12341/? I/AppsEdge.Badge: onChange
2019-10-24 15:41:36.565 12341-12341/? I/AppsEdge.Badge: updateBadgeManager
2019-10-24 15:41:36.566 5435-5981/? D/bauth_FPBAuthService: pcf : 0x1012, 2 ,1 ,0 ,0 ,0 ,0, 2.0.10.6
2019-10-24 15:41:36.566 5435-5981/? D/bauth_FPBAuthService: thread id : 1, preenroll_flag : 0, nd cnt : 0, cso : 0, et : 0
2019-10-24 15:41:36.566 5435-5981/? D/bauth_FPBAuthService: FPBAuthService, 10292
2019-10-24 15:41:36.568 9948-9948/? I/gle.android.gm: The ClassLoaderContext is a special shared library.
2019-10-24 15:41:36.569 6305-9861/? D/BadgeProvider: query, [selection] : null
2019-10-24 15:41:36.571 12341-12341/? I/AppsEdge.Badge: key=org.telegram.messenger/org.telegram.ui.LaunchActivity:0 count=2
2019-10-24 15:41:36.571 12341-12341/? I/AppsEdge.Badge: getBadgeIconType 0
2019-10-24 15:41:36.572 9948-9948/? I/gle.android.gm: The ClassLoaderContext is a special shared library.
2019-10-24 15:41:36.581 5750-8051/? I/WindowManager: Cancelling animation restarting=true, leash=null, surface=Surface(name=a5b2975 NavigationBar)/@0x4e2be6f, parent=Surface(name=WindowToken{d0a68ac android.os.BinderProxy@bf4d65f})/@0x36b177c
2019-10-24 15:41:36.581 5750-8051/? I/WindowManager: Reparenting to leash, surface=Surface(name=a5b2975 NavigationBar)/@0x4e2be6f
2019-10-24 15:41:36.587 5265-5265/? I/SurfaceFlinger: id=113951 createSurf (6080x6080),2 flag=4, Surface(name=a5b2975 NavigationBar)/@0x4e2be6f - animation-leash#0
2019-10-24 15:41:36.591 5750-8051/? D/SurfaceControl: reparent is called, sc=Surface(name=a5b2975 NavigationBar)/@0x4e2be6f, newParentHandle=android.os.BinderProxy@9147a05, transaction=android.view.SurfaceControl$Transaction@b61505a
2019-10-24 15:41:36.592 5265-7305/? D/Layer: [a5b2975 NavigationBar#0]::reparent oldParent:[WindowToken{d0a68ac android.os.BinderProxy@bf4d65f}#0], newParent:[Surface(name=a5b2975 NavigationBar)/@0x4e2be6f - animation-leash#0]
2019-10-24 15:41:36.593 6203-6203/? D/ViewRootImpl@60733cc[NavigationBar]: Relayout returned: old=[0,2280][1080,2280] new=[0,2280][1080,2280] result=0x3 surface={valid=true 478657523712} changed=false
2019-10-24 15:41:36.593 5750-8051/? D/WindowManager: finishDrawingWindow: Window{a5b2975 u0 NavigationBar} mDrawState=READY_TO_SHOW
2019-10-24 15:41:36.594 6203-6203/? I/StackScroller: ADJUST STACK.TRANSLATION
2019-10-24 15:41:36.594 6203-6203/? D/KeyguardCutout: getSidePadding 0
2019-10-24 15:41:36.594 6203-6203/? I/StackScroller: ADJUST STACK.TRANSLATION
2019-10-24 15:41:36.594 6203-6203/? I/chatty: uid=10010(com.samsung.android.app.aodservice) com.android.systemui identical 1 line
2019-10-24 15:41:36.596 6203-6203/? I/StackScroller: ADJUST STACK.TRANSLATION
2019-10-24 15:41:36.597 6203-6203/? D/KeyguardCutout: getSidePadding 0
2019-10-24 15:41:36.597 6203-6203/? I/StackScroller: ADJUST STACK.TRANSLATION
2019-10-24 15:41:36.597 6203-6203/? I/StackScroller: ADJUST STACK.TRANSLATION
2019-10-24 15:41:36.605 6203-6203/? D/KeyguardServiceBoxContainer: setVisibility 8
2019-10-24 15:41:36.605 6203-6203/? I/StackScroller: ADJUST STACK.TRANSLATION
2019-10-24 15:41:36.607 6203-6203/? D/KeyguardCutout: getSidePadding 0
2019-10-24 15:41:36.607 6203-6203/? I/StackScroller: ADJUST STACK.TRANSLATION
2019-10-24 15:41:36.607 6203-6203/? I/StackScroller: ADJUST STACK.TRANSLATION
2019-10-24 15:41:36.622 6993-6993/? D/KNOXCORE::LockSecureFolderTask: started: 150
2019-10-24 15:41:36.622 6993-6993/? D/KNOXCORE::LockSecureFolderTask: ResumedActivity userId0[com.sec.android.app.launcher/.activities.LauncherActivity]
2019-10-24 15:41:36.626 6993-6993/? D/KNOXCORE::Util: Knox Setting timeout for user 150 is 0
2019-10-24 15:41:36.626 6203-6203/? I/StackScroller: ADJUST STACK.TRANSLATION
2019-10-24 15:41:36.627 6203-6203/? D/KeyguardCutout: getSidePadding 0
2019-10-24 15:41:36.627 6203-6203/? I/StackScroller: ADJUST STACK.TRANSLATION
2019-10-24 15:41:36.627 6203-6203/? I/StackScroller: ADJUST STACK.TRANSLATION
2019-10-24 15:41:36.629 6203-6203/? D/KeyguardFingerPrint: shouldListenForFingerprint ( isFingerprintEnabled = false , mKeyguardIsVisible = false , mDeviceInteractive = true , mBouncer = false , mGoingToSleep = false , mSwitchingUser = false , mKeyguardUnlocking = false , mKeyguardGoingAway = false , mKeyguardShowing = false , mKeyguardOccluded = false
2019-10-24 15:41:36.629 6203-6203/? E/KeyguardFingerPrint: updateFingerprintListeningState#mFingerprintRunningState=0 shouldListenForFingerprint=false
2019-10-24 15:41:36.629 6203-6203/? D/KeyguardFingerPrint: stopListeningForFingerprint()
2019-10-24 15:41:36.640 6203-6203/? I/StackScroller: ADJUST STACK.TRANSLATION
2019-10-24 15:41:36.642 6203-6203/? D/KeyguardCutout: getSidePadding 0
2019-10-24 15:41:36.642 6203-6203/? I/StackScroller: ADJUST STACK.TRANSLATION
2019-10-24 15:41:36.642 6203-6203/? I/chatty: uid=10010(com.samsung.android.app.aodservice) com.android.systemui identical 1 line
2019-10-24 15:41:36.658 6203-6203/? I/StackScroller: ADJUST STACK.TRANSLATION
2019-10-24 15:41:36.659 6203-6203/? D/KeyguardCutout: getSidePadding 0
2019-10-24 15:41:36.659 6203-6203/? I/StackScroller: ADJUST STACK.TRANSLATION
2019-10-24 15:41:36.660 6203-6203/? I/StackScroller: ADJUST STACK.TRANSLATION
2019-10-24 15:41:36.664 5750-8051/? D/StorageManagerService: getExternalStorageMountMode : 3
2019-10-24 15:41:36.664 5750-8051/? D/StorageManagerService: getExternalStorageMountMode : 3
2019-10-24 15:41:36.664 5750-8051/? D/StorageManagerService: getExternalStorageMountMode : final mountMode=3, uid : 15010043, packageName : com.google.android.gsf
2019-10-24 15:41:36.664 5750-8051/? I/ApplicationPolicy: isApplicationExternalStorageWhitelisted:com.google.android.gsf user:150
2019-10-24 15:41:36.665 5750-8051/? D/ApplicationPolicy: isApplicationExternalStorageWhitelisted: External storage is disabled for the user. Return false
2019-10-24 15:41:36.665 5750-8051/? I/ApplicationPolicy: isApplicationExternalStorageBlacklisted:com.google.android.gsf user:150
2019-10-24 15:41:36.665 5750-5922/? D/InputReader: Input event(4): value=0 when=753169.491293
2019-10-24 15:41:36.665 5750-5922/? D/InputReader: Input event(4): value=0 when=753169.491293
2019-10-24 15:41:36.665 5750-5922/? I/InputReader: Touch event's action is 0x1 (deviceType=0) [pCnt=1, s=] when=753169.491293
2019-10-24 15:41:36.666 5750-8051/? D/ApplicationPolicy: isApplicationExternalStorageBlacklisted: External storage is disabled for the user. Return true
2019-10-24 15:41:36.666 5750-5921/? I/InputDispatcher: Delivering touch to (6203): action: 0x1, displayId: 0, '1fc31bd', toolType: 1
2019-10-24 15:41:36.666 5750-8051/? D/ActivityManager: package  com.google.android.gsf, user - 150 is SDcard blacklisted
2019-10-24 15:41:36.666 5750-8051/? I/ApplicationPolicy: isApplicationExternalStorageBlacklisted:com.google.android.gsf user:150
2019-10-24 15:41:36.666 5750-8051/? D/ApplicationPolicy: isApplicationExternalStorageBlacklisted: External storage is disabled for the user. Return true
2019-10-24 15:41:36.666 5750-8051/? D/ActivityManager: package  com.google.android.gsf, user - 150 is SDcard blacklisted
2019-10-24 15:41:36.666 6203-6203/? D/ViewRootImpl@9416c5d[StatusBar]: ViewPostIme pointer 1
2019-10-24 15:41:36.666 5750-8051/? W/ActivityManager: wait for provider publish: waiters=1 callerApp=ProcessRecord{8b1968d0 9948:com.google.android.gms/u150a43} cpr=ContentProviderRecord{b67b181 u150 com.google.android.gsf/.gservices.GservicesProvider}
2019-10-24 15:41:36.671 5750-5844/? I/WindowManager: reset, Reparenting to original parent, shouldDeferScheduleAnimation=false, destroyLeash=true, surface=Surface(name=AppWindowToken{ed71a87 token=Token{a3e0ac6 ActivityRecord{7eba8a1 u0 com.sec.android.app.launcher/.activities.LauncherActivity t750}}})/@0xc497329, parent=Surface(name=Task=750)/@0xe5a90e0, parentNativeHandle=android.os.BinderProxy@7cd7e67, caller=com.android.server.wm.SurfaceAnimator.lambda$getFinishedCallback$0:94 com.android.server.wm.-$$Lambda$SurfaceAnimator$SIBia0mND666K8lMCPsoid8pUTI.run:4 com.android.server.wm.SurfaceAnimator.lambda$getFinishedCallback$1:101 com.android.server.wm.-$$Lambda$SurfaceAnimator$vdRZk66hQVbQCvVXEaQCT1kVmFc.onAnimationFinished:4 com.android.server.wm.LocalAnimationAdapter.lambda$startAnimation$0:74 
2019-10-24 15:41:36.671 5750-5844/? D/SurfaceControl: reparent is called, sc=Surface(name=AppWindowToken{ed71a87 token=Token{a3e0ac6 ActivityRecord{7eba8a1 u0 com.sec.android.app.launcher/.activities.LauncherActivity t750}}})/@0xc497329, newParentHandle=android.os.BinderProxy@7cd7e67, transaction=android.view.SurfaceControl$Transaction@fe8425e
2019-10-24 15:41:36.672 5750-5844/? D/SurfaceControl: destroy(transaction), animation-leash is destroyed, sc=Surface(name=Surface(name=AppWindowToken{ed71a87 token=Token{a3e0ac6 ActivityRecord{7eba8a1 u0 com.sec.android.app.launcher/.activities.LauncherActivity t750}}})/@0xc497329 - animation-leash)/@0xdf1e4c7, transaction=android.view.SurfaceControl$Transaction@fe8425e, caller=com.android.server.wm.SurfaceAnimator.reset:335 com.android.server.wm.SurfaceAnimator.lambda$getFinishedCallback$0:94 com.android.server.wm.-$$Lambda$SurfaceAnimator$SIBia0mND666K8lMCPsoid8pUTI.run:4 com.android.server.wm.SurfaceAnimator.lambda$getFinishedCallback$1:101 com.android.server.wm.-$$Lambda$SurfaceAnimator$vdRZk66hQVbQCvVXEaQCT1kVmFc.onAnimationFinished:4 com.android.server.wm.LocalAnimationAdapter.lambda$startAnimation$0:74 com.android.server.wm.-$$Lambda$LocalAnimationAdapter$X--EomqUvw4qy89IeeTFTH7aCMo.run:4 
2019-10-24 15:41:36.672 6203-6203/? I/StackScroller: ADJUST STACK.TRANSLATION
2019-10-24 15:41:36.672 5750-5844/? I/WindowManager: commitFinishDrawingLocked: mDrawState=READY_TO_SHOW Surface(name=NavigationBar[6203])/@0x15098bc
2019-10-24 15:41:36.673 5750-5844/? D/WindowManager: prepareSurfaces, request to clear saved leash, surface=Surface(name=AppWindowToken{ed71a87 token=Token{a3e0ac6 ActivityRecord{7eba8a1 u0 com.sec.android.app.launcher/.activities.LauncherActivity t750}}})/@0xc497329
2019-10-24 15:41:36.673 5435-8936/? I/qfp-vendorlib:  read fd sensor 2
2019-10-24 15:41:36.673 5435-8936/? I/qfp-vendorlib:  Finger up 
2019-10-24 15:41:36.673 5435-8936/? D/bauth_FPQCBAuthSensorControl: FPQCBAuthSensorControl, 256
2019-10-24 15:41:36.673 5435-8936/? D/bauth_FPBAuthService: 0 0
2019-10-24 15:41:36.673 5435-8936/? D/bauth_FPQCBAuthSensorControl: FPQCBAuthSensorControl, 198
2019-10-24 15:41:36.673 5435-8936/? I/qfp-vendorlib: QFPControl_DeviceSpiCtrl 1
2019-10-24 15:41:36.673 5435-8936/? D/bauth_FPQCBAuthSensorControl: scc 1
2019-10-24 15:41:36.673 5435-8936/? D/bauth_FPQCBAuthSensorControl: FPQCBAuthSensorControl, 227
2019-10-24 15:41:36.673 5435-8936/? I/qfp-vendorlib: QFPControl_DeviceEnableInt 0
2019-10-24 15:41:36.673 5265-6179/? D/Layer: [AppWindowToken{ed71a87 token=Token{a3e0ac6 ActivityRecord{7eba8a1 u0 com.sec.android.app.launcher/.activities.LauncherActivity t750}}}#0]::reparent oldParent:[Surface(name=AppWindowToken{ed71a87 token=Token{a3e0ac6 ActivityRecord{7eba8a1 u0 com.sec.android.app.launcher/.activities.LauncherActivity t750}}})/@0xc497329 - animation-leash#0], newParent:[Task=750#0]
2019-10-24 15:41:36.673 5435-8936/? D/bauth_FPBAuthService: FPBAuthService, 2593
2019-10-24 15:41:36.673 5435-8936/? D/bauth_FPBAuthService: FPBAuthService, 2604
2019-10-24 15:41:36.673 5265-6179/? I/SurfaceFlinger: id=113949 Removed Surface(name=AppWindowToken{ed71a87 token=Token{a3e0ac6 ActivityRecord{7eba8a1 u0 com.sec.android.app.launcher/.activities.LauncherActivity t750}}})/@0xc497329 - animation-leash#0 (0/62)
2019-10-24 15:41:36.673 5435-8936/? I/TLC_BAUTH: Call FP cmd 0x7
2019-10-24 15:41:36.673 5750-5844/? D/WindowManager: clearSavedLeashOnCommit, savedLeash=Surface(name=Surface(name=AppWindowToken{ed71a87 token=Token{a3e0ac6 ActivityRecord{7eba8a1 u0 com.sec.android.app.launcher/.activities.LauncherActivity t750}}})/@0xc497329 - animation-leash)/@0xdf1e4c7, caller=com.android.server.wm.WindowContainer.clearSavedLeashOnCommit:1164 com.android.server.wm.WindowContainer.clearSavedLeashOnCommit:1168 com.android.server.wm.WindowContainer.clearSavedLeashOnCommit:1168 com.android.server.wm.WindowContainer.clearSavedLeashOnCommit:1168 com.android.server.wm.WindowContainer.clearSavedLeashOnCommit:1168 com.android.server.wm.RootWindowContainer.performSurfacePlacement:788 
2019-10-24 15:41:36.674 5750-5750/? D/FreeformController: Fail to invalid task id :  -1
2019-10-24 15:41:36.674 6203-6203/? D/KeyguardCutout: getSidePadding 0
2019-10-24 15:41:36.675 5750-5844/? I/WindowManager: commitFinishDrawingLocked: mDrawState=READY_TO_SHOW Surface(name=NavigationBar[6203])/@0x15098bc
2019-10-24 15:41:36.675 6203-6203/? I/StackScroller: ADJUST STACK.TRANSLATION
2019-10-24 15:41:36.675 6203-6203/? I/StackScroller: ADJUST STACK.TRANSLATION
2019-10-24 15:41:36.681 5750-5775/? I/ActivityManager: Start proc 9966:com.google.process.gservices/u150a43 for content provider com.google.android.gsf/.gservices.GservicesProvider
2019-10-24 15:41:36.681 9966-9966/? I/Zygote: Unshare entire /
2019-10-24 15:41:36.681 9966-9966/? I/libpersona: umount_sub_dirs: unmounting [/mnt/secure/asec]
2019-10-24 15:41:36.688 5265-5265/? I/Layer: id=113949 onRemoved Surface(name=AppWindowToken{ed71a87 token=Token{a3e0ac6 ActivityRecord{7eba8a1 u0 com.sec.android.app.launcher/.activities.LauncherActivity t750}}})/@0xc497329 - animation-leash#0 
2019-10-24 15:41:36.689 6203-6203/? I/StackScroller: ADJUST STACK.TRANSLATION
2019-10-24 15:41:36.691 5750-5844/? I/WindowManager: commitFinishDrawingLocked: mDrawState=READY_TO_SHOW Surface(name=NavigationBar[6203])/@0x15098bc
2019-10-24 15:41:36.692 6203-6203/? D/KeyguardCutout: getSidePadding 0
2019-10-24 15:41:36.692 6203-6203/? I/StackScroller: ADJUST STACK.TRANSLATION
2019-10-24 15:41:36.692 6203-6203/? I/chatty: uid=10010(com.samsung.android.app.aodservice) com.android.systemui identical 1 line
2019-10-24 15:41:36.693 5750-5844/? I/WindowManager: commitFinishDrawingLocked: mDrawState=READY_TO_SHOW Surface(name=NavigationBar[6203])/@0x15098bc
